Archive member included because of file (symbol)

/Applications/CrossWorks for ARM 2.3/lib/libm_v7m_t_le_eabi.a(libm_asm.o)
                              THUMB Release/pygmy_string.o (__aeabi_i2d)
/Applications/CrossWorks for ARM 2.3/lib/libm_v7m_t_le_eabi.a(libm2.o)
                              THUMB Release/pygmy_string.o (modf)
/Applications/CrossWorks for ARM 2.3/lib/libm_v7m_t_le_eabi.a(libm2_asm.o)
                              THUMB Release/pygmy_string.o (fabs)
/Applications/CrossWorks for ARM 2.3/lib/libc_v7m_t_le_eabi.a(libc_asm.o)
                              THUMB Release/pygmy_pfat.o (__aeabi_uldivmod)
/Applications/CrossWorks for ARM 2.3/lib/libc_v7m_t_le_eabi.a(libc2.o)
                              THUMB Release/main.o (malloc)
/Applications/CrossWorks for ARM 2.3/lib/libc_v7m_t_le_eabi.a(libc2_asm.o)
                              THUMB Release/pygmy_pfat.o (memcpy)
/Applications/CrossWorks for ARM 2.3/lib/libc_v7m_t_le_eabi.a(__vfprintf_int.o)
                              (__vfprintf_int)
/Applications/CrossWorks for ARM 2.3/lib/libc_v7m_t_le_eabi.a(__vfscanf_int.o)
                              (__vfscanf_int)
/Applications/CrossWorks for ARM 2.3/lib/libdebugio_v7m_t_le_eabi.a(libdebugio.o)
                              (__do_debug_operation_mempoll)
/Applications/CrossWorks for ARM 2.3/lib/libc_user_libc_v7m_t_le_eabi.a(user_libc.o)
                              /Applications/CrossWorks for ARM 2.3/lib/libm_v7m_t_le_eabi.a(libm2.o) (__errno)

Discarded input sections

 .text          0x00000000        0x0 THUMB Release/main.o
 .data          0x00000000        0x0 THUMB Release/main.o
 .bss           0x00000000        0x0 THUMB Release/main.o
 .text.bootTest
                0x00000000       0x94 THUMB Release/main.o
 .text.bootBootOS
                0x00000000       0x60 THUMB Release/main.o
 .text.bootTimeout
                0x00000000        0x4 THUMB Release/main.o
 .text.cmd_ff   0x00000000        0x2 THUMB Release/main.o
 .text.bootGetUSART1
                0x00000000       0xc0 THUMB Release/main.o
 .text.bootGetUSART2
                0x00000000       0xd0 THUMB Release/main.o
 .bss.ucIndex.6137
                0x00000000        0x1 THUMB Release/main.o
 .rodata.BOOT_OK
                0x00000000        0x5 THUMB Release/main.o
 .bss.globalXMTimeout
                0x00000000        0x4 THUMB Release/main.o
 .bss.globalBootTimeout
                0x00000000        0x4 THUMB Release/main.o
 .rodata.BOOT_filename
                0x00000000        0x9 THUMB Release/main.o
 .rodata.BOOT_ERROR
                0x00000000        0x9 THUMB Release/main.o
 .bss.globalXMCount
                0x00000000        0x4 THUMB Release/main.o
 .bss.COM2Index.6130
                0x00000000        0x1 THUMB Release/main.o
 .rodata.BOOT_PROMPT
                0x00000000        0x4 THUMB Release/main.o
 .bss.globalTransaction
                0x00000000        0x4 THUMB Release/main.o
 .bss.globalFileLen
                0x00000000        0x4 THUMB Release/main.o
 .bss.COM2Buffer.6129
                0x00000000      0x100 THUMB Release/main.o
 .bss.ucBuffer.6136
                0x00000000      0x100 THUMB Release/main.o
 .text          0x00000000        0x0 THUMB Release/pygmy_com.o
 .data          0x00000000        0x0 THUMB Release/pygmy_com.o
 .bss           0x00000000        0x0 THUMB Release/pygmy_com.o
 .text.streamPutChar.part.1
                0x00000000       0x3c THUMB Release/pygmy_com.o
 .text.comOpen  0x00000000      0x160 THUMB Release/pygmy_com.o
 .text.comDisable
                0x00000000       0x40 THUMB Release/pygmy_com.o
 .text.comEnable
                0x00000000       0x4c THUMB Release/pygmy_com.o
 .text.comGenerateBaud
                0x00000000       0x34 THUMB Release/pygmy_com.o
 .text.comConfig
                0x00000000      0x1e8 THUMB Release/pygmy_com.o
 .text.parallelConfig
                0x00000000      0x100 THUMB Release/pygmy_com.o
 .text.parallelWrite
                0x00000000       0x3a THUMB Release/pygmy_com.o
 .text.parallelRead
                0x00000000       0x12 THUMB Release/pygmy_com.o
 .text.spiWriteLong
                0x00000000       0x2c THUMB Release/pygmy_com.o
 .text.spiGetBuffer
                0x00000000       0x3c THUMB Release/pygmy_com.o
 .text.spiGetLong
                0x00000000       0x4e THUMB Release/pygmy_com.o
 .text.spiGetWord
                0x00000000       0x3a THUMB Release/pygmy_com.o
 .text.spiPutBuffer
                0x00000000       0x3c THUMB Release/pygmy_com.o
 .text.spiPutLong
                0x00000000       0x4c THUMB Release/pygmy_com.o
 .text.spiPutWord
                0x00000000       0x38 THUMB Release/pygmy_com.o
 .text.spiReadBuffer
                0x00000000       0x2a THUMB Release/pygmy_com.o
 .text.spiWriteBuffer
                0x00000000       0x2a THUMB Release/pygmy_com.o
 .text.i2cInit  0x00000000        0x2 THUMB Release/pygmy_com.o
 .text.i2cSetAddress
[...]
Memory Configuration

Name             Origin             Length             Attributes
UNPLACED_SECTIONS 0xffffffff         0x00000000         xw
FLASH_BANK2      0x08080000         0x00080000         xr
FLASH_BANK1      0x08000000         0x00080000         xr
FLASH            0x08000000         0x00100000         xr
SYSTEM           0x1fffe000         0x00001800         xw
OPTION           0x1ffff800         0x00000010         xw
RAM              0x20000000         0x00018000         xw
APB1             0x40000000         0x00010000         xw
APB2             0x40010000         0x00008000         xw
SDIO             0x40018000         0x00000400         xw
AHB              0x40020000         0x00003400         xw
FSMC             0xa0000000         0x00001000         xw
PCCARD           0x90000000         0x00000000         xw
NAND2            0x80000000         0x00000000         xw
NAND1            0x70000000         0x00000000         xw
NOR_PSRAM4       0x6c000000         0x00000000         xw
NOR_PSRAM3       0x68000000         0x00000000         xw
NOR_PSRAM2       0x64000000         0x00000000         xw
NOR_PSRAM1       0x60000000         0x00000000         xw
PPB              0xe0000000         0x00100000         xw
CM3_System_Control_Space 0xe000e000         0x00001000         xw
*default*        0x00000000         0xffffffff

Linker script and memory map

                0x08007d38                __do_debug_operation = __do_debug_operation_mempoll
                0x08006fc4                __vfprintf = __vfprintf_int
                0x08007834                __vfscanf = __vfscanf_int
                0x08080000                __FLASH_BANK2_segment_start__ = 0x8080000
                0x08100000                __FLASH_BANK2_segment_end__ = 0x8100000
                0x08000000                __FLASH_BANK1_segment_start__ = 0x8000000
                0x08080000                __FLASH_BANK1_segment_end__ = 0x8080000
                0x08000000                __FLASH_segment_start__ = 0x8000000
                0x08100000                __FLASH_segment_end__ = 0x8100000
                0x1fffe000                __SYSTEM_segment_start__ = 0x1fffe000
                0x1ffff800                __SYSTEM_segment_end__ = 0x1ffff800
                0x1ffff800                __OPTION_segment_start__ = 0x1ffff800
                0x1ffff810                __OPTION_segment_end__ = 0x1ffff810
                0x20000000                __RAM_segment_start__ = 0x20000000
                0x20018000                __RAM_segment_end__ = 0x20018000
                0x40000000                __APB1_segment_start__ = 0x40000000
                0x40010000                __APB1_segment_end__ = 0x40010000
                0x40010000                __APB2_segment_start__ = 0x40010000
                0x40018000                __APB2_segment_end__ = 0x40018000
                0x40018000                __SDIO_segment_start__ = 0x40018000
                0x40018400                __SDIO_segment_end__ = 0x40018400
                0x40020000                __AHB_segment_start__ = 0x40020000
                0x40023400                __AHB_segment_end__ = 0x40023400
                0xa0000000                __FSMC_segment_start__ = 0xa0000000
                0xa0001000                __FSMC_segment_end__ = 0xa0001000
                0x90000000                __PCCARD_segment_start__ = 0x90000000
                0x90000000                __PCCARD_segment_end__ = 0x90000000
                0x80000000                __NAND2_segment_start__ = 0x80000000
                0x80000000                __NAND2_segment_end__ = 0x80000000
                0x70000000                __NAND1_segment_start__ = 0x70000000
                0x70000000                __NAND1_segment_end__ = 0x70000000
                0x6c000000                __NOR_PSRAM4_segment_start__ = 0x6c000000
                0x6c000000                __NOR_PSRAM4_segment_end__ = 0x6c000000
                0x68000000                __NOR_PSRAM3_segment_start__ = 0x68000000
                0x68000000                __NOR_PSRAM3_segment_end__ = 0x68000000
                0x64000000                __NOR_PSRAM2_segment_start__ = 0x64000000
                0x64000000                __NOR_PSRAM2_segment_end__ = 0x64000000
                0x60000000                __NOR_PSRAM1_segment_start__ = 0x60000000
                0x60000000                __NOR_PSRAM1_segment_end__ = 0x60000000
                0xe0000000                __PPB_segment_start__ = 0xe0000000
                0xe0100000                __PPB_segment_end__ = 0xe0100000
                0xe000e000                __CM3_System_Control_Space_segment_start__ = 0xe000e000
                0xe000f000                __CM3_System_Control_Space_segment_end__ = 0xe000f000
                0x00000800                __STACKSIZE__ = 0x800
                0x00000400                __STACKSIZE_PROCESS__ = 0x400
                0x00000000                __STACKSIZE_IRQ__ = 0x0
                0x00000000                __STACKSIZE_FIQ__ = 0x0
                0x00000000                __STACKSIZE_SVC__ = 0x0
                0x00000000                __STACKSIZE_ABT__ = 0x0
                0x00000000                __STACKSIZE_UND__ = 0x0
                0x00010000                __HEAPSIZE__ = 0x10000
                0x20000000                __vectors_ram_load_start__ = ALIGN (__RAM_segment_start__, 0x100)

.vectors_ram    0x20000000        0x0
                0x20000000                __vectors_ram_start__ = .
 *(.vectors_ram .vectors_ram.*)
                0x20000000                __vectors_ram_end__ = (__vectors_ram_start__ + SIZEOF (.vectors_ram))
                0x20000000                __vectors_ram_load_end__ = __vectors_ram_end__
                0x00000001                . = ASSERT (((__vectors_ram_end__ >= __RAM_segment_start__) && (__vectors_ram_end__ <= __RAM_segment_end__)), error: .vectors_ram is too large to fit in RAM memory segment)
                0x08000000                __vectors_load_start__ = ALIGN (__FLASH_segment_start__, 0x100)

.vectors        0x08000000      0x130
                0x08000000                __vectors_start__ = .
 *(.vectors .vectors.*)
 .vectors       0x08000000      0x130 THUMB Release/STM32_Startup.o
                0x08000000                _vectors
                0x08000130                __vectors_end__ = (__vectors_start__ + SIZEOF (.vectors))
                0x08000130                __vectors_load_end__ = __vectors_end__
                0x00000001                . = ASSERT (((__vectors_end__ >= __FLASH_segment_start__) && (__vectors_end__ <= __FLASH_segment_end__)), error: .vectors is too large to fit in FLASH memory segment)
                0x08000130                __init_load_start__ = ALIGN (__vectors_end__, 0x4)

.init           0x08000130      0x1d8
                0x08000130                __init_start__ = .
 *(.init .init.*)
 .init          0x08000130      0x12c THUMB Release/thumb_crt0.o
                0x08000130                _start
                0x080001c8                exit
                0x080001ec                __putchar
                0x080001ec                __getchar
 .init          0x0800025c       0xac THUMB Release/STM32_Startup.o
                0x0800025c                NMI_Handler
                0x08000260                MemManage_Handler
                0x08000262                BusFault_Handler
                0x08000264                UsageFault_Handler
                0x08000266                SVC_Handler
                0x08000268                DebugMon_Handler
                0x0800026a                PendSV_Handler
                0x0800026e                WWDG_IRQHandler
                0x08000270                PVD_IRQHandler
                0x08000272                TAMPER_IRQHandler
                0x08000274                RTC_IRQHandler
                0x08000276                FLASH_IRQHandler
                0x08000278                RCC_IRQHandler
                0x08000284                DMA1_Channel1_IRQHandler
                0x08000286                DMA1_Channel2_IRQHandler
                0x08000288                DMA1_Channel3_IRQHandler
                0x0800028a                DMA1_Channel4_IRQHandler
                0x0800028c                DMA1_Channel5_IRQHandler
                0x0800028e                DMA1_Channel6_IRQHandler
                0x08000290                DMA1_Channel7_IRQHandler
                0x08000292                ADC1_2_IRQHandler
                0x08000294                USB_HP_CAN1_TX_IRQHandler
                0x08000296                USB_LP_CAN1_RX0_IRQHandler
                0x08000298                CAN1_RX1_IRQHandler
                0x0800029a                CAN1_SCE_IRQHandler
                0x0800029e                TIM1_BRK_TIM9_IRQHandler
                0x080002a0                TIM1_UP_TIM10_IRQHandler
                0x080002a2                TIM1_TRG_COM_TIM11_IRQHandler
                0x080002a4                TIM1_CC_IRQHandler
                0x080002a6                TIM2_IRQHandler
                0x080002a8                TIM3_IRQHandler
                0x080002aa                TIM4_IRQHandler
                0x080002ac                I2C1_EV_IRQHandler
                0x080002b4                SPI1_IRQHandler
                0x080002b6                SPI2_IRQHandler
                0x080002c0                RTCAlarm_IRQHandler
                0x080002c2                USBWakeUp_IRQHandler
                0x080002c4                TIM8_BRK_TIM12_IRQHandler
                0x080002c6                TIM8_UP_TIM13_IRQHandler
                0x080002c8                TIM8_TRG_COM_TIM14_IRQHandler
                0x080002ca                TIM8_CC_IRQHandler
                0x080002cc                ADC3_IRQHandler
                0x080002ce                FSMC_IRQHandler
                0x080002d0                SDIO_IRQHandler
                0x080002d2                TIM5_IRQHandler
                0x080002d4                SPI3_IRQHandler
                0x080002d6                UART4_IRQHandler
                0x080002d8                UART5_IRQHandler
                0x080002da                TIM6_IRQHandler
                0x080002dc                TIM7_IRQHandler
                0x080002de                DMA2_Channel1_IRQHandler
                0x080002e0                DMA2_Channel2_IRQHandler
                0x080002e2                DMA2_Channel3_IRQHandler
                0x080002e4                DMA2_Channel4_5_IRQHandler
                0x080002e6                reset_handler
                0x080002f8                SystemInit
                0x08000308                __init_end__ = (__init_start__ + SIZEOF (.init))
                0x08000308                __init_load_end__ = __init_end__
                0x00000001                . = ASSERT (((__init_end__ >= __FLASH_segment_start__) && (__init_end__ <= __FLASH_segment_end__)), error: .init is too large to fit in FLASH memory segment)
                0x08000308                __text_load_start__ = ALIGN (__init_end__, 0x4)

.text           0x08000308     0x7a7c
                0x08000308                __text_start__ = .
 *(.text .text.* .glue_7t .glue_7 .gnu.linkonce.t.* .gcc_except_table .ARM.extab* .gnu.linkonce.armextab.*)
 .glue_7        0x00000000        0x0 linker stubs
 .glue_7t       0x00000000        0x0 linker stubs
 .text.cmd_reset
                0x08000308       0x14 THUMB Release/main.o
                0x08000308                cmd_reset
 .text.cmd_df   0x0800031c        0x4 THUMB Release/main.o
                0x0800031c                cmd_df
 .text.cmd_du   0x08000320        0x4 THUMB Release/main.o
                0x08000320                cmd_du
 .text.cmd_tail
                0x08000324        0x4 THUMB Release/main.o
                0x08000324                cmd_tail
 .text.cmd_cksum
                0x08000328        0x4 THUMB Release/main.o
                0x08000328                cmd_cksum
 .text.cmd_if   0x0800032c        0x4 THUMB Release/main.o
                0x0800032c                cmd_if
 .text.cmd_sleep
                0x08000330        0x4 THUMB Release/main.o
                0x08000330                cmd_sleep
 .text.cmd_lsof
                0x08000334        0x4 THUMB Release/main.o
                0x08000334                cmd_lsof
 .text.cmd_declare
                0x08000338        0x4 THUMB Release/main.o
                0x08000338                cmd_declare
 .text.cmd_dc   0x0800033c        0x4 THUMB Release/main.o
                0x0800033c                cmd_dc
 .text.cmd_kill
                0x08000340        0x4 THUMB Release/main.o
                0x08000340                cmd_kill
 .text.cmd_killall
                0x08000344        0x4 THUMB Release/main.o
                0x08000344                cmd_killall
 .text.cmd_wait
                0x08000348        0x4 THUMB Release/main.o
                0x08000348                cmd_wait
 .text.cmd_watch
                0x0800034c        0x4 THUMB Release/main.o
                0x0800034c                cmd_watch
 .text.cmd_while
                0x08000350        0x4 THUMB Release/main.o
                0x08000350                cmd_while
 .text.cmd_test
                0x08000354        0x4 THUMB Release/main.o
                0x08000354                cmd_test
 .text.cmd_man  0x08000358        0x2 THUMB Release/main.o
                0x08000358                cmd_man
 *fill*         0x0800035a        0x2 00
 .text.cmd_false
                0x0800035c       0x14 THUMB Release/main.o
                0x0800035c                cmd_false
 .text.cmd_true
                0x08000370       0x14 THUMB Release/main.o
                0x08000370                cmd_true
 .text.cmd_rm   0x08000384        0xa THUMB Release/main.o
                0x08000384                cmd_rm
 .text.cmd_mv   0x0800038e       0x24 THUMB Release/main.o
                0x0800038e                cmd_mv
 *fill*         0x080003b2        0x2 00
 .text.cmd_gawk
                0x080003b4      0x184 THUMB Release/main.o
                0x080003b4                cmd_gawk
 .text.cmd_mkdir
                0x08000538       0x16 THUMB Release/main.o
                0x08000538                cmd_mkdir
 .text.cmd_new  0x0800054e       0x16 THUMB Release/main.o
                0x0800054e                cmd_new
 .text.cmd_open
                0x08000564       0x34 THUMB Release/main.o
                0x08000564                cmd_open
 .text.cmd_append
                0x08000598       0x38 THUMB Release/main.o
                0x08000598                cmd_append
 .text.cmd_find
                0x080005d0       0x16 THUMB Release/main.o
                0x080005d0                cmd_find
 *fill*         0x080005e6        0x2 00
 .text.cmd_read
                0x080005e8       0x78 THUMB Release/main.o
                0x080005e8                cmd_read
 .text.cmdRFPut
                0x08000660       0x20 THUMB Release/main.o
                0x08000660                cmdRFPut
 .text.cmdRFGet
                0x08000680       0x20 THUMB Release/main.o
                0x08000680                cmdRFGet
 .text.cmd_cp   0x080006a0       0x1a THUMB Release/main.o
                0x080006a0                cmd_cp
 *fill*         0x080006ba        0x2 00
 .text.cmd_pwd  0x080006bc       0x18 THUMB Release/main.o
                0x080006bc                cmd_pwd
 .text.cmd_ls   0x080006d4      0x1dc THUMB Release/main.o
                0x080006d4                cmd_ls
 .text.cmd_cd   0x080008b0       0x20 THUMB Release/main.o
                0x080008b0                cmd_cd
 .text.cmd_rmdir
                0x080008d0       0x54 THUMB Release/main.o
                0x080008d0                cmd_rmdir
 .text.cmd_touch
                0x08000924       0x40 THUMB Release/main.o
                0x08000924                cmd_touch
 .text.cmd_strings
                0x08000964       0x3c THUMB Release/main.o
                0x08000964                cmd_strings
 .text.cmd_cat  0x080009a0      0x2a8 THUMB Release/main.o
                0x080009a0                cmd_cat
 .text.cmd_echo
                0x08000c48       0x8c THUMB Release/main.o
                0x08000c48                cmd_echo
 .text.cmd_tx   0x08000cd4       0x20 THUMB Release/main.o
                0x08000cd4                cmd_tx
 .text.cmd_rx   0x08000cf4       0x20 THUMB Release/main.o
                0x08000cf4                cmd_rx
 .text.cmd_format
                0x08000d14       0x98 THUMB Release/main.o
                0x08000d14                cmd_format
 .text.cmd_erase
                0x08000dac       0x18 THUMB Release/main.o
                0x08000dac                cmd_erase
 .text.cmd_dump
                0x08000dc4       0xac THUMB Release/main.o
                0x08000dc4                cmd_dump
 .text.cmd_umount
                0x08000e70       0x30 THUMB Release/main.o
                0x08000e70                cmd_umount
 .text.cmd_mount
                0x08000ea0       0x98 THUMB Release/main.o
                0x08000ea0                cmd_mount
 .text.cmd_fdisk
                0x08000f38      0x1b8 THUMB Release/main.o
                0x08000f38                cmd_fdisk
 .text.cmd_date
                0x080010f0       0x68 THUMB Release/main.o
                0x080010f0                cmd_date
 .text.startup.main
                0x08001158      0x2a0 THUMB Release/main.o
                0x08001158                main
 .text.bootPrintPrompt
                0x080013f8       0x1c THUMB Release/main.o
                0x080013f8                bootPrintPrompt
 .text.bootTestAndLoad
                0x08001414       0x7c THUMB Release/main.o
                0x08001414                bootTestAndLoad
 .text.cmd_boot
                0x08001490       0x50 THUMB Release/main.o
                0x08001490                cmd_boot
 .text.executeCmd
                0x080014e0       0x58 THUMB Release/main.o
                0x080014e0                executeCmd
 .text.bootGetUSART3
                0x08001538       0xd0 THUMB Release/main.o
                0x08001538                bootGetUSART3
 .text.cmd_time
                0x08001608       0x20 THUMB Release/main.o
                0x08001608                cmd_time
 .text.SysTick_Handler
                0x08001628       0x18 THUMB Release/main.o
                0x08001628                SysTick_Handler
 .text.spiWriteByte
                0x08001640       0x28 THUMB Release/pygmy_com.o
                0x08001640                spiWriteByte
 .text.spiWriteAddress
                0x08001668       0x40 THUMB Release/pygmy_com.o
                0x08001668                spiWriteAddress
 .text.spiPutCommand
                0x080016a8       0x16 THUMB Release/pygmy_com.o
                0x080016a8                spiPutCommand
 .text.spiReadByte
                0x080016be       0x2c THUMB Release/pygmy_com.o
                0x080016be                spiReadByte
 .text.spiGetChar
                0x080016ea       0x2c THUMB Release/pygmy_com.o
                0x080016ea                spiGetChar
 .text.spiPutChar
                0x08001716       0x30 THUMB Release/pygmy_com.o
                0x08001716                spiPutChar
 .text.spiConfig
                0x08001746       0x9e THUMB Release/pygmy_com.o
                0x08001746                spiConfig
 .text.I2C1_ER_IRQHandler
                0x080017e4        0x2 THUMB Release/pygmy_com.o
                0x080017e4                I2C1_ER_IRQHandler
 .text.I2C2_EV_IRQHandler
                0x080017e6        0x2 THUMB Release/pygmy_com.o
                0x080017e6                I2C2_EV_IRQHandler
 .text.I2C2_ER_IRQHandler
                0x080017e8        0x2 THUMB Release/pygmy_com.o
                0x080017e8                I2C2_ER_IRQHandler
 *fill*         0x080017ea        0x2 00
 .text.streamReset
                0x080017ec       0x44 THUMB Release/pygmy_com.o
                0x080017ec                streamReset
 .text.streamInit
                0x08001830       0x1e THUMB Release/pygmy_com.o
                0x08001830                streamInit
 *fill*         0x0800184e        0x2 00
 .text.streamGetSTDIO
                0x08001850        0xc THUMB Release/pygmy_com.o
                0x08001850                streamGetSTDIO
 .text.streamSetSTDIO
                0x0800185c       0x50 THUMB Release/pygmy_com.o
                0x0800185c                streamSetSTDIO
 .text.streamTXChar
                0x080018ac       0x40 THUMB Release/pygmy_com.o
                0x080018ac                streamTXChar
 .text.streamEchoChar
                0x080018ec       0x24 THUMB Release/pygmy_com.o
                0x080018ec                streamEchoChar
 .text.streamPopChar
                0x08001910       0x38 THUMB Release/pygmy_com.o
                0x08001910                streamPopChar
 .text.streamPushChar
                0x08001948       0x34 THUMB Release/pygmy_com.o
                0x08001948                streamPushChar
 .text.streamSetPut
                0x0800197c       0x1c THUMB Release/pygmy_com.o
                0x0800197c                streamSetPut
 .text.streamSetPutc
                0x08001998       0x1c THUMB Release/pygmy_com.o
                0x08001998                streamSetPutc
 .text.streamSetGet
                0x080019b4       0x1c THUMB Release/pygmy_com.o
                0x080019b4                streamSetGet
 .text.streamDisableDefaultGet
                0x080019d0       0x1c THUMB Release/pygmy_com.o
                0x080019d0                streamDisableDefaultGet
 .text.streamHandler
                0x080019ec       0x7c THUMB Release/pygmy_com.o
                0x080019ec                streamHandler
 .text.USART1_IRQHandler
                0x08001a68       0x54 THUMB Release/pygmy_com.o
                0x08001a68                USART1_IRQHandler
 .text.USART2_IRQHandler
                0x08001abc       0x50 THUMB Release/pygmy_com.o
                0x08001abc                USART2_IRQHandler
 .text.USART3_IRQHandler
                0x08001b0c       0x50 THUMB Release/pygmy_com.o
                0x08001b0c                USART3_IRQHandler
 .text.putcUSART3
                0x08001b5c       0x28 THUMB Release/pygmy_com.o
                0x08001b5c                putcUSART3
 .text.putsUSART3
                0x08001b84       0x18 THUMB Release/pygmy_com.o
                0x08001b84                putsUSART3
 .text.fpecWriteWord
                0x08001b9c       0x60 THUMB Release/pygmy_fpec.o
                0x08001b9c                fpecWriteWord
 .text.fpecProcessIHEX
                0x08001bfc       0xb8 THUMB Release/pygmy_fpec.o
                0x08001bfc                fpecProcessIHEX
 .text.fpecFlashSectorSize
                0x08001cb4       0x1c THUMB Release/pygmy_fpec.o
                0x08001cb4                fpecFlashSectorSize
 .text.fpecFlashSize
                0x08001cd0        0xc THUMB Release/pygmy_fpec.o
                0x08001cd0                fpecFlashSize
 .text.fpecRAMSize
                0x08001cdc        0xc THUMB Release/pygmy_fpec.o
                0x08001cdc                fpecRAMSize
 .text.fpecMCUID
                0x08001ce8       0x44 THUMB Release/pygmy_fpec.o
                0x08001ce8                fpecMCUID
 .text.fpecErasePage
                0x08001d2c       0xbc THUMB Release/pygmy_fpec.o
                0x08001d2c                fpecErasePage
 .text.fpecEraseProgramMemory
                0x08001de8       0x58 THUMB Release/pygmy_fpec.o
                0x08001de8                fpecEraseProgramMemory
 .text.fileSetCurrentPath
                0x08001e40       0x7c THUMB Release/pygmy_pfat.o
                0x08001e40                fileSetCurrentPath
 .text.fileGetCurrentPath
                0x08001ebc       0x20 THUMB Release/pygmy_pfat.o
                0x08001ebc                fileGetCurrentPath
 .text.fileAddVolume
                0x08001edc       0x7c THUMB Release/pygmy_pfat.o
                0x08001edc                fileAddVolume
 .text.fileFormat
                0x08001f58       0xa0 THUMB Release/pygmy_pfat.o
                0x08001f58                fileFormat
 .text.fileFreeVolume
                0x08001ff8       0x54 THUMB Release/pygmy_pfat.o
                0x08001ff8                fileFreeVolume
 .text.fileUnmount
                0x0800204c       0xbc THUMB Release/pygmy_pfat.o
                0x0800204c                fileUnmount
 .text.fileCopyProperties
                0x08002108       0x2a THUMB Release/pygmy_pfat.o
                0x08002108                fileCopyProperties
 .text.fileConvertBufferToAddress
                0x08002132       0x3a THUMB Release/pygmy_pfat.o
                0x08002132                fileConvertBufferToAddress
 .text.fileConvertAddressToBuffer
                0x0800216c       0x26 THUMB Release/pygmy_pfat.o
                0x0800216c                fileConvertAddressToBuffer
 .text.fileGenerateDirectAddress
                0x08002192       0xb0 THUMB Release/pygmy_pfat.o
                0x08002192                fileGenerateDirectAddress
 .text.fileMergeSectorGroups
                0x08002242       0xde THUMB Release/pygmy_pfat.o
                0x08002242                fileMergeSectorGroups
 .text.fileGetFreeChunks
                0x08002320       0x90 THUMB Release/pygmy_pfat.o
                0x08002320                fileGetFreeChunks
 .text.fileFindContiguousChunks
                0x080023b0       0x88 THUMB Release/pygmy_pfat.o
                0x080023b0                fileFindContiguousChunks
 .text.fileWriteProperties
                0x08002438      0x190 THUMB Release/pygmy_pfat.o
                0x08002438                fileWriteProperties
 .text.fileWriteLength
                0x080025c8       0x56 THUMB Release/pygmy_pfat.o
                0x080025c8                fileWriteLength
 .text.fileFindChunkAddress
                0x0800261e       0xae THUMB Release/pygmy_pfat.o
                0x0800261e                fileFindChunkAddress
 .text.fileFindChunk
                0x080026cc       0x3c THUMB Release/pygmy_pfat.o
                0x080026cc                fileFindChunk
 .text.fileLoadLength
                0x08002708       0x6e THUMB Release/pygmy_pfat.o
                0x08002708                fileLoadLength
 .text.fileLoadProperties
                0x08002776       0xce THUMB Release/pygmy_pfat.o
                0x08002776                fileLoadProperties
 .text.fileLoadSectorGroups
                0x08002844       0xb4 THUMB Release/pygmy_pfat.o
                0x08002844                fileLoadSectorGroups
 .text.fileLoadEntry
                0x080028f8       0x50 THUMB Release/pygmy_pfat.o
                0x080028f8                fileLoadEntry
 .text.fileDeleteChunk
                0x08002948       0x1e THUMB Release/pygmy_pfat.o
                0x08002948                fileDeleteChunk
 .text.fileDeleteProperties
                0x08002966       0x2e THUMB Release/pygmy_pfat.o
                0x08002966                fileDeleteProperties
 .text.fileDeleteLength
                0x08002994       0x22 THUMB Release/pygmy_pfat.o
                0x08002994                fileDeleteLength
 .text.fileDeleteSectorGroups
                0x080029b6       0x2e THUMB Release/pygmy_pfat.o
                0x080029b6                fileDeleteSectorGroups
 .text.fileDeleteEntry
                0x080029e4       0x2c THUMB Release/pygmy_pfat.o
                0x080029e4                fileDeleteEntry
 .text.fileFindNextID
                0x08002a10       0xbc THUMB Release/pygmy_pfat.o
                0x08002a10                fileFindNextID
 .text.fileSeekVolumeAddress
                0x08002acc       0xc6 THUMB Release/pygmy_pfat.o
                0x08002acc                fileSeekVolumeAddress
 .text.fileDeleteVolume
                0x08002b92       0x50 THUMB Release/pygmy_pfat.o
                0x08002b92                fileDeleteVolume
 .text.fileSeekVolumes
                0x08002be2       0xb4 THUMB Release/pygmy_pfat.o
                0x08002be2                fileSeekVolumes
 *fill*         0x08002c96        0x2 00
 .text.fileLoadVolume
                0x08002c98      0x1b4 THUMB Release/pygmy_pfat.o
                0x08002c98                fileLoadVolume
 .text.fileFindNextEmptySector
                0x08002e4c       0x76 THUMB Release/pygmy_pfat.o
                0x08002e4c                fileFindNextEmptySector
 .text.fileFindContiguousEmptySectors
                0x08002ec2       0x3e THUMB Release/pygmy_pfat.o
                0x08002ec2                fileFindContiguousEmptySectors
 .text.fileAllocateSectors
                0x08002f00      0x118 THUMB Release/pygmy_pfat.o
                0x08002f00                fileAllocateSectors
 .text.fileRecycleChunks
                0x08003018      0x142 THUMB Release/pygmy_pfat.o
                0x08003018                fileRecycleChunks
 *fill*         0x0800315a        0x2 00
 .text.fileWriteSectorGroups
                0x0800315c       0xe0 THUMB Release/pygmy_pfat.o
                0x0800315c                fileWriteSectorGroups
 .text.fileWriteEntry
                0x0800323c       0xd4 THUMB Release/pygmy_pfat.o
                0x0800323c                fileWriteEntry
 .text.fileAllocateChunks
                0x08003310      0x168 THUMB Release/pygmy_pfat.o
                0x08003310                fileAllocateChunks
 .text.fileUpdateLength
                0x08003478      0x176 THUMB Release/pygmy_pfat.o
                0x08003478                fileUpdateLength
 .text.fileAppendSectors.part.5
                0x080035ee      0x124 THUMB Release/pygmy_pfat.o
 .text.fileAppendSectors
                0x08003712       0x10 THUMB Release/pygmy_pfat.o
                0x08003712                fileAppendSectors
 .text.fileUpdateSectorGroups
                0x08003722       0x66 THUMB Release/pygmy_pfat.o
                0x08003722                fileUpdateSectorGroups
 .text.fileNewVolume
                0x08003788      0x144 THUMB Release/pygmy_pfat.o
                0x08003788                fileNewVolume
 .text.fileGetVolumeCount
                0x080038cc        0xc THUMB Release/pygmy_pfat.o
                0x080038cc                fileGetVolumeCount
 .text.fileGetCurrentVolume
                0x080038d8        0xc THUMB Release/pygmy_pfat.o
                0x080038d8                fileGetCurrentVolume
 .text.fileGetVolume
                0x080038e4       0x10 THUMB Release/pygmy_pfat.o
                0x080038e4                fileGetVolume
 .text.fileAllocateFoldersFromFullPath
                0x080038f4      0x1a8 THUMB Release/pygmy_pfat.o
                0x080038f4                fileAllocateFoldersFromFullPath
 .text.fileTestPath
                0x08003a9c       0xa4 THUMB Release/pygmy_pfat.o
                0x08003a9c                fileTestPath
 .text.fileFindVolume
                0x08003b40       0x2c THUMB Release/pygmy_pfat.o
                0x08003b40                fileFindVolume
 .text.fileOpen
                0x08003b6c      0x154 THUMB Release/pygmy_pfat.o
                0x08003b6c                fileOpen
 .text.fileGetVolumeFromFullPath
                0x08003cc0       0x54 THUMB Release/pygmy_pfat.o
                0x08003cc0                fileGetVolumeFromFullPath
 .text.fileChangeCurrentPath
                0x08003d14      0x1b4 THUMB Release/pygmy_pfat.o
                0x08003d14                fileChangeCurrentPath
 .text.fileDeleteAdvanced
                0x08003ec8      0x100 THUMB Release/pygmy_pfat.o
                0x08003ec8                fileDeleteAdvanced
 .text.fileDelete
                0x08003fc8       0x98 THUMB Release/pygmy_pfat.o
                0x08003fc8                fileDelete
 .text.fileGetNameFromPath
                0x08004060       0x36 THUMB Release/pygmy_pfat.o
                0x08004060                fileGetNameFromPath
 .text.fileFlush
                0x08004096       0x10 THUMB Release/pygmy_pfat.o
                0x08004096                fileFlush
 .text.fileClose
                0x080040a6       0x2e THUMB Release/pygmy_pfat.o
                0x080040a6                fileClose
 .text.filePrintProperties
                0x080040d4      0x104 THUMB Release/pygmy_pfat.o
                0x080040d4                filePrintProperties
 .text.fileMakeFullPath
                0x080041d8       0x6c THUMB Release/pygmy_pfat.o
                0x080041d8                fileMakeFullPath
 .text.fileRename
                0x08004244       0xa4 THUMB Release/pygmy_pfat.o
                0x08004244                fileRename
 .text.fileReadBytes
                0x080042e8       0xa6 THUMB Release/pygmy_pfat.o
                0x080042e8                fileReadBytes
 .text.fileGetString
                0x0800438e       0x58 THUMB Release/pygmy_pfat.o
                0x0800438e                fileGetString
 .text.fileGetChar
                0x080043e6       0x12 THUMB Release/pygmy_pfat.o
                0x080043e6                fileGetChar
 .text.fileWriteBytes
                0x080043f8       0xb6 THUMB Release/pygmy_pfat.o
                0x080043f8                fileWriteBytes
 .text.fileCopy
                0x080044ae       0x68 THUMB Release/pygmy_pfat.o
                0x080044ae                fileCopy
 .text.filePutChar
                0x08004516       0x2a THUMB Release/pygmy_pfat.o
                0x08004516                filePutChar
 .text.filePutBuffer
                0x08004540       0x28 THUMB Release/pygmy_pfat.o
                0x08004540                filePutBuffer
 .text.fileFind
                0x08004568      0x194 THUMB Release/pygmy_pfat.o
                0x08004568                fileFind
 .text.fileEOF  0x080046fc       0x1e THUMB Release/pygmy_pfat.o
                0x080046fc                fileEOF
 *fill*         0x0800471a        0x2 00
 .text.pinEnablePortClock
                0x0800471c       0x5c THUMB Release/pygmy_port.o
                0x0800471c                pinEnablePortClock
 .text.pinGetPort
                0x08004778       0x40 THUMB Release/pygmy_port.o
                0x08004778                pinGetPort
 .text.pinSet   0x080047b8       0x5c THUMB Release/pygmy_port.o
                0x080047b8                pinSet
 .text.pinConfig
                0x08004814       0x66 THUMB Release/pygmy_port.o
                0x08004814                pinConfig
 *fill*         0x0800487a        0x2 00
 .text.EXTI0_IRQHandler
                0x0800487c       0x34 THUMB Release/pygmy_port.o
                0x0800487c                EXTI0_IRQHandler
 .text.EXTI1_IRQHandler
                0x080048b0       0x34 THUMB Release/pygmy_port.o
                0x080048b0                EXTI1_IRQHandler
 .text.EXTI2_IRQHandler
                0x080048e4       0x34 THUMB Release/pygmy_port.o
                0x080048e4                EXTI2_IRQHandler
 .text.EXTI3_IRQHandler
                0x08004918       0x34 THUMB Release/pygmy_port.o
                0x08004918                EXTI3_IRQHandler
 .text.EXTI4_IRQHandler
                0x0800494c       0x34 THUMB Release/pygmy_port.o
                0x0800494c                EXTI4_IRQHandler
 .text.EXTI9_5_IRQHandler
                0x08004980       0xd8 THUMB Release/pygmy_port.o
                0x08004980                EXTI9_5_IRQHandler
 .text.EXTI15_10_IRQHandler
                0x08004a58      0x104 THUMB Release/pygmy_port.o
                0x08004a58                EXTI15_10_IRQHandler
 .text.timeInit
                0x08004b5c       0xa0 THUMB Release/pygmy_rtc.o
                0x08004b5c                timeInit
 .text.timeSet  0x08004bfc       0x3c THUMB Release/pygmy_rtc.o
                0x08004bfc                timeSet
 .text.timeGet  0x08004c38       0x14 THUMB Release/pygmy_rtc.o
                0x08004c38                timeGet
 .text.convertSystemTimeToSeconds
                0x08004c4c       0x9c THUMB Release/pygmy_rtc.o
                0x08004c4c                convertSystemTimeToSeconds
 .text.convertSecondsToSystemTime
                0x08004ce8       0xc8 THUMB Release/pygmy_rtc.o
                0x08004ce8                convertSecondsToSystemTime
 .text.convertBufferToU32
                0x08004db0       0x2c THUMB Release/pygmy_string.o
                0x08004db0                convertBufferToU32
 .text.countCharInString
                0x08004ddc       0x16 THUMB Release/pygmy_string.o
                0x08004ddc                countCharInString
 .text.removeLeadingWhitespace
                0x08004df2       0x12 THUMB Release/pygmy_string.o
                0x08004df2                removeLeadingWhitespace
 .text.isPrintable
                0x08004e04        0xc THUMB Release/pygmy_string.o
                0x08004e04                isPrintable
 .text.isCharInString
                0x08004e10       0x16 THUMB Release/pygmy_string.o
                0x08004e10                isCharInString
 .text.isAlpha  0x08004e26       0x18 THUMB Release/pygmy_string.o
                0x08004e26                isAlpha
 .text.isNumeric
                0x08004e3e        0xc THUMB Release/pygmy_string.o
                0x08004e3e                isNumeric
 .text.isAlphaOrNumeric
                0x08004e4a       0x20 THUMB Release/pygmy_string.o
                0x08004e4a                isAlphaOrNumeric
 .text.isNewline
                0x08004e6a       0x16 THUMB Release/pygmy_string.o
                0x08004e6a                isNewline
 .text.isQuote  0x08004e80       0x12 THUMB Release/pygmy_string.o
                0x08004e80                isQuote
 *fill*         0x08004e92        0x2 00
 .text.isSeparator
                0x08004e94       0x14 THUMB Release/pygmy_string.o
                0x08004e94                isSeparator
 .text.isPunctuation
                0x08004ea8       0x14 THUMB Release/pygmy_string.o
                0x08004ea8                isPunctuation
 .text.len      0x08004ebc       0x18 THUMB Release/pygmy_string.o
                0x08004ebc                len
 .text.convertCharToUpper
                0x08004ed4        0xe THUMB Release/pygmy_string.o
                0x08004ed4                convertCharToUpper
 .text.isCharSameIgnoreCase
                0x08004ee2       0x1e THUMB Release/pygmy_string.o
                0x08004ee2                isCharSameIgnoreCase
 .text.isStringSameIgnoreCase
                0x08004f00       0x32 THUMB Release/pygmy_string.o
                0x08004f00                isStringSameIgnoreCase
 .text.isStringSame
                0x08004f32       0x2e THUMB Release/pygmy_string.o
                0x08004f32                isStringSame
 .text.getAllParameters
                0x08004f60      0x260 THUMB Release/pygmy_string.o
                0x08004f60                getAllParameters
 .text.freeParameterList
                0x080051c0        0x2 THUMB Release/pygmy_string.o
                0x080051c0                freeParameterList
 .text.replaceChars
                0x080051c2       0x2a THUMB Release/pygmy_string.o
                0x080051c2                replaceChars
 .text.convertCharToInt
                0x080051ec       0x2e THUMB Release/pygmy_string.o
                0x080051ec                convertCharToInt
 .text.replaceLastChar
                0x0800521a       0x20 THUMB Release/pygmy_string.o
                0x0800521a                replaceLastChar
 .text.appendString
                0x0800523a       0x1c THUMB Release/pygmy_string.o
                0x0800523a                appendString
 .text.copyString
                0x08005256       0x12 THUMB Release/pygmy_string.o
                0x08005256                copyString
 .text.getNextSubString
                0x08005268      0x16c THUMB Release/pygmy_string.o
                0x08005268                getNextSubString
 .text.getAllSubStrings
                0x080053d4       0x3e THUMB Release/pygmy_string.o
                0x080053d4                getAllSubStrings
 *fill*         0x08005412        0x2 00
 .text.convertStringToInt
                0x08005414       0xb4 THUMB Release/pygmy_string.o
                0x08005414                convertStringToInt
 .text.convertIntToString
                0x080054c8      0x1b4 THUMB Release/pygmy_string.o
                0x080054c8                convertIntToString
 *fill*         0x0800567c        0x4 00
 .text.convertFloatToString
                0x08005680      0x148 THUMB Release/pygmy_string.o
                0x08005680                convertFloatToString
 .text.convertDateStringToSeconds
                0x080057c8       0x88 THUMB Release/pygmy_string.o
                0x080057c8                convertDateStringToSeconds
 .text.convertStringToPin
                0x08005850       0xc8 THUMB Release/pygmy_string.o
                0x08005850                convertStringToPin
 .text.convertHexCharToInteger
                0x08005918       0x1c THUMB Release/pygmy_string.o
                0x08005918                convertHexCharToInteger
 .text.convertHexEncodedStringToBuffer
                0x08005934       0x2e THUMB Release/pygmy_string.o
                0x08005934                convertHexEncodedStringToBuffer
 .text.TaskException_Handler
                0x08005962        0x2 THUMB Release/pygmy_sys.o
                0x08005962                TaskException_Handler
 .text.pdiaEncode.part.0
                0x08005964       0x5c THUMB Release/pygmy_sys.o
 .text.sysGenerateBit
                0x080059c0       0x1a THUMB Release/pygmy_sys.o
                0x080059c0                sysGenerateBit
 *fill*         0x080059da        0x2 00
 .text.pdiaEncode
                0x080059dc       0x44 THUMB Release/pygmy_sys.o
                0x080059dc                pdiaEncode
 .text.pdiaEncodeString
                0x08005a20       0x3c THUMB Release/pygmy_sys.o
                0x08005a20                pdiaEncodeString
 .text.taskInit
                0x08005a5c       0x24 THUMB Release/pygmy_sys.o
                0x08005a5c                taskInit
 .text.taskDelete
                0x08005a80       0x44 THUMB Release/pygmy_sys.o
                0x08005a80                taskDelete
 .text.print    0x08005ac4      0x22c THUMB Release/pygmy_sys.o
                0x08005ac4                print
 .text.HardFault_Handler
                0x08005cf0        0xc THUMB Release/pygmy_sys.o
                0x08005cf0                HardFault_Handler
 .text.xmodemInit
                0x08005cfc       0x1c THUMB Release/pygmy_xmodem.o
                0x08005cfc                xmodemInit
 .text.xmodemEnable
                0x08005d18        0x8 THUMB Release/pygmy_xmodem.o
                0x08005d18                xmodemEnable
 .text.xmodemRecv
                0x08005d20       0x2a THUMB Release/pygmy_xmodem.o
                0x08005d20                xmodemRecv
 .text.xmodemSend
                0x08005d4a       0x26 THUMB Release/pygmy_xmodem.o
                0x08005d4a                xmodemSend
 .text.xmodemWritePacket
                0x08005d70       0x2e THUMB Release/pygmy_xmodem.o
                0x08005d70                xmodemWritePacket
 .text.xmodemSendPacket
                0x08005d9e       0x44 THUMB Release/pygmy_xmodem.o
                0x08005d9e                xmodemSendPacket
 *fill*         0x08005de2        0x2 00
 .text.xmodemProcessTimer
                0x08005de4       0x94 THUMB Release/pygmy_xmodem.o
                0x08005de4                xmodemProcessTimer
 .text.xmodemProcess
                0x08005e78      0x13c THUMB Release/pygmy_xmodem.o
                0x08005e78                xmodemProcess
 .text.sst25vfStatus
                0x08005fb4       0x1e THUMB Release/sst25vf.o
                0x08005fb4                sst25vfStatus
 *fill*         0x08005fd2        0x2 00
 .text.sst25vfDesc
                0x08005fd4       0xbc THUMB Release/sst25vf.o
                0x08005fd4                sst25vfDesc
 .text.sst25vfClose
                0x08006090        0xc THUMB Release/sst25vf.o
                0x08006090                sst25vfClose
 .text.sst25vfVOpen
                0x0800609c       0x78 THUMB Release/sst25vf.o
                0x0800609c                sst25vfVOpen
 .text.sst25vfOpen
                0x08006114       0x1c THUMB Release/sst25vf.o
                0x08006114                sst25vfOpen
 .text.sst25vfGetBuffer
                0x08006130       0x30 THUMB Release/sst25vf.o
                0x08006130                sst25vfGetBuffer
 .text.sst25vfGetChar
                0x08006160        0x8 THUMB Release/sst25vf.o
                0x08006160                sst25vfGetChar
 .text.sst25vfGetLong
                0x08006168       0x3e THUMB Release/sst25vf.o
                0x08006168                sst25vfGetLong
 .text.sst25vfGetWord
                0x080061a6       0x26 THUMB Release/sst25vf.o
                0x080061a6                sst25vfGetWord
 .text.sst25vfWaitForBusy
                0x080061cc       0x2e THUMB Release/sst25vf.o
                0x080061cc                sst25vfWaitForBusy
 .text.sst25vfPutChar
                0x080061fa       0x24 THUMB Release/sst25vf.o
                0x080061fa                sst25vfPutChar
 .text.sst25vfPutBuffer
                0x0800621e       0x36 THUMB Release/sst25vf.o
                0x0800621e                sst25vfPutBuffer
 .text.sst25vfPutLong
                0x08006254       0x56 THUMB Release/sst25vf.o
                0x08006254                sst25vfPutLong
 .text.sst25vfPutWord
                0x080062aa       0x2e THUMB Release/sst25vf.o
                0x080062aa                sst25vfPutWord
 .text.sst25vfEraseAll
                0x080062d8       0x1c THUMB Release/sst25vf.o
                0x080062d8                sst25vfEraseAll
 .text.sst25vfEraseSector
                0x080062f4       0x2c THUMB Release/sst25vf.o
                0x080062f4                sst25vfEraseSector
 .text.libc.__float64_to_int32
                0x08006320       0x54 /Applications/CrossWorks for ARM 2.3/lib/libm_v7m_t_le_eabi.a(libm_asm.o)
                0x08006320                __fixdfsi
                0x08006320                __aeabi_d2iz
                0x08006320                __float64_to_int32
 .text.libc.__float64_to_uint32
                0x08006374       0x34 /Applications/CrossWorks for ARM 2.3/lib/libm_v7m_t_le_eabi.a(libm_asm.o)
                0x08006374                __fixunsdfsi
                0x08006374                __aeabi_d2uiz
                0x08006374                __float64_to_uint32
 .text.libc.__float64_add
                0x080063a8      0x2b8 /Applications/CrossWorks for ARM 2.3/lib/libm_v7m_t_le_eabi.a(libm_asm.o)
                0x080063a8                __aeabi_drsub
                0x080063b0                __float64_sub
                0x080063b0                __aeabi_dsub
                0x080063b0                __subdf3
                0x080063b4                __aeabi_dadd
                0x080063b4                __float64_add
                0x080063b4                __adddf3
 .text.libc.__float64_mul
                0x08006660      0x180 /Applications/CrossWorks for ARM 2.3/lib/libm_v7m_t_le_eabi.a(libm_asm.o)
                0x08006660                __aeabi_dmul
                0x08006660                __float64_mul
                0x08006660                __muldf3
 .text.libc.__float64_cmp
                0x080067e0       0x6c /Applications/CrossWorks for ARM 2.3/lib/libm_v7m_t_le_eabi.a(libm_asm.o)
                0x080067e0                __ltdf2
                0x080067e0                __eqdf2
                0x080067e0                __gtdf2
                0x080067e0                __cmpdf2
                0x080067e0                __ledf2
                0x080067e0                __nedf2
                0x080067e0                __gedf2
 .text.libc.__aeabi_dcmpeq
                0x0800684c       0x18 /Applications/CrossWorks for ARM 2.3/lib/libm_v7m_t_le_eabi.a(libm_asm.o)
                0x0800684c                __aeabi_dcmpeq
 .text.libc.__aeabi_dcmplt
                0x08006864       0x1c /Applications/CrossWorks for ARM 2.3/lib/libm_v7m_t_le_eabi.a(libm_asm.o)
                0x08006864                __aeabi_dcmplt
 .text.libc.modf
                0x08006880       0x9c /Applications/CrossWorks for ARM 2.3/lib/libm_v7m_t_le_eabi.a(libm2.o)
                0x08006880                modf
 .text.libc.fabs
                0x0800691c        0x8 /Applications/CrossWorks for ARM 2.3/lib/libm_v7m_t_le_eabi.a(libm2_asm.o)
                0x0800691c                fabs
 .text.libc.__int64_udivmod
                0x08006924       0x60 /Applications/CrossWorks for ARM 2.3/lib/libc_v7m_t_le_eabi.a(libc_asm.o)
                0x08006924                __int64_udivmod
                0x08006924                __aeabi_uldivmod
                0x08006924                __int64_udiv
                0x08006924                __udivdi3
 .text.libc.__aeabi_ldivmod
                0x08006984       0x60 /Applications/CrossWorks for ARM 2.3/lib/libc_v7m_t_le_eabi.a(libc_asm.o)
                0x08006984                __aeabi_ldivmod
 .text.libc.__getc
                0x080069e4       0x24 /Applications/CrossWorks for ARM 2.3/lib/libc_v7m_t_le_eabi.a(libc2.o)
                0x080069e4                __getc
 .text.libc.__putc
                0x08006a08       0x38 /Applications/CrossWorks for ARM 2.3/lib/libc_v7m_t_le_eabi.a(libc2.o)
                0x08006a08                __putc
 .text.libc.__print_padding
                0x08006a40       0x60 /Applications/CrossWorks for ARM 2.3/lib/libc_v7m_t_le_eabi.a(libc2.o)
                0x08006a40                __print_padding
 .text.libc.__pre_padding
                0x08006aa0       0x1c /Applications/CrossWorks for ARM 2.3/lib/libc_v7m_t_le_eabi.a(libc2.o)
                0x08006aa0                __pre_padding
 .text.libc.isupper
                0x08006abc       0x10 /Applications/CrossWorks for ARM 2.3/lib/libc_v7m_t_le_eabi.a(libc2.o)
                0x08006abc                isupper
 .text.libc.islower
                0x08006acc       0x10 /Applications/CrossWorks for ARM 2.3/lib/libc_v7m_t_le_eabi.a(libc2.o)
                0x08006acc                islower
 .text.libc.isdigit
                0x08006adc       0x10 /Applications/CrossWorks for ARM 2.3/lib/libc_v7m_t_le_eabi.a(libc2.o)
                0x08006adc                isdigit
 .text.libc.__digit
                0x08006aec       0x3c /Applications/CrossWorks for ARM 2.3/lib/libc_v7m_t_le_eabi.a(libc2.o)
                0x08006aec                __digit
 .text.libc.isspace
                0x08006b28       0x18 /Applications/CrossWorks for ARM 2.3/lib/libc_v7m_t_le_eabi.a(libc2.o)
                0x08006b28                isspace
 .text.libc.malloc
                0x08006b40       0x90 /Applications/CrossWorks for ARM 2.3/lib/libc_v7m_t_le_eabi.a(libc2.o)
                0x08006b40                malloc
 .text.libc.free
                0x08006bd0       0xa8 /Applications/CrossWorks for ARM 2.3/lib/libc_v7m_t_le_eabi.a(libc2.o)
                0x08006bd0                free
 .text.libc.realloc
                0x08006c78       0x2c /Applications/CrossWorks for ARM 2.3/lib/libc_v7m_t_le_eabi.a(libc2.o)
                0x08006c78                realloc
 .text.libc.strcat
                0x08006ca4       0x30 /Applications/CrossWorks for ARM 2.3/lib/libc_v7m_t_le_eabi.a(libc2.o)
                0x08006ca4                strcat
 .text.libc.strchr
                0x08006cd4       0x2c /Applications/CrossWorks for ARM 2.3/lib/libc_v7m_t_le_eabi.a(libc2.o)
                0x08006cd4                strchr
 .text.libc.strrchr
                0x08006d00       0x58 /Applications/CrossWorks for ARM 2.3/lib/libc_v7m_t_le_eabi.a(libc2.o)
                0x08006d00                strrchr
 .text.libc.strtok
                0x08006d58       0xa0 /Applications/CrossWorks for ARM 2.3/lib/libc_v7m_t_le_eabi.a(libc2.o)
                0x08006d58                strtok
 .text.libc.memcpy
                0x08006df8       0x48 /Applications/CrossWorks for ARM 2.3/lib/libc_v7m_t_le_eabi.a(libc2_asm.o)
                0x08006df8                memcpy
                0x08006df8                __aeabi_memcpy
                0x08006df8                __aeabi_memcpy4
                0x08006df8                __aeabi_memcpy8
 .text.libc.memset
                0x08006e40       0x70 /Applications/CrossWorks for ARM 2.3/lib/libc_v7m_t_le_eabi.a(libc2_asm.o)
                0x08006e40                memset
 .text.libc.strcpy
                0x08006eb0       0x4c /Applications/CrossWorks for ARM 2.3/lib/libc_v7m_t_le_eabi.a(libc2_asm.o)
                0x08006eb0                strcpy
 .text.libc.strcmp
                0x08006efc       0x58 /Applications/CrossWorks for ARM 2.3/lib/libc_v7m_t_le_eabi.a(libc2_asm.o)
                0x08006efc                strcmp
 .text.libc.strlen
                0x08006f54       0x70 /Applications/CrossWorks for ARM 2.3/lib/libc_v7m_t_le_eabi.a(libc2_asm.o)
                0x08006f54                strlen
 .text.libc.__vfprintf_int
                0x08006fc4      0x678 /Applications/CrossWorks for ARM 2.3/lib/libc_v7m_t_le_eabi.a(__vfprintf_int.o)
                0x08006fc4                __vfprintf_int
 .text.libc.__ungetc
                0x0800763c       0x20 /Applications/CrossWorks for ARM 2.3/lib/libc_v7m_t_le_eabi.a(__vfscanf_int.o)
 .text.libc.rd_int
                0x0800765c      0x1d8 /Applications/CrossWorks for ARM 2.3/lib/libc_v7m_t_le_eabi.a(__vfscanf_int.o)
 .text.libc.__vfscanf_int
                0x08007834      0x504 /Applications/CrossWorks for ARM 2.3/lib/libc_v7m_t_le_eabi.a(__vfscanf_int.o)
                0x08007834                __vfscanf_int
 .text.libdebugio.__do_debug_operation_mempoll
                0x08007d38       0x3c /Applications/CrossWorks for ARM 2.3/lib/libdebugio_v7m_t_le_eabi.a(libdebugio.o)
                0x08007d38                __do_debug_operation_mempoll
 .text.libc.__heap_lock
                0x08007d74        0x4 /Applications/CrossWorks for ARM 2.3/lib/libc_user_libc_v7m_t_le_eabi.a(user_libc.o)
                0x08007d74                __heap_lock
 .text.libc.__heap_unlock
                0x08007d78        0x4 /Applications/CrossWorks for ARM 2.3/lib/libc_user_libc_v7m_t_le_eabi.a(user_libc.o)
                0x08007d78                __heap_unlock
 .text.libc.__debug_io_lock
                0x08007d7c        0x4 /Applications/CrossWorks for ARM 2.3/lib/libc_user_libc_v7m_t_le_eabi.a(user_libc.o)
                0x08007d7c                __debug_io_lock
 .text.libc.__debug_io_unlock
                0x08007d80        0x4 /Applications/CrossWorks for ARM 2.3/lib/libc_user_libc_v7m_t_le_eabi.a(user_libc.o)
                0x08007d80                __debug_io_unlock
                0x08007d84                __text_end__ = (__text_start__ + SIZEOF (.text))
                0x08007d84                __text_load_end__ = __text_end__

.vfp11_veneer   0x00000000        0x0
 .vfp11_veneer  0x00000000        0x0 linker stubs

.v4_bx          0x00000000        0x0
 .v4_bx         0x00000000        0x0 linker stubs

.iplt           0x00000000        0x0
 .iplt          0x00000000        0x0 THUMB Release/main.o
                0x00000001                . = ASSERT (((__text_end__ >= __FLASH_segment_start__) && (__text_end__ <= __FLASH_segment_end__)), error: .text is too large to fit in FLASH memory segment)
                0x08007d84                __dtors_load_start__ = ALIGN (__text_end__, 0x4)

.dtors          0x08007d84        0x0
                0x08007d84                __dtors_start__ = .
 *(SORT(.dtors.*))
 *(.dtors)
 *(.fini_array .fini_array.*)
                0x08007d84                __dtors_end__ = (__dtors_start__ + SIZEOF (.dtors))
                0x08007d84                __dtors_load_end__ = __dtors_end__
                0x00000001                . = ASSERT (((__dtors_end__ >= __FLASH_segment_start__) && (__dtors_end__ <= __FLASH_segment_end__)), error: .dtors is too large to fit in FLASH memory segment)
                0x08007d84                __ctors_load_start__ = ALIGN (__dtors_end__, 0x4)

.ctors          0x08007d84        0x0
                0x08007d84                __ctors_start__ = .
 *(SORT(.ctors.*))
 *(.ctors)
 *(.init_array .init_array.*)
                0x08007d84                __ctors_end__ = (__ctors_start__ + SIZEOF (.ctors))
                0x08007d84                __ctors_load_end__ = __ctors_end__
                0x00000001                . = ASSERT (((__ctors_end__ >= __FLASH_segment_start__) && (__ctors_end__ <= __FLASH_segment_end__)), error: .ctors is too large to fit in FLASH memory segment)
                0x08007d84                __rodata_load_start__ = ALIGN (__ctors_end__, 0x4)

.rodata         0x08007d84      0xf1c
                0x08007d84                __rodata_start__ = .
 *(.rodata .rodata.* .gnu.linkonce.r.*)
 .rodata.STRID_L15X
                0x08007d84        0x5 THUMB Release/main.o
                0x08007d84                STRID_L15X
 .rodata.str1.1
                0x08007d89      0x547 THUMB Release/main.o
                                0x582 (size before relaxing)
 .rodata.BOOTCOMMANDS
                0x080082d0      0x198 THUMB Release/main.o
                0x080082d0                BOOTCOMMANDS
 .rodata.STRID_F100
                0x08008468        0x5 THUMB Release/main.o
                0x08008468                STRID_F100
 .rodata.STRID_F103
                0x0800846d        0x5 THUMB Release/main.o
                0x0800846d                STRID_F103
 .rodata.str1.1
                0x00000000        0x2 THUMB Release/pygmy_com.o
 .rodata.str1.1
                0x08008472      0x42d THUMB Release/pygmy_pfat.o
                                0x445 (size before relaxing)
 *fill*         0x0800889f        0x1 00
 .rodata.PYGMYNEBULAPINS
                0x080088a0      0x100 THUMB Release/pygmy_string.o
                0x080088a0                PYGMYNEBULAPINS
 .rodata.str1.1
                0x080089a0      0x1d1 THUMB Release/pygmy_string.o
                                0x1e8 (size before relaxing)
 .rodata.PYGMYHEXCHARS
                0x08008b71       0x10 THUMB Release/pygmy_string.o
                0x08008b71                PYGMYHEXCHARS
 .rodata.PYGMY_DAYSINMONTH
                0x08008b81        0xc THUMB Release/pygmy_sys.o
                0x08008b81                PYGMY_DAYSINMONTH
 .rodata.str1.1
                0x08008b8d       0x2d THUMB Release/pygmy_sys.o
                                 0x2f (size before relaxing)
 .rodata.str1.1
                0x08008bba       0x11 THUMB Release/pygmy_xmodem.o
                                 0x14 (size before relaxing)
 .rodata.str1.1
                0x08008bcb       0x6e THUMB Release/sst25vf.o
 *fill*         0x08008c39        0x3 00
 .rodata.SST25VF
                0x08008c3c       0x3c THUMB Release/sst25vf.o
                0x08008c3c                SST25VF
 .rodata.libc.__hex_lc
                0x08008c78       0x10 /Applications/CrossWorks for ARM 2.3/lib/libc_v7m_t_le_eabi.a(libc2.o)
                0x08008c78                __hex_lc
 .rodata.libc.__hex_uc
                0x08008c88       0x10 /Applications/CrossWorks for ARM 2.3/lib/libc_v7m_t_le_eabi.a(libc2.o)
                0x08008c88                __hex_uc
 .rodata.libc.str1.4
                0x08008c98        0x8 /Applications/CrossWorks for ARM 2.3/lib/libc_v7m_t_le_eabi.a(__vfprintf_int.o)
                0x08008ca0                __rodata_end__ = (__rodata_start__ + SIZEOF (.rodata))
                0x08008ca0                __rodata_load_end__ = __rodata_end__

.rel.dyn        0x08080000        0x0
 .rel.iplt      0x00000000        0x0 THUMB Release/main.o
                0x00000001                . = ASSERT (((__rodata_end__ >= __FLASH_segment_start__) && (__rodata_end__ <= __FLASH_segment_end__)), error: .rodata is too large to fit in FLASH memory segment)
                0x08008ca0                __ARM.exidx_load_start__ = ALIGN (__rodata_end__, 0x4)

.ARM.exidx      0x08008ca0        0x0
                0x08008ca0                __ARM.exidx_start__ = .
                0x08008ca0                __exidx_start = __ARM.exidx_start__
 *(.ARM.exidx .ARM.exidx.*)
                0x08008ca0                __ARM.exidx_end__ = (__ARM.exidx_start__ + SIZEOF (.ARM.exidx))
                0x08008ca0                __exidx_end = __ARM.exidx_end__
                0x08008ca0                __ARM.exidx_load_end__ = __ARM.exidx_end__
                0x00000001                . = ASSERT (((__ARM.exidx_end__ >= __FLASH_segment_start__) && (__ARM.exidx_end__ <= __FLASH_segment_end__)), error: .ARM.exidx is too large to fit in FLASH memory segment)
                0x08008ca0                __fast_load_start__ = ALIGN (__ARM.exidx_end__, 0x4)

.fast           0x20000000        0x0 load address 0x08008ca0
                0x20000000                __fast_start__ = .
 *(.fast .fast.*)
                0x20000000                __fast_end__ = (__fast_start__ + SIZEOF (.fast))
                0x08008ca0                __fast_load_end__ = (__fast_load_start__ + SIZEOF (.fast))
                0x00000001                . = ASSERT (((__fast_load_end__ >= __FLASH_segment_start__) && (__fast_load_end__ <= __FLASH_segment_end__)), error: .fast is too large to fit in FLASH memory segment)

.fast_run       0x20000000        0x0
                0x20000000                __fast_run_start__ = .
                0x20000000                . = MAX ((__fast_run_start__ + SIZEOF (.fast)), .)
                0x20000000                __fast_run_end__ = (__fast_run_start__ + SIZEOF (.fast_run))
                0x20000000                __fast_run_load_end__ = __fast_run_end__
                0x00000001                . = ASSERT (((__fast_run_end__ >= __RAM_segment_start__) && (__fast_run_end__ <= __RAM_segment_end__)), error: .fast_run is too large to fit in RAM memory segment)
                0x08008ca0                __data_load_start__ = ALIGN ((__fast_load_start__ + SIZEOF (.fast)), 0x4)

.data           0x20000000       0x14 load address 0x08008ca0
                0x20000000                __data_start__ = .
 *(.data .data.* .gnu.linkonce.d.*)
 .data.globalPFATVersionTag
                0x20000000        0xd THUMB Release/pygmy_pfat.o
                0x20000000                globalPFATVersionTag
 *fill*         0x2000000d        0x3 00
 .data.libc.heap
                0x20000010        0x4 /Applications/CrossWorks for ARM 2.3/lib/libc_v7m_t_le_eabi.a(libc2.o)
                0x20000014                __data_end__ = (__data_start__ + SIZEOF (.data))
                0x08008cb4                __data_load_end__ = (__data_load_start__ + SIZEOF (.data))

.igot.plt       0x00000000        0x0
 .igot.plt      0x00000000        0x0 THUMB Release/main.o
                0x00000001                . = ASSERT (((__data_load_end__ >= __FLASH_segment_start__) && (__data_load_end__ <= __FLASH_segment_end__)), error: .data is too large to fit in FLASH memory segment)

.data_run       0x20000000       0x14 load address 0x08008ca0
                0x20000000                __data_run_start__ = .
                0x20000014                . = MAX ((__data_run_start__ + SIZEOF (.data)), .)
 *fill*         0x20000000       0x14 00
                0x20000014                __data_run_end__ = (__data_run_start__ + SIZEOF (.data_run))
                0x20000014                __data_run_load_end__ = __data_run_end__
                0x00000001                . = ASSERT (((__data_run_end__ >= __RAM_segment_start__) && (__data_run_end__ <= __RAM_segment_end__)), error: .data_run is too large to fit in RAM memory segment)
                0x20000014                __bss_load_start__ = ALIGN (__data_run_end__, 0x4)

.bss            0x20000014      0x314
                0x20000014                __bss_start__ = .
 *(.bss .bss.* .gnu.linkonce.b.*)
 .bss.globalFreq
                0x20000014        0x4 THUMB Release/main.o
                0x20000014                globalFreq
 .bss.globalID  0x20000018        0x4 THUMB Release/main.o
                0x20000018                globalID
 .bss.globalStrID
                0x2000001c        0x4 THUMB Release/main.o
                0x2000001c                globalStrID
 .bss.ucBuffer.6122
                0x20000020      0x100 THUMB Release/main.o
 .bss.ucIndex.6123
                0x20000120        0x1 THUMB Release/main.o
 *fill*         0x20000121        0x3 00
 .bss.pygmyFile
                0x20000124       0x34 THUMB Release/main.o
                0x20000124                pygmyFile
 .bss.globalPLL
                0x20000158        0x4 THUMB Release/main.o
                0x20000158                globalPLL
 .bss.globalBootStatus
                0x2000015c        0x1 THUMB Release/main.o
                0x2000015c                globalBootStatus
 .bss.globalStatus
                0x2000015d        0x1 THUMB Release/main.o
                0x2000015d                globalStatus
 *fill*         0x2000015e        0x2 00
 .bss.XModem    0x20000160       0x9c THUMB Release/main.o
                0x20000160                XModem
 .bss.globalXTAL
                0x200001fc        0x4 THUMB Release/main.o
                0x200001fc                globalXTAL
 .bss.globalStreams
                0x20000200       0xa0 THUMB Release/pygmy_com.o
                0x20000200                globalStreams
 .bss.globalSTDIO
                0x200002a0        0x1 THUMB Release/pygmy_com.o
                0x200002a0                globalSTDIO
 .bss.Dummy.5639
                0x200002a1        0x1 THUMB Release/pygmy_fpec.o
 *fill*         0x200002a2        0x2 00
 .bss.AddrOffset.5638
                0x200002a4        0x4 THUMB Release/pygmy_fpec.o
 .bss.Address.5637
                0x200002a8        0x4 THUMB Release/pygmy_fpec.o
 .bss.globalVolumes
                0x200002ac        0x4 THUMB Release/pygmy_pfat.o
                0x200002ac                globalVolumes
 .bss.globalVolumeCount
                0x200002b0        0x1 THUMB Release/pygmy_pfat.o
                0x200002b0                globalVolumeCount
 *fill*         0x200002b1        0x3 00
 .bss.globalVolumeCurrent
                0x200002b4        0x4 THUMB Release/pygmy_pfat.o
                0x200002b4                globalVolumeCurrent
 .bss.globalIRQHandlers
                0x200002b8       0x40 THUMB Release/pygmy_port.o
                0x200002b8                globalIRQHandlers
 .bss.globalIRQPR
                0x200002f8        0x2 THUMB Release/pygmy_port.o
                0x200002f8                globalIRQPR
 *fill*         0x200002fa        0x2 00
 .bss.ucIndex.6247
                0x200002fc        0x4 THUMB Release/pygmy_string.o
 .bss.ucBufferCopy.6248
                0x20000300        0x4 THUMB Release/pygmy_string.o
 .bss.pygmyGlobalTaskCount
                0x20000304        0x4 THUMB Release/pygmy_sys.o
                0x20000304                pygmyGlobalTaskCount
 .bss.ulAccumulator.5852
                0x20000308        0x4 THUMB Release/pygmy_sys.o
 .bss.ulIndex.5854
                0x2000030c        0x4 THUMB Release/pygmy_sys.o
 .bss.ulMask.5853
                0x20000310        0x4 THUMB Release/pygmy_sys.o
 .bss.pygmyGlobalTasks
                0x20000314        0x4 THUMB Release/pygmy_sys.o
                0x20000314                pygmyGlobalTasks
 .bss.libc.__format_extender
                0x20000318        0x4 /Applications/CrossWorks for ARM 2.3/lib/libc_v7m_t_le_eabi.a(libc2.o)
                0x20000318                __format_extender
 .bss.libc.last.5518
                0x2000031c        0x4 /Applications/CrossWorks for ARM 2.3/lib/libc_v7m_t_le_eabi.a(libc2.o)
 .bss.libdebugio.dbgCommWord
                0x20000320        0x4 /Applications/CrossWorks for ARM 2.3/lib/libdebugio_v7m_t_le_eabi.a(libdebugio.o)
                0x20000320                dbgCommWord
 .bss.libdebugio.dbgCntrlWord_mempoll
                0x20000324        0x4 /Applications/CrossWorks for ARM 2.3/lib/libdebugio_v7m_t_le_eabi.a(libdebugio.o)
                0x20000324                dbgCntrlWord_mempoll
 *(COMMON)
                0x20000328                __bss_end__ = (__bss_start__ + SIZEOF (.bss))
                0x20000328                __bss_load_end__ = __bss_end__
                0x00000001                . = ASSERT (((__bss_end__ >= __RAM_segment_start__) && (__bss_end__ <= __RAM_segment_end__)), error: .bss is too large to fit in RAM memory segment)
                0x20000328                __non_init_load_start__ = ALIGN (__bss_end__, 0x4)

.non_init       0x20000328        0x0
                0x20000328                __non_init_start__ = .
 *(.non_init .non_init.*)
                0x20000328                __non_init_end__ = (__non_init_start__ + SIZEOF (.non_init))
                0x20000328                __non_init_load_end__ = __non_init_end__
                0x00000001                . = ASSERT (((__non_init_end__ >= __RAM_segment_start__) && (__non_init_end__ <= __RAM_segment_end__)), error: .non_init is too large to fit in RAM memory segment)
                0x20000328                __heap_load_start__ = ALIGN (__non_init_end__, 0x4)

.heap           0x20000328    0x10000
                0x20000328                __heap_start__ = .
 *(.heap .heap.*)
                0x20010328                . = ALIGN (MAX ((__heap_start__ + __HEAPSIZE__), .), 0x4)
 *fill*         0x20000328    0x10000 00
                0x20010328                __heap_end__ = (__heap_start__ + SIZEOF (.heap))
                0x20010328                __heap_load_end__ = __heap_end__
                0x00000001                . = ASSERT (((__heap_end__ >= __RAM_segment_start__) && (__heap_end__ <= __RAM_segment_end__)), error: .heap is too large to fit in RAM memory segment)
                0x20010328                __stack_load_start__ = ALIGN (__heap_end__, 0x4)

.stack          0x20010328      0x800
                0x20010328                __stack_start__ = .
 *(.stack .stack.*)
                0x20010b28                . = ALIGN (MAX ((__stack_start__ + __STACKSIZE__), .), 0x4)
 *fill*         0x20010328      0x800 00
                0x20010b28                __stack_end__ = (__stack_start__ + SIZEOF (.stack))
                0x20010b28                __stack_load_end__ = __stack_end__
                0x00000001                . = ASSERT (((__stack_end__ >= __RAM_segment_start__) && (__stack_end__ <= __RAM_segment_end__)), error: .stack is too large to fit in RAM memory segment)
                0x20010b28                __stack_process_load_start__ = ALIGN (__stack_end__, 0x4)

.stack_process  0x20010b28      0x400
                0x20010b28                __stack_process_start__ = .
 *(.stack_process .stack_process.*)
                0x20010f28                . = ALIGN (MAX ((__stack_process_start__ + __STACKSIZE_PROCESS__), .), 0x4)
 *fill*         0x20010b28      0x400 00
                0x20010f28                __stack_process_end__ = (__stack_process_start__ + SIZEOF (.stack_process))
                0x20010f28                __stack_process_load_end__ = __stack_process_end__
                0x00000001                . = ASSERT (((__stack_process_end__ >= __RAM_segment_start__) && (__stack_process_end__ <= __RAM_segment_end__)), error: .stack_process is too large to fit in RAM memory segment)
                0x20010f28                __tbss_load_start__ = ALIGN (__stack_process_end__, 0x4)

.tbss           0x20010f28        0x0
                0x20010f28                __tbss_start__ = .
 *(.tbss .tbss.*)
                0x20010f28                __tbss_end__ = (__tbss_start__ + SIZEOF (.tbss))
                0x20010f28                __tbss_load_end__ = __tbss_end__
                0x00000001                . = ASSERT (((__tbss_end__ >= __RAM_segment_start__) && (__tbss_end__ <= __RAM_segment_end__)), error: .tbss is too large to fit in RAM memory segment)
                0x08008cb4                __tdata_load_start__ = ALIGN ((__data_load_start__ + SIZEOF (.data)), 0x4)

.tdata          0x20010f28        0x0 load address 0x08008cb4
                0x20010f28                __tdata_start__ = .
 *(.tdata .tdata.*)
                0x20010f28                __tdata_end__ = (__tdata_start__ + SIZEOF (.tdata))
                0x08008cb4                __tdata_load_end__ = (__tdata_load_start__ + SIZEOF (.tdata))
                0x08008cb4                __FLASH_segment_used_end__ = (ALIGN ((__data_load_start__ + SIZEOF (.data)), 0x4) + SIZEOF (.tdata))
                0x00000001                . = ASSERT (((__tdata_load_end__ >= __FLASH_segment_start__) && (__tdata_load_end__ <= __FLASH_segment_end__)), error: .tdata is too large to fit in FLASH memory segment)

.tdata_run      0x20010f28        0x0
                0x20010f28                __tdata_run_start__ = .
                0x20010f28                . = MAX ((__tdata_run_start__ + SIZEOF (.tdata)), .)
                0x20010f28                __tdata_run_end__ = (__tdata_run_start__ + SIZEOF (.tdata_run))
                0x20010f28                __tdata_run_load_end__ = __tdata_run_end__
                0x20010f28                __RAM_segment_used_end__ = (ALIGN (__tbss_end__, 0x4) + SIZEOF (.tdata_run))
                0x00000001                . = ASSERT (((__tdata_run_end__ >= __RAM_segment_start__) && (__tdata_run_end__ <= __RAM_segment_end__)), error: .tdata_run is too large to fit in RAM memory segment)
START GROUP
LOAD THUMB Release/main.o
LOAD THUMB Release/pygmy_com.o
LOAD THUMB Release/pygmy_adc.o
LOAD THUMB Release/pygmy_cmd.o
LOAD THUMB Release/pygmy_fpec.o
LOAD THUMB Release/pygmy_nvic.o
LOAD THUMB Release/pygmy_pfat.o
LOAD THUMB Release/pygmy_port.o
LOAD THUMB Release/pygmy_rtc.o
LOAD THUMB Release/pygmy_socket.o
LOAD THUMB Release/pygmy_string.o
LOAD THUMB Release/pygmy_sys.o
LOAD THUMB Release/pygmy_xmodem.o
LOAD THUMB Release/sst25vf.o
LOAD THUMB Release/thumb_crt0.o
LOAD THUMB Release/STM32_Startup.o
LOAD /Applications/CrossWorks for ARM 2.3/lib/libcm_v7m_t_le_eabi.a
LOAD /Applications/CrossWorks for ARM 2.3/lib/libm_v7m_t_le_eabi.a
LOAD /Applications/CrossWorks for ARM 2.3/lib/libc_v7m_t_le_eabi.a
LOAD /Applications/CrossWorks for ARM 2.3/lib/libcpp_v7m_t_le_eabi.a
LOAD /Applications/CrossWorks for ARM 2.3/lib/libdebugio_v7m_t_le_eabi.a
LOAD /Applications/CrossWorks for ARM 2.3/lib/libc_targetio_impl_v7m_t_le_eabi.a
LOAD /Applications/CrossWorks for ARM 2.3/lib/libc_user_libc_v7m_t_le_eabi.a
END GROUP
OUTPUT(THUMB Release/bootv2.elf elf32-littlearm)

.debug_frame    0x00000000     0x601c
 .debug_frame   0x00000000      0x6dc THUMB Release/main.o
 .debug_frame   0x000006dc      0x954 THUMB Release/pygmy_com.o
 .debug_frame   0x00001030      0x19c THUMB Release/pygmy_fpec.o
 .debug_frame   0x000011cc      0xc98 THUMB Release/pygmy_pfat.o
 .debug_frame   0x00001e64      0x330 THUMB Release/pygmy_port.o
 .debug_frame   0x00002194       0xd0 THUMB Release/pygmy_rtc.o
 .debug_frame   0x00002264      0x5a0 THUMB Release/pygmy_string.o
 .debug_frame   0x00002804      0x538 THUMB Release/pygmy_sys.o
 .debug_frame   0x00002d3c       0xf4 THUMB Release/pygmy_xmodem.o
 .debug_frame   0x00002e30      0x258 THUMB Release/sst25vf.o
 .debug_frame   0x00003088      0x600 /Applications/CrossWorks for ARM 2.3/lib/libm_v7m_t_le_eabi.a(libm_asm.o)
 .debug_frame   0x00003688      0x978 /Applications/CrossWorks for ARM 2.3/lib/libm_v7m_t_le_eabi.a(libm2.o)
 .debug_frame   0x00004000       0xc0 /Applications/CrossWorks for ARM 2.3/lib/libm_v7m_t_le_eabi.a(libm2_asm.o)
 .debug_frame   0x000040c0      0x260 /Applications/CrossWorks for ARM 2.3/lib/libc_v7m_t_le_eabi.a(libc_asm.o)
 .debug_frame   0x00004320     0x12e0 /Applications/CrossWorks for ARM 2.3/lib/libc_v7m_t_le_eabi.a(libc2.o)
 .debug_frame   0x00005600      0x120 /Applications/CrossWorks for ARM 2.3/lib/libc_v7m_t_le_eabi.a(libc2_asm.o)
 .debug_frame   0x00005720       0x40 /Applications/CrossWorks for ARM 2.3/lib/libc_v7m_t_le_eabi.a(__vfprintf_int.o)
 .debug_frame   0x00005760       0x8c /Applications/CrossWorks for ARM 2.3/lib/libc_v7m_t_le_eabi.a(__vfscanf_int.o)
 .debug_frame   0x000057ec      0x790 /Applications/CrossWorks for ARM 2.3/lib/libdebugio_v7m_t_le_eabi.a(libdebugio.o)
 .debug_frame   0x00005f7c       0xa0 /Applications/CrossWorks for ARM 2.3/lib/libc_user_libc_v7m_t_le_eabi.a(user_libc.o)

.debug_info     0x00000000     0x4016
 .debug_info    0x00000000      0x555 THUMB Release/main.o
 .debug_info    0x00000555      0x7f5 THUMB Release/pygmy_com.o
 .debug_info    0x00000d4a      0x177 THUMB Release/pygmy_fpec.o
 .debug_info    0x00000ec1      0x7f1 THUMB Release/pygmy_pfat.o
 .debug_info    0x000016b2      0x2b0 THUMB Release/pygmy_port.o
 .debug_info    0x00001962       0xec THUMB Release/pygmy_rtc.o
 .debug_info    0x00001a4e      0x4f9 THUMB Release/pygmy_string.o
 .debug_info    0x00001f47      0x4d2 THUMB Release/pygmy_sys.o
 .debug_info    0x00002419       0xda THUMB Release/pygmy_xmodem.o
 .debug_info    0x000024f3      0x186 THUMB Release/sst25vf.o
 .debug_info    0x00002679      0x5c7 /Applications/CrossWorks for ARM 2.3/lib/libm_v7m_t_le_eabi.a(libm2.o)
 .debug_info    0x00002c40      0xd02 /Applications/CrossWorks for ARM 2.3/lib/libc_v7m_t_le_eabi.a(libc2.o)
 .debug_info    0x00003942       0x37 /Applications/CrossWorks for ARM 2.3/lib/libc_v7m_t_le_eabi.a(__vfprintf_int.o)
 .debug_info    0x00003979       0x68 /Applications/CrossWorks for ARM 2.3/lib/libc_v7m_t_le_eabi.a(__vfscanf_int.o)
 .debug_info    0x000039e1      0x55f /Applications/CrossWorks for ARM 2.3/lib/libdebugio_v7m_t_le_eabi.a(libdebugio.o)
 .debug_info    0x00003f40       0xd6 /Applications/CrossWorks for ARM 2.3/lib/libc_user_libc_v7m_t_le_eabi.a(user_libc.o)

.debug_abbrev   0x00000000      0x85d
 .debug_abbrev  0x00000000       0x8d THUMB Release/main.o
 .debug_abbrev  0x0000008d       0xb9 THUMB Release/pygmy_com.o
 .debug_abbrev  0x00000146       0x9f THUMB Release/pygmy_fpec.o
 .debug_abbrev  0x000001e5       0xcb THUMB Release/pygmy_pfat.o
 .debug_abbrev  0x000002b0       0xb9 THUMB Release/pygmy_port.o
 .debug_abbrev  0x00000369       0x3e THUMB Release/pygmy_rtc.o
 .debug_abbrev  0x000003a7       0xcb THUMB Release/pygmy_string.o
 .debug_abbrev  0x00000472       0xe2 THUMB Release/pygmy_sys.o
 .debug_abbrev  0x00000554       0x51 THUMB Release/pygmy_xmodem.o
 .debug_abbrev  0x000005a5       0x64 THUMB Release/sst25vf.o
 .debug_abbrev  0x00000609       0xb2 /Applications/CrossWorks for ARM 2.3/lib/libm_v7m_t_le_eabi.a(libm2.o)
 .debug_abbrev  0x000006bb       0xcb /Applications/CrossWorks for ARM 2.3/lib/libc_v7m_t_le_eabi.a(libc2.o)
 .debug_abbrev  0x00000786       0x28 /Applications/CrossWorks for ARM 2.3/lib/libc_v7m_t_le_eabi.a(__vfprintf_int.o)
 .debug_abbrev  0x000007ae       0x49 /Applications/CrossWorks for ARM 2.3/lib/libc_v7m_t_le_eabi.a(__vfscanf_int.o)
 .debug_abbrev  0x000007f7       0x3e /Applications/CrossWorks for ARM 2.3/lib/libdebugio_v7m_t_le_eabi.a(libdebugio.o)
 .debug_abbrev  0x00000835       0x28 /Applications/CrossWorks for ARM 2.3/lib/libc_user_libc_v7m_t_le_eabi.a(user_libc.o)

.debug_loc      0x00000000     0x461d
 .debug_loc     0x00000000      0x5a5 THUMB Release/main.o
 .debug_loc     0x000005a5      0x6e0 THUMB Release/pygmy_com.o
 .debug_loc     0x00000c85       0xfa THUMB Release/pygmy_fpec.o
 .debug_loc     0x00000d7f      0xb37 THUMB Release/pygmy_pfat.o
 .debug_loc     0x000018b6      0x240 THUMB Release/pygmy_port.o
 .debug_loc     0x00001af6       0x40 THUMB Release/pygmy_rtc.o
 .debug_loc     0x00001b36      0x374 THUMB Release/pygmy_string.o
 .debug_loc     0x00001eaa      0x33d THUMB Release/pygmy_sys.o
 .debug_loc     0x000021e7       0xc0 THUMB Release/pygmy_xmodem.o
 .debug_loc     0x000022a7      0x20c THUMB Release/sst25vf.o
 .debug_loc     0x000024b3      0x83e /Applications/CrossWorks for ARM 2.3/lib/libm_v7m_t_le_eabi.a(libm2.o)
 .debug_loc     0x00002cf1     0x1092 /Applications/CrossWorks for ARM 2.3/lib/libc_v7m_t_le_eabi.a(libc2.o)
 .debug_loc     0x00003d83       0x2d /Applications/CrossWorks for ARM 2.3/lib/libc_v7m_t_le_eabi.a(__vfprintf_int.o)
 .debug_loc     0x00003db0       0x79 /Applications/CrossWorks for ARM 2.3/lib/libc_v7m_t_le_eabi.a(__vfscanf_int.o)
 .debug_loc     0x00003e29      0x7f4 /Applications/CrossWorks for ARM 2.3/lib/libdebugio_v7m_t_le_eabi.a(libdebugio.o)

.debug_aranges  0x00000000     0x18a0
 .debug_aranges
                0x00000000      0x208 THUMB Release/main.o
 .debug_aranges
                0x00000208      0x300 THUMB Release/pygmy_com.o
 .debug_aranges
                0x00000508       0x98 THUMB Release/pygmy_fpec.o
 .debug_aranges
                0x000005a0      0x2d8 THUMB Release/pygmy_pfat.o
 .debug_aranges
                0x00000878      0x110 THUMB Release/pygmy_port.o
 .debug_aranges
                0x00000988       0x68 THUMB Release/pygmy_rtc.o
 .debug_aranges
                0x000009f0      0x1e0 THUMB Release/pygmy_string.o
 .debug_aranges
                0x00000bd0      0x1d8 THUMB Release/pygmy_sys.o
 .debug_aranges
                0x00000da8       0x60 THUMB Release/pygmy_xmodem.o
 .debug_aranges
                0x00000e08       0xa0 THUMB Release/sst25vf.o
 .debug_aranges
                0x00000ea8      0x228 /Applications/CrossWorks for ARM 2.3/lib/libm_v7m_t_le_eabi.a(libm2.o)
 .debug_aranges
                0x000010d0      0x508 /Applications/CrossWorks for ARM 2.3/lib/libc_v7m_t_le_eabi.a(libc2.o)
 .debug_aranges
                0x000015d8       0x20 /Applications/CrossWorks for ARM 2.3/lib/libc_v7m_t_le_eabi.a(__vfprintf_int.o)
 .debug_aranges
                0x000015f8       0x30 /Applications/CrossWorks for ARM 2.3/lib/libc_v7m_t_le_eabi.a(__vfscanf_int.o)
 .debug_aranges
                0x00001628      0x218 /Applications/CrossWorks for ARM 2.3/lib/libdebugio_v7m_t_le_eabi.a(libdebugio.o)
 .debug_aranges
                0x00001840       0x60 /Applications/CrossWorks for ARM 2.3/lib/libc_user_libc_v7m_t_le_eabi.a(user_libc.o)

.debug_ranges   0x00000000     0x17a0
 .debug_ranges  0x00000000      0x1f8 THUMB Release/main.o
 .debug_ranges  0x000001f8      0x2f0 THUMB Release/pygmy_com.o
 .debug_ranges  0x000004e8       0x88 THUMB Release/pygmy_fpec.o
 .debug_ranges  0x00000570      0x2c8 THUMB Release/pygmy_pfat.o
 .debug_ranges  0x00000838      0x100 THUMB Release/pygmy_port.o
 .debug_ranges  0x00000938       0x58 THUMB Release/pygmy_rtc.o
 .debug_ranges  0x00000990      0x1d0 THUMB Release/pygmy_string.o
 .debug_ranges  0x00000b60      0x1c8 THUMB Release/pygmy_sys.o
 .debug_ranges  0x00000d28       0x50 THUMB Release/pygmy_xmodem.o
 .debug_ranges  0x00000d78       0x90 THUMB Release/sst25vf.o
 .debug_ranges  0x00000e08      0x218 /Applications/CrossWorks for ARM 2.3/lib/libm_v7m_t_le_eabi.a(libm2.o)
 .debug_ranges  0x00001020      0x4f8 /Applications/CrossWorks for ARM 2.3/lib/libc_v7m_t_le_eabi.a(libc2.o)
 .debug_ranges  0x00001518       0x10 /Applications/CrossWorks for ARM 2.3/lib/libc_v7m_t_le_eabi.a(__vfprintf_int.o)
 .debug_ranges  0x00001528       0x20 /Applications/CrossWorks for ARM 2.3/lib/libc_v7m_t_le_eabi.a(__vfscanf_int.o)
 .debug_ranges  0x00001548      0x208 /Applications/CrossWorks for ARM 2.3/lib/libdebugio_v7m_t_le_eabi.a(libdebugio.o)
 .debug_ranges  0x00001750       0x50 /Applications/CrossWorks for ARM 2.3/lib/libc_user_libc_v7m_t_le_eabi.a(user_libc.o)

.debug_line     0x00000000     0x13ae
 .debug_line    0x00000000       0x55 THUMB Release/main.o
 .debug_line    0x00000055       0x67 THUMB Release/pygmy_com.o
 .debug_line    0x000000bc       0x68 THUMB Release/pygmy_fpec.o
 .debug_line    0x00000124       0x68 THUMB Release/pygmy_pfat.o
 .debug_line    0x0000018c       0x68 THUMB Release/pygmy_port.o
 .debug_line    0x000001f4       0x67 THUMB Release/pygmy_rtc.o
 .debug_line    0x0000025b       0x6a THUMB Release/pygmy_string.o
 .debug_line    0x000002c5       0x67 THUMB Release/pygmy_sys.o
 .debug_line    0x0000032c       0x6a THUMB Release/pygmy_xmodem.o
 .debug_line    0x00000396       0x70 THUMB Release/sst25vf.o
 .debug_line    0x00000406      0x330 /Applications/CrossWorks for ARM 2.3/lib/libm_v7m_t_le_eabi.a(libm2.o)
 .debug_line    0x00000736      0x5b7 /Applications/CrossWorks for ARM 2.3/lib/libc_v7m_t_le_eabi.a(libc2.o)
 .debug_line    0x00000ced       0x79 /Applications/CrossWorks for ARM 2.3/lib/libc_v7m_t_le_eabi.a(__vfprintf_int.o)
 .debug_line    0x00000d66       0x78 /Applications/CrossWorks for ARM 2.3/lib/libc_v7m_t_le_eabi.a(__vfscanf_int.o)
 .debug_line    0x00000dde      0x558 /Applications/CrossWorks for ARM 2.3/lib/libdebugio_v7m_t_le_eabi.a(libdebugio.o)
 .debug_line    0x00001336       0x78 /Applications/CrossWorks for ARM 2.3/lib/libc_user_libc_v7m_t_le_eabi.a(user_libc.o)

.debug_str      0x00000000     0x27e2
 .debug_str     0x00000000      0x2cd THUMB Release/main.o
                                0x2d2 (size before relaxing)
 .debug_str     0x000002cd      0x558 THUMB Release/pygmy_com.o
                                0x5a1 (size before relaxing)
 .debug_str     0x00000825      0x12d THUMB Release/pygmy_fpec.o
                                0x176 (size before relaxing)
 .debug_str     0x00000952      0x612 THUMB Release/pygmy_pfat.o
                                0x65b (size before relaxing)
 .debug_str     0x00000f64      0x200 THUMB Release/pygmy_port.o
                                0x249 (size before relaxing)
 .debug_str     0x00001164       0xde THUMB Release/pygmy_rtc.o
                                0x127 (size before relaxing)
 .debug_str     0x00001242      0x3e3 THUMB Release/pygmy_string.o
                                0x42c (size before relaxing)
 .debug_str     0x00001625      0x322 THUMB Release/pygmy_sys.o
                                0x381 (size before relaxing)
 .debug_str     0x00001947       0xca THUMB Release/pygmy_xmodem.o
                                0x113 (size before relaxing)
 .debug_str     0x00001a11      0x14c THUMB Release/sst25vf.o
                                0x195 (size before relaxing)
 .debug_str     0x00001b5d      0x18d /Applications/CrossWorks for ARM 2.3/lib/libm_v7m_t_le_eabi.a(libm2.o)
                                0x216 (size before relaxing)
 .debug_str     0x00001cea      0x583 /Applications/CrossWorks for ARM 2.3/lib/libc_v7m_t_le_eabi.a(libc2.o)
                                0x659 (size before relaxing)
 .debug_str     0x0000226d       0x68 /Applications/CrossWorks for ARM 2.3/lib/libc_v7m_t_le_eabi.a(__vfprintf_int.o)
                                 0xb1 (size before relaxing)
 .debug_str     0x000022d5       0x80 /Applications/CrossWorks for ARM 2.3/lib/libc_v7m_t_le_eabi.a(__vfscanf_int.o)
                                 0xc9 (size before relaxing)
 .debug_str     0x00002355      0x3b7 /Applications/CrossWorks for ARM 2.3/lib/libdebugio_v7m_t_le_eabi.a(libdebugio.o)
                                0x400 (size before relaxing)
 .debug_str     0x0000270c       0xd6 /Applications/CrossWorks for ARM 2.3/lib/libc_user_libc_v7m_t_le_eabi.a(user_libc.o)
                                0x11f (size before relaxing)

.comment        0x00000000       0x4e
 .comment       0x00000000       0x4e THUMB Release/main.o
                                 0x4f (size before relaxing)
 .comment       0x00000000       0x4f THUMB Release/pygmy_com.o
 .comment       0x00000000       0x4f THUMB Release/pygmy_fpec.o
 .comment       0x00000000       0x4f THUMB Release/pygmy_pfat.o
 .comment       0x00000000       0x4f THUMB Release/pygmy_port.o
 .comment       0x00000000       0x4f THUMB Release/pygmy_rtc.o
 .comment       0x00000000       0x4f THUMB Release/pygmy_string.o
 .comment       0x00000000       0x4f THUMB Release/pygmy_sys.o
 .comment       0x00000000       0x4f THUMB Release/pygmy_xmodem.o
 .comment       0x00000000       0x4f THUMB Release/sst25vf.o
 .comment       0x00000000       0x4f /Applications/CrossWorks for ARM 2.3/lib/libm_v7m_t_le_eabi.a(libm2.o)
 .comment       0x00000000       0x4f /Applications/CrossWorks for ARM 2.3/lib/libc_v7m_t_le_eabi.a(libc2.o)
 .comment       0x00000000       0x4f /Applications/CrossWorks for ARM 2.3/lib/libc_v7m_t_le_eabi.a(__vfprintf_int.o)
 .comment       0x00000000       0x4f /Applications/CrossWorks for ARM 2.3/lib/libc_v7m_t_le_eabi.a(__vfscanf_int.o)
 .comment       0x00000000       0x4f /Applications/CrossWorks for ARM 2.3/lib/libdebugio_v7m_t_le_eabi.a(libdebugio.o)
 .comment       0x00000000       0x4f /Applications/CrossWorks for ARM 2.3/lib/libc_user_libc_v7m_t_le_eabi.a(user_libc.o)

.ARM.attributes
                0x00000000       0x33
 .ARM.attributes
                0x00000000       0x33 THUMB Release/main.o
 .ARM.attributes
                0x00000033       0x33 THUMB Release/pygmy_com.o
 .ARM.attributes
                0x00000066       0x33 THUMB Release/pygmy_fpec.o
 .ARM.attributes
                0x00000099       0x33 THUMB Release/pygmy_pfat.o
 .ARM.attributes
                0x000000cc       0x33 THUMB Release/pygmy_port.o
 .ARM.attributes
                0x000000ff       0x33 THUMB Release/pygmy_rtc.o
 .ARM.attributes
                0x00000132       0x33 THUMB Release/pygmy_string.o
 .ARM.attributes
                0x00000165       0x33 THUMB Release/pygmy_sys.o
 .ARM.attributes
                0x00000198       0x33 THUMB Release/pygmy_xmodem.o
 .ARM.attributes
                0x000001cb       0x33 THUMB Release/sst25vf.o
 .ARM.attributes
                0x000001fe       0x23 THUMB Release/thumb_crt0.o
 .ARM.attributes
                0x00000221       0x23 THUMB Release/STM32_Startup.o
 .ARM.attributes
                0x00000244       0x1d /Applications/CrossWorks for ARM 2.3/lib/libm_v7m_t_le_eabi.a(libm_asm.o)
 .ARM.attributes
                0x00000261       0x2d /Applications/CrossWorks for ARM 2.3/lib/libm_v7m_t_le_eabi.a(libm2.o)
 .ARM.attributes
                0x0000028e       0x1d /Applications/CrossWorks for ARM 2.3/lib/libm_v7m_t_le_eabi.a(libm2_asm.o)
 .ARM.attributes
                0x000002ab       0x1d /Applications/CrossWorks for ARM 2.3/lib/libc_v7m_t_le_eabi.a(libc_asm.o)
 .ARM.attributes
                0x000002c8       0x2d /Applications/CrossWorks for ARM 2.3/lib/libc_v7m_t_le_eabi.a(libc2.o)
 .ARM.attributes
                0x000002f5       0x1d /Applications/CrossWorks for ARM 2.3/lib/libc_v7m_t_le_eabi.a(libc2_asm.o)
 .ARM.attributes
                0x00000312       0x2d /Applications/CrossWorks for ARM 2.3/lib/libc_v7m_t_le_eabi.a(__vfprintf_int.o)
 .ARM.attributes
                0x0000033f       0x2d /Applications/CrossWorks for ARM 2.3/lib/libc_v7m_t_le_eabi.a(__vfscanf_int.o)
 .ARM.attributes
                0x0000036c       0x2d /Applications/CrossWorks for ARM 2.3/lib/libdebugio_v7m_t_le_eabi.a(libdebugio.o)
 .ARM.attributes
                0x00000399       0x2d /Applications/CrossWorks for ARM 2.3/lib/libc_user_libc_v7m_t_le_eabi.a(user_libc.o)
