Archive member included because of file (symbol)

/Applications/CrossWorks for ARM 2.3/lib/libm_v7m_t_le_eabi_small.a(libm_asm.o)
                              THUMB Debug/pygmy_string.o (__aeabi_i2d)
/Applications/CrossWorks for ARM 2.3/lib/libm_v7m_t_le_eabi_small.a(libm2.o)
                              THUMB Debug/pygmy_string.o (modf)
/Applications/CrossWorks for ARM 2.3/lib/libm_v7m_t_le_eabi_small.a(libm2_asm.o)
                              THUMB Debug/pygmy_string.o (fabs)
/Applications/CrossWorks for ARM 2.3/lib/libc_v7m_t_le_eabi_small.a(libc_asm.o)
                              THUMB Debug/pygmy_pfat.o (__aeabi_uldivmod)
/Applications/CrossWorks for ARM 2.3/lib/libc_v7m_t_le_eabi_small.a(libc2.o)
                              THUMB Debug/main.o (malloc)
/Applications/CrossWorks for ARM 2.3/lib/libc_v7m_t_le_eabi_small.a(libc2_asm.o)
                              THUMB Debug/pygmy_pfat.o (memcpy)
/Applications/CrossWorks for ARM 2.3/lib/libc_v7m_t_le_eabi_small.a(__vfprintf_int.o)
                              (__vfprintf_int)
/Applications/CrossWorks for ARM 2.3/lib/libc_v7m_t_le_eabi_small.a(__vfscanf_int.o)
                              (__vfscanf_int)
/Applications/CrossWorks for ARM 2.3/lib/libdebugio_v7m_t_le_eabi_small.a(libdebugio.o)
                              (__do_debug_operation_mempoll)
/Applications/CrossWorks for ARM 2.3/lib/libc_user_libc_v7m_t_le_eabi_small.a(user_libc.o)
                              /Applications/CrossWorks for ARM 2.3/lib/libm_v7m_t_le_eabi_small.a(libm2.o) (__errno)

Discarded input sections

 .text          0x00000000        0x0 THUMB Debug/main.o
 .data          0x00000000        0x0 THUMB Debug/main.o
 .bss           0x00000000        0x0 THUMB Debug/main.o
 .text.bootTest
                0x00000000       0x94 THUMB Debug/main.o
 .text.bootBootOS
                0x00000000       0x60 THUMB Debug/main.o
 .text.bootTimeout
                0x00000000        0x4 THUMB Debug/main.o
 .text.cmd_ff   0x00000000        0x2 THUMB Debug/main.o
 .text.bootGetUSART3
                0x00000000       0xb4 THUMB Debug/main.o
 .text.cmd_tail
                0x00000000        0x4 THUMB Debug/main.o
 .bss.globalFileLen
                0x00000000        0x4 THUMB Debug/main.o
 .bss.ucBuffer.6225
                0x00000000      0x100 THUMB Debug/main.o
 .bss.globalXMTimeout
                0x00000000        0x4 THUMB Debug/main.o
 .bss.globalBootTimeout
                0x00000000        0x4 THUMB Debug/main.o
 .rodata.BOOT_filename
                0x00000000        0x9 THUMB Debug/main.o
 .rodata.BOOT_ERROR
                0x00000000        0x9 THUMB Debug/main.o
 .bss.globalXMCount
                0x00000000        0x4 THUMB Debug/main.o
 .bss.globalTransaction
                0x00000000        0x4 THUMB Debug/main.o
 .rodata.BOOT_PROMPT
                0x00000000        0x4 THUMB Debug/main.o
 .rodata.BOOT_OK
                0x00000000        0x5 THUMB Debug/main.o
 .bss.ucIndex.6226
                0x00000000        0x1 THUMB Debug/main.o
 .text          0x00000000        0x0 THUMB Debug/pygmy_com.o
 .data          0x00000000        0x0 THUMB Debug/pygmy_com.o
 .bss           0x00000000        0x0 THUMB Debug/pygmy_com.o
 .text.streamPutChar.part.1
                0x00000000       0x3c THUMB Debug/pygmy_com.o
 .text.comOpen  0x00000000      0x10c THUMB Debug/pygmy_com.o
 .text.comDisable
                0x00000000       0x40 THUMB Debug/pygmy_com.o
 .text.comEnable
                0x00000000       0x4c THUMB Debug/pygmy_com.o
 .text.comGenerateBaud
                0x00000000       0x34 THUMB Debug/pygmy_com.o
 .text.comConfig
                0x00000000      0x168 THUMB Debug/pygmy_com.o
 .text.parallelConfig
                0x00000000      0x100 THUMB Debug/pygmy_com.o
 .text.parallelWrite
                0x00000000       0x3a THUMB Debug/pygmy_com.o
 .text.parallelRead
                0x00000000       0x12 THUMB Debug/pygmy_com.o
 .text.spiWriteLong
                0x00000000       0x2c THUMB Debug/pygmy_com.o
 .text.spiGetBuffer
                0x00000000       0x3c THUMB Debug/pygmy_com.o
 .text.spiGetLong
                0x00000000       0x4e THUMB Debug/pygmy_com.o
 .text.spiGetWord
                0x00000000       0x3a THUMB Debug/pygmy_com.o
 .text.spiPutBuffer
                0x00000000       0x3c THUMB Debug/pygmy_com.o
 .text.spiPutLong
                0x00000000       0x4c THUMB Debug/pygmy_com.o
 .text.spiPutWord
                0x00000000       0x38 THUMB Debug/pygmy_com.o
 .text.spiReadBuffer
                0x00000000       0x2a THUMB Debug/pygmy_com.o
 .text.spiWriteBuffer
                0x00000000       0x2a THUMB Debug/pygmy_com.o
 .text.i2cInit  0x00000000        0x2 THUMB Debug/pygmy_com.o
 .text.i2cSetAddress
                0x00000000        0x2 THUMB Debug/pygmy_com.o
 .text.i2cReset
                0x00000000       0x10 THUMB Debug/pygmy_com.o
 .text.I2C3_EV_IRQHandler
                0x00000000        0x2 THUMB Debug/pygmy_com.o
[...]
Memory Configuration

Name             Origin             Length             Attributes
UNPLACED_SECTIONS 0xffffffff         0x00000000         xw
FLASH_BANK2      0x08080000         0x00080000         xr
FLASH_BANK1      0x08000000         0x00080000         xr
FLASH            0x08000000         0x00100000         xr
SYSTEM           0x1fffe000         0x00001800         xw
OPTION           0x1ffff800         0x00000010         xw
RAM              0x20000000         0x00018000         xw
APB1             0x40000000         0x00010000         xw
APB2             0x40010000         0x00008000         xw
SDIO             0x40018000         0x00000400         xw
AHB              0x40020000         0x00003400         xw
FSMC             0xa0000000         0x00001000         xw
PCCARD           0x90000000         0x00000000         xw
NAND2            0x80000000         0x00000000         xw
NAND1            0x70000000         0x00000000         xw
NOR_PSRAM4       0x6c000000         0x00000000         xw
NOR_PSRAM3       0x68000000         0x00000000         xw
NOR_PSRAM2       0x64000000         0x00000000         xw
NOR_PSRAM1       0x60000000         0x00000000         xw
PPB              0xe0000000         0x00100000         xw
CM3_System_Control_Space 0xe000e000         0x00001000         xw
*default*        0x00000000         0xffffffff

Linker script and memory map

                0x08008ef4                __do_debug_operation = __do_debug_operation_mempoll
                0x0800868c                __vfprintf = __vfprintf_int
                0x08008c34                __vfscanf = __vfscanf_int
                0x08080000                __FLASH_BANK2_segment_start__ = 0x8080000
                0x08100000                __FLASH_BANK2_segment_end__ = 0x8100000
                0x08000000                __FLASH_BANK1_segment_start__ = 0x8000000
                0x08080000                __FLASH_BANK1_segment_end__ = 0x8080000
                0x08000000                __FLASH_segment_start__ = 0x8000000
                0x08100000                __FLASH_segment_end__ = 0x8100000
                0x1fffe000                __SYSTEM_segment_start__ = 0x1fffe000
                0x1ffff800                __SYSTEM_segment_end__ = 0x1ffff800
                0x1ffff800                __OPTION_segment_start__ = 0x1ffff800
                0x1ffff810                __OPTION_segment_end__ = 0x1ffff810
                0x20000000                __RAM_segment_start__ = 0x20000000
                0x20018000                __RAM_segment_end__ = 0x20018000
                0x40000000                __APB1_segment_start__ = 0x40000000
                0x40010000                __APB1_segment_end__ = 0x40010000
                0x40010000                __APB2_segment_start__ = 0x40010000
                0x40018000                __APB2_segment_end__ = 0x40018000
                0x40018000                __SDIO_segment_start__ = 0x40018000
                0x40018400                __SDIO_segment_end__ = 0x40018400
                0x40020000                __AHB_segment_start__ = 0x40020000
                0x40023400                __AHB_segment_end__ = 0x40023400
                0xa0000000                __FSMC_segment_start__ = 0xa0000000
                0xa0001000                __FSMC_segment_end__ = 0xa0001000
                0x90000000                __PCCARD_segment_start__ = 0x90000000
                0x90000000                __PCCARD_segment_end__ = 0x90000000
                0x80000000                __NAND2_segment_start__ = 0x80000000
                0x80000000                __NAND2_segment_end__ = 0x80000000
                0x70000000                __NAND1_segment_start__ = 0x70000000
                0x70000000                __NAND1_segment_end__ = 0x70000000
                0x6c000000                __NOR_PSRAM4_segment_start__ = 0x6c000000
                0x6c000000                __NOR_PSRAM4_segment_end__ = 0x6c000000
                0x68000000                __NOR_PSRAM3_segment_start__ = 0x68000000
                0x68000000                __NOR_PSRAM3_segment_end__ = 0x68000000
                0x64000000                __NOR_PSRAM2_segment_start__ = 0x64000000
                0x64000000                __NOR_PSRAM2_segment_end__ = 0x64000000
                0x60000000                __NOR_PSRAM1_segment_start__ = 0x60000000
                0x60000000                __NOR_PSRAM1_segment_end__ = 0x60000000
                0xe0000000                __PPB_segment_start__ = 0xe0000000
                0xe0100000                __PPB_segment_end__ = 0xe0100000
                0xe000e000                __CM3_System_Control_Space_segment_start__ = 0xe000e000
                0xe000f000                __CM3_System_Control_Space_segment_end__ = 0xe000f000
                0x00001000                __STACKSIZE__ = 0x1000
                0x00000400                __STACKSIZE_PROCESS__ = 0x400
                0x00000000                __STACKSIZE_IRQ__ = 0x0
                0x00000000                __STACKSIZE_FIQ__ = 0x0
                0x00000000                __STACKSIZE_SVC__ = 0x0
                0x00000000                __STACKSIZE_ABT__ = 0x0
                0x00000000                __STACKSIZE_UND__ = 0x0
                0x00010000                __HEAPSIZE__ = 0x10000
                0x20000000                __vectors_ram_load_start__ = ALIGN (__RAM_segment_start__, 0x100)

.vectors_ram    0x20000000        0x0
                0x20000000                __vectors_ram_start__ = .
 *(.vectors_ram .vectors_ram.*)
                0x20000000                __vectors_ram_end__ = (__vectors_ram_start__ + SIZEOF (.vectors_ram))
                0x20000000                __vectors_ram_load_end__ = __vectors_ram_end__
                0x00000001                . = ASSERT (((__vectors_ram_end__ >= __RAM_segment_start__) && (__vectors_ram_end__ <= __RAM_segment_end__)), error: .vectors_ram is too large to fit in RAM memory segment)
                0x08000000                __vectors_load_start__ = ALIGN (__FLASH_segment_start__, 0x100)

.vectors        0x08000000      0x130
                0x08000000                __vectors_start__ = .
 *(.vectors .vectors.*)
 .vectors       0x08000000      0x130 THUMB Debug/STM32_Startup.o
                0x08000000                _vectors
                0x08000130                __vectors_end__ = (__vectors_start__ + SIZEOF (.vectors))
                0x08000130                __vectors_load_end__ = __vectors_end__
                0x00000001                . = ASSERT (((__vectors_end__ >= __FLASH_segment_start__) && (__vectors_end__ <= __FLASH_segment_end__)), error: .vectors is too large to fit in FLASH memory segment)
                0x08000130                __commands_load_start__ = ALIGN (__vectors_end__, 0x4)

.commands       0x08000130      0xf00
                0x08000130                __commands_start__ = .
 *(.commands .commands.*)
                0x08001030                . = ALIGN (MAX ((__commands_start__ + 0xf00), .), 0x4)
 *fill*         0x08000130      0xf00 00
                0x08001030                __commands_end__ = (__commands_start__ + SIZEOF (.commands))
                0x08001030                __commands_load_end__ = __commands_end__
                0x00000001                . = ASSERT (((__commands_end__ >= __FLASH_segment_start__) && (__commands_end__ <= __FLASH_segment_end__)), error: .commands is too large to fit in FLASH memory segment)
                0x08001030                __init_load_start__ = ALIGN (__commands_end__, 0x4)

.init           0x08001030      0x1d8
                0x08001030                __init_start__ = .
 *(.init .init.*)
 .init          0x08001030      0x12c THUMB Debug/thumb_crt0.o
                0x08001030                _start
                0x080010c8                exit
                0x080010ec                __putchar
                0x080010ec                __getchar
 .init          0x0800115c       0xac THUMB Debug/STM32_Startup.o
                0x0800115c                NMI_Handler
                0x08001160                MemManage_Handler
                0x08001162                BusFault_Handler
                0x08001164                UsageFault_Handler
                0x08001166                SVC_Handler
                0x08001168                DebugMon_Handler
                0x0800116a                PendSV_Handler
                0x0800116e                WWDG_IRQHandler
                0x08001170                PVD_IRQHandler
                0x08001172                TAMPER_IRQHandler
                0x08001174                RTC_IRQHandler
                0x08001176                FLASH_IRQHandler
                0x08001178                RCC_IRQHandler
                0x08001184                DMA1_Channel1_IRQHandler
                0x08001186                DMA1_Channel2_IRQHandler
                0x08001188                DMA1_Channel3_IRQHandler
                0x0800118a                DMA1_Channel4_IRQHandler
                0x0800118c                DMA1_Channel5_IRQHandler
                0x0800118e                DMA1_Channel6_IRQHandler
                0x08001190                DMA1_Channel7_IRQHandler
                0x08001194                USB_HP_CAN1_TX_IRQHandler
                0x08001196                USB_LP_CAN1_RX0_IRQHandler
                0x08001198                CAN1_RX1_IRQHandler
                0x0800119a                CAN1_SCE_IRQHandler
                0x0800119e                TIM1_BRK_TIM9_IRQHandler
                0x080011a0                TIM1_UP_TIM10_IRQHandler
                0x080011a2                TIM1_TRG_COM_TIM11_IRQHandler
                0x080011a4                TIM1_CC_IRQHandler
                0x080011a6                TIM2_IRQHandler
                0x080011a8                TIM3_IRQHandler
                0x080011aa                TIM4_IRQHandler
                0x080011ac                I2C1_EV_IRQHandler
                0x080011b4                SPI1_IRQHandler
                0x080011b6                SPI2_IRQHandler
                0x080011ba                USART2_IRQHandler
                0x080011c0                RTCAlarm_IRQHandler
                0x080011c2                USBWakeUp_IRQHandler
                0x080011c4                TIM8_BRK_TIM12_IRQHandler
                0x080011c6                TIM8_UP_TIM13_IRQHandler
                0x080011c8                TIM8_TRG_COM_TIM14_IRQHandler
                0x080011ca                TIM8_CC_IRQHandler
                0x080011cc                ADC3_IRQHandler
                0x080011ce                FSMC_IRQHandler
                0x080011d0                SDIO_IRQHandler
                0x080011d2                TIM5_IRQHandler
                0x080011d4                SPI3_IRQHandler
                0x080011d6                UART4_IRQHandler
                0x080011d8                UART5_IRQHandler
                0x080011da                TIM6_IRQHandler
                0x080011dc                TIM7_IRQHandler
                0x080011de                DMA2_Channel1_IRQHandler
                0x080011e0                DMA2_Channel2_IRQHandler
                0x080011e2                DMA2_Channel3_IRQHandler
                0x080011e4                DMA2_Channel4_5_IRQHandler
                0x080011e6                reset_handler
                0x080011f8                SystemInit
                0x08001208                __init_end__ = (__init_start__ + SIZEOF (.init))
                0x08001208                __init_load_end__ = __init_end__
                0x00000001                . = ASSERT (((__init_end__ >= __FLASH_segment_start__) && (__init_end__ <= __FLASH_segment_end__)), error: .init is too large to fit in FLASH memory segment)
                0x08001208                __text_load_start__ = ALIGN (__init_end__, 0x4)

.text           0x08001208     0x7d24
                0x08001208                __text_start__ = .
 *(.text .text.* .glue_7t .glue_7 .gnu.linkonce.t.* .gcc_except_table .ARM.extab* .gnu.linkonce.armextab.*)
 .glue_7        0x00000000        0x0 linker stubs
 .glue_7t       0x00000000        0x0 linker stubs
 .text.cmd_reset
                0x08001208       0x14 THUMB Debug/main.o
                0x08001208                cmd_reset
 .text.cmd_df   0x0800121c        0x4 THUMB Debug/main.o
                0x0800121c                cmd_df
 .text.cmd_du   0x08001220        0x4 THUMB Debug/main.o
                0x08001220                cmd_du
 .text.cmd_cksum
                0x08001224        0x4 THUMB Debug/main.o
                0x08001224                cmd_cksum
 .text.cmd_if   0x08001228        0x4 THUMB Debug/main.o
                0x08001228                cmd_if
 .text.cmd_sleep
                0x0800122c        0x4 THUMB Debug/main.o
                0x0800122c                cmd_sleep
 .text.cmd_lsof
                0x08001230        0x4 THUMB Debug/main.o
                0x08001230                cmd_lsof
 .text.cmd_declare
                0x08001234        0x4 THUMB Debug/main.o
                0x08001234                cmd_declare
 .text.cmd_dc   0x08001238        0x4 THUMB Debug/main.o
                0x08001238                cmd_dc
 .text.cmd_kill
                0x0800123c        0x4 THUMB Debug/main.o
                0x0800123c                cmd_kill
 .text.cmd_killall
                0x08001240        0x4 THUMB Debug/main.o
                0x08001240                cmd_killall
 .text.cmd_wait
                0x08001244        0x4 THUMB Debug/main.o
                0x08001244                cmd_wait
 .text.cmd_watch
                0x08001248        0x4 THUMB Debug/main.o
                0x08001248                cmd_watch
 .text.cmd_while
                0x0800124c        0x4 THUMB Debug/main.o
                0x0800124c                cmd_while
 .text.cmd_test
                0x08001250        0x4 THUMB Debug/main.o
                0x08001250                cmd_test
 .text.cmd_man  0x08001254        0x2 THUMB Debug/main.o
                0x08001254                cmd_man
 *fill*         0x08001256        0x2 00
 .text.cmd_false
                0x08001258       0x14 THUMB Debug/main.o
                0x08001258                cmd_false
 .text.cmd_true
                0x0800126c       0x14 THUMB Debug/main.o
                0x0800126c                cmd_true
 .text.cmd_rm   0x08001280        0xa THUMB Debug/main.o
                0x08001280                cmd_rm
 .text.cmd_mv   0x0800128a       0x24 THUMB Debug/main.o
                0x0800128a                cmd_mv
 *fill*         0x080012ae        0x2 00
 .text.cmd_gawk
                0x080012b0      0x184 THUMB Debug/main.o
                0x080012b0                cmd_gawk
 .text.cmd_mkdir
                0x08001434       0x16 THUMB Debug/main.o
                0x08001434                cmd_mkdir
 .text.cmd_new  0x0800144a       0x16 THUMB Debug/main.o
                0x0800144a                cmd_new
 .text.cmd_open
                0x08001460       0x34 THUMB Debug/main.o
                0x08001460                cmd_open
 .text.cmd_append
                0x08001494       0x38 THUMB Debug/main.o
                0x08001494                cmd_append
 .text.cmd_find
                0x080014cc       0x16 THUMB Debug/main.o
                0x080014cc                cmd_find
 *fill*         0x080014e2        0x2 00
 .text.cmd_read
                0x080014e4       0x78 THUMB Debug/main.o
                0x080014e4                cmd_read
 .text.cmdRFPut
                0x0800155c       0x20 THUMB Debug/main.o
                0x0800155c                cmdRFPut
 .text.cmdRFGet
                0x0800157c       0x20 THUMB Debug/main.o
                0x0800157c                cmdRFGet
 .text.cmd_strings
                0x0800159c       0x3c THUMB Debug/main.o
                0x0800159c                cmd_strings
 .text.cmd_cp   0x080015d8       0x1a THUMB Debug/main.o
                0x080015d8                cmd_cp
 *fill*         0x080015f2        0x2 00
 .text.cmd_pwd  0x080015f4       0x18 THUMB Debug/main.o
                0x080015f4                cmd_pwd
 .text.cmd_ls   0x0800160c      0x1dc THUMB Debug/main.o
                0x0800160c                cmd_ls
 .text.cmd_cd   0x080017e8       0x20 THUMB Debug/main.o
                0x080017e8                cmd_cd
 .text.cmd_rmdir
                0x08001808       0x54 THUMB Debug/main.o
                0x08001808                cmd_rmdir
 .text.cmd_touch
                0x0800185c       0x40 THUMB Debug/main.o
                0x0800185c                cmd_touch
 .text.cmd_cat  0x0800189c      0x2a8 THUMB Debug/main.o
                0x0800189c                cmd_cat
 .text.cmd_echo
                0x08001b44       0x8c THUMB Debug/main.o
                0x08001b44                cmd_echo
 .text.cmd_tx   0x08001bd0       0x20 THUMB Debug/main.o
                0x08001bd0                cmd_tx
 .text.cmd_rx   0x08001bf0       0x20 THUMB Debug/main.o
                0x08001bf0                cmd_rx
 .text.cmd_format
                0x08001c10       0x98 THUMB Debug/main.o
                0x08001c10                cmd_format
 .text.cmd_erase
                0x08001ca8       0x18 THUMB Debug/main.o
                0x08001ca8                cmd_erase
 .text.cmd_dump
                0x08001cc0       0xac THUMB Debug/main.o
                0x08001cc0                cmd_dump
 .text.cmd_umount
                0x08001d6c       0x30 THUMB Debug/main.o
                0x08001d6c                cmd_umount
 .text.cmd_mount
                0x08001d9c       0x98 THUMB Debug/main.o
                0x08001d9c                cmd_mount
 .text.cmd_fdisk
                0x08001e34      0x1b8 THUMB Debug/main.o
                0x08001e34                cmd_fdisk
 .text.cmd_date
                0x08001fec       0x68 THUMB Debug/main.o
                0x08001fec                cmd_date
 .text.cmd_pinset
                0x08002054       0x44 THUMB Debug/main.o
                0x08002054                cmd_pinset
 .text.cmd_pinpwm
                0x08002098       0x52 THUMB Debug/main.o
                0x08002098                cmd_pinpwm
 *fill*         0x080020ea        0x2 00
 .text.cmd_pinget
                0x080020ec       0x40 THUMB Debug/main.o
                0x080020ec                cmd_pinget
 .text.cmd_pinconfig
                0x0800212c       0x40 THUMB Debug/main.o
                0x0800212c                cmd_pinconfig
 .text.cmd_analog
                0x0800216c       0x48 THUMB Debug/main.o
                0x0800216c                cmd_analog
 .text.taskVoltage
                0x080021b4       0x34 THUMB Debug/main.o
                0x080021b4                taskVoltage
 .text.bootBuildVersionString
                0x080021e8       0x4a THUMB Debug/main.o
                0x080021e8                bootBuildVersionString
 *fill*         0x08002232        0x2 00
 .text.startup.main
                0x08002234      0x2d4 THUMB Debug/main.o
                0x08002234                main
 .text.bootPrintPrompt
                0x08002508       0x1c THUMB Debug/main.o
                0x08002508                bootPrintPrompt
 .text.bootTestAndLoad
                0x08002524       0x7c THUMB Debug/main.o
                0x08002524                bootTestAndLoad
 .text.cmd_boot
                0x080025a0       0x50 THUMB Debug/main.o
                0x080025a0                cmd_boot
 .text.scriptRun
                0x080025f0       0x9c THUMB Debug/main.o
                0x080025f0                scriptRun
 .text.cmd_run  0x0800268c       0x30 THUMB Debug/main.o
                0x0800268c                cmd_run
 .text.executeCmd
                0x080026bc       0x58 THUMB Debug/main.o
                0x080026bc                executeCmd
 .text.cmd_cmd  0x08002714        0xc THUMB Debug/main.o
                0x08002714                cmd_cmd
 .text.bootGetUSART1
                0x08002720       0xc0 THUMB Debug/main.o
                0x08002720                bootGetUSART1
 .text.cmd_time
                0x080027e0       0x20 THUMB Debug/main.o
                0x080027e0                cmd_time
 .text.SysTick_Handler
                0x08002800       0x20 THUMB Debug/main.o
                0x08002800                SysTick_Handler
 .text.spiWriteByte
                0x08002820       0x28 THUMB Debug/pygmy_com.o
                0x08002820                spiWriteByte
 .text.spiWriteAddress
                0x08002848       0x40 THUMB Debug/pygmy_com.o
                0x08002848                spiWriteAddress
 .text.spiPutCommand
                0x08002888       0x16 THUMB Debug/pygmy_com.o
                0x08002888                spiPutCommand
 .text.spiReadByte
                0x0800289e       0x2c THUMB Debug/pygmy_com.o
                0x0800289e                spiReadByte
 .text.spiGetChar
                0x080028ca       0x2c THUMB Debug/pygmy_com.o
                0x080028ca                spiGetChar
 .text.spiPutChar
                0x080028f6       0x30 THUMB Debug/pygmy_com.o
                0x080028f6                spiPutChar
 .text.spiConfig
                0x08002926       0x9e THUMB Debug/pygmy_com.o
                0x08002926                spiConfig
 .text.I2C1_ER_IRQHandler
                0x080029c4        0x2 THUMB Debug/pygmy_com.o
                0x080029c4                I2C1_ER_IRQHandler
 .text.I2C2_EV_IRQHandler
                0x080029c6        0x2 THUMB Debug/pygmy_com.o
                0x080029c6                I2C2_EV_IRQHandler
 .text.I2C2_ER_IRQHandler
                0x080029c8        0x2 THUMB Debug/pygmy_com.o
                0x080029c8                I2C2_ER_IRQHandler
 *fill*         0x080029ca        0x2 00
 .text.streamReset
                0x080029cc       0x44 THUMB Debug/pygmy_com.o
                0x080029cc                streamReset
 .text.streamInit
                0x08002a10       0x18 THUMB Debug/pygmy_com.o
                0x08002a10                streamInit
 .text.streamGetSTDIO
                0x08002a28        0xc THUMB Debug/pygmy_com.o
                0x08002a28                streamGetSTDIO
 .text.streamSetSTDIO
                0x08002a34       0x50 THUMB Debug/pygmy_com.o
                0x08002a34                streamSetSTDIO
 .text.streamTXChar
                0x08002a84       0x40 THUMB Debug/pygmy_com.o
                0x08002a84                streamTXChar
 .text.streamEchoChar
                0x08002ac4       0x24 THUMB Debug/pygmy_com.o
                0x08002ac4                streamEchoChar
 .text.streamPopChar
                0x08002ae8       0x38 THUMB Debug/pygmy_com.o
                0x08002ae8                streamPopChar
 .text.streamPushChar
                0x08002b20       0x34 THUMB Debug/pygmy_com.o
                0x08002b20                streamPushChar
 .text.streamSetPut
                0x08002b54       0x1c THUMB Debug/pygmy_com.o
                0x08002b54                streamSetPut
 .text.streamSetPutc
                0x08002b70       0x1c THUMB Debug/pygmy_com.o
                0x08002b70                streamSetPutc
 .text.streamSetGet
                0x08002b8c       0x1c THUMB Debug/pygmy_com.o
                0x08002b8c                streamSetGet
 .text.streamDisableDefaultGet
                0x08002ba8       0x1c THUMB Debug/pygmy_com.o
                0x08002ba8                streamDisableDefaultGet
 .text.streamHandler
                0x08002bc4       0x7c THUMB Debug/pygmy_com.o
                0x08002bc4                streamHandler
 .text.USART1_IRQHandler
                0x08002c40       0x54 THUMB Debug/pygmy_com.o
                0x08002c40                USART1_IRQHandler
 .text.putcUSART1
                0x08002c94       0x28 THUMB Debug/pygmy_com.o
                0x08002c94                putcUSART1
 .text.putsUSART1
                0x08002cbc       0x24 THUMB Debug/pygmy_com.o
                0x08002cbc                putsUSART1
 .text.USART3_IRQHandler
                0x08002ce0       0x50 THUMB Debug/pygmy_com.o
                0x08002ce0                USART3_IRQHandler
 .text.adcGetStatus
                0x08002d30        0xc THUMB Debug/pygmy_adc.o
                0x08002d30                adcGetStatus
 .text.ADC1_2_IRQHandler
                0x08002d3c       0x10 THUMB Debug/pygmy_adc.o
                0x08002d3c                ADC1_2_IRQHandler
 .text.adcGetSQR
                0x08002d4c       0x38 THUMB Debug/pygmy_adc.o
                0x08002d4c                adcGetSQR
 .text.adcSingleSampleInit
                0x08002d84       0x40 THUMB Debug/pygmy_adc.o
                0x08002d84                adcSingleSampleInit
 .text.adcGetChannelFromPin
                0x08002dc4       0x1c THUMB Debug/pygmy_adc.o
                0x08002dc4                adcGetChannelFromPin
 .text.adcSingleSample
                0x08002de0       0x28 THUMB Debug/pygmy_adc.o
                0x08002de0                adcSingleSample
 .text.adcEnableChannel
                0x08002e08       0x68 THUMB Debug/pygmy_adc.o
                0x08002e08                adcEnableChannel
 .text.adcConvertRawToFloat
                0x08002e70       0x28 THUMB Debug/pygmy_adc.o
                0x08002e70                adcConvertRawToFloat
 .text.fpecWriteWord
                0x08002e98       0x60 THUMB Debug/pygmy_fpec.o
                0x08002e98                fpecWriteWord
 .text.fpecProcessIHEX
                0x08002ef8       0xb8 THUMB Debug/pygmy_fpec.o
                0x08002ef8                fpecProcessIHEX
 .text.fpecFlashSectorSize
                0x08002fb0       0x1c THUMB Debug/pygmy_fpec.o
                0x08002fb0                fpecFlashSectorSize
 .text.fpecFlashSize
                0x08002fcc        0xc THUMB Debug/pygmy_fpec.o
                0x08002fcc                fpecFlashSize
 .text.fpecRAMSize
                0x08002fd8        0xc THUMB Debug/pygmy_fpec.o
                0x08002fd8                fpecRAMSize
 .text.fpecMCUID
                0x08002fe4       0x44 THUMB Debug/pygmy_fpec.o
                0x08002fe4                fpecMCUID
 .text.fpecErasePage
                0x08003028       0xbc THUMB Debug/pygmy_fpec.o
                0x08003028                fpecErasePage
 .text.fpecEraseProgramMemory
                0x080030e4       0x58 THUMB Debug/pygmy_fpec.o
                0x080030e4                fpecEraseProgramMemory
 .text.interruptGetTimerVector
                0x0800313c       0x20 THUMB Debug/pygmy_nvic.o
                0x0800313c                interruptGetTimerVector
 .text.interruptEnable
                0x0800315c       0x30 THUMB Debug/pygmy_nvic.o
                0x0800315c                interruptEnable
 .text.fileSetCurrentPath
                0x0800318c       0x7c THUMB Debug/pygmy_pfat.o
                0x0800318c                fileSetCurrentPath
 .text.fileGetCurrentPath
                0x08003208       0x20 THUMB Debug/pygmy_pfat.o
                0x08003208                fileGetCurrentPath
 .text.fileAddVolume
                0x08003228       0x7c THUMB Debug/pygmy_pfat.o
                0x08003228                fileAddVolume
 .text.fileFormat
                0x080032a4       0xa0 THUMB Debug/pygmy_pfat.o
                0x080032a4                fileFormat
 .text.fileFreeVolume
                0x08003344       0x54 THUMB Debug/pygmy_pfat.o
                0x08003344                fileFreeVolume
 .text.fileUnmount
                0x08003398       0xbc THUMB Debug/pygmy_pfat.o
                0x08003398                fileUnmount
 .text.fileCopyProperties
                0x08003454       0x2a THUMB Debug/pygmy_pfat.o
                0x08003454                fileCopyProperties
 .text.fileConvertBufferToAddress
                0x0800347e       0x3a THUMB Debug/pygmy_pfat.o
                0x0800347e                fileConvertBufferToAddress
 .text.fileConvertAddressToBuffer
                0x080034b8       0x26 THUMB Debug/pygmy_pfat.o
                0x080034b8                fileConvertAddressToBuffer
 .text.fileGenerateDirectAddress
                0x080034de       0xb0 THUMB Debug/pygmy_pfat.o
                0x080034de                fileGenerateDirectAddress
 .text.fileMergeSectorGroups
                0x0800358e       0xde THUMB Debug/pygmy_pfat.o
                0x0800358e                fileMergeSectorGroups
 .text.fileGetFreeChunks
                0x0800366c       0x90 THUMB Debug/pygmy_pfat.o
                0x0800366c                fileGetFreeChunks
 .text.fileFindContiguousChunks
                0x080036fc       0x88 THUMB Debug/pygmy_pfat.o
                0x080036fc                fileFindContiguousChunks
 .text.fileWriteProperties
                0x08003784      0x190 THUMB Debug/pygmy_pfat.o
                0x08003784                fileWriteProperties
 .text.fileWriteLength
                0x08003914       0x56 THUMB Debug/pygmy_pfat.o
                0x08003914                fileWriteLength
 .text.fileFindChunkAddress
                0x0800396a       0xae THUMB Debug/pygmy_pfat.o
                0x0800396a                fileFindChunkAddress
 .text.fileFindChunk
                0x08003a18       0x3c THUMB Debug/pygmy_pfat.o
                0x08003a18                fileFindChunk
 .text.fileLoadLength
                0x08003a54       0x6e THUMB Debug/pygmy_pfat.o
                0x08003a54                fileLoadLength
 .text.fileLoadProperties
                0x08003ac2       0xce THUMB Debug/pygmy_pfat.o
                0x08003ac2                fileLoadProperties
 .text.fileLoadSectorGroups
                0x08003b90       0xb4 THUMB Debug/pygmy_pfat.o
                0x08003b90                fileLoadSectorGroups
 .text.fileLoadEntry
                0x08003c44       0x3c THUMB Debug/pygmy_pfat.o
                0x08003c44                fileLoadEntry
 .text.fileDeleteChunk
                0x08003c80       0x1e THUMB Debug/pygmy_pfat.o
                0x08003c80                fileDeleteChunk
 .text.fileDeleteProperties
                0x08003c9e       0x2e THUMB Debug/pygmy_pfat.o
                0x08003c9e                fileDeleteProperties
 .text.fileDeleteLength
                0x08003ccc       0x22 THUMB Debug/pygmy_pfat.o
                0x08003ccc                fileDeleteLength
 .text.fileDeleteSectorGroups
                0x08003cee       0x2e THUMB Debug/pygmy_pfat.o
                0x08003cee                fileDeleteSectorGroups
 .text.fileDeleteEntry
                0x08003d1c       0x2c THUMB Debug/pygmy_pfat.o
                0x08003d1c                fileDeleteEntry
 .text.fileFindNextID
                0x08003d48       0xbc THUMB Debug/pygmy_pfat.o
                0x08003d48                fileFindNextID
 .text.fileSeekVolumeAddress
                0x08003e04       0xc6 THUMB Debug/pygmy_pfat.o
                0x08003e04                fileSeekVolumeAddress
 .text.fileDeleteVolume
                0x08003eca       0x50 THUMB Debug/pygmy_pfat.o
                0x08003eca                fileDeleteVolume
 .text.fileSeekVolumes
                0x08003f1a       0xb4 THUMB Debug/pygmy_pfat.o
                0x08003f1a                fileSeekVolumes
 *fill*         0x08003fce        0x2 00
 .text.fileLoadVolume
                0x08003fd0      0x1b4 THUMB Debug/pygmy_pfat.o
                0x08003fd0                fileLoadVolume
 .text.fileFindNextEmptySector
                0x08004184       0x76 THUMB Debug/pygmy_pfat.o
                0x08004184                fileFindNextEmptySector
 .text.fileFindContiguousEmptySectors
                0x080041fa       0x3e THUMB Debug/pygmy_pfat.o
                0x080041fa                fileFindContiguousEmptySectors
 .text.fileAllocateSectors
                0x08004238      0x118 THUMB Debug/pygmy_pfat.o
                0x08004238                fileAllocateSectors
 .text.fileRecycleChunks
                0x08004350      0x142 THUMB Debug/pygmy_pfat.o
                0x08004350                fileRecycleChunks
 *fill*         0x08004492        0x2 00
 .text.fileWriteSectorGroups
                0x08004494       0xe0 THUMB Debug/pygmy_pfat.o
                0x08004494                fileWriteSectorGroups
 .text.fileWriteEntry
                0x08004574       0xd4 THUMB Debug/pygmy_pfat.o
                0x08004574                fileWriteEntry
 .text.fileAllocateChunks
                0x08004648      0x168 THUMB Debug/pygmy_pfat.o
                0x08004648                fileAllocateChunks
 .text.fileUpdateLength
                0x080047b0      0x176 THUMB Debug/pygmy_pfat.o
                0x080047b0                fileUpdateLength
 .text.fileAppendSectors.part.5
                0x08004926      0x124 THUMB Debug/pygmy_pfat.o
 .text.fileAppendSectors
                0x08004a4a       0x10 THUMB Debug/pygmy_pfat.o
                0x08004a4a                fileAppendSectors
 .text.fileUpdateSectorGroups
                0x08004a5a       0x66 THUMB Debug/pygmy_pfat.o
                0x08004a5a                fileUpdateSectorGroups
 .text.fileNewVolume
                0x08004ac0      0x144 THUMB Debug/pygmy_pfat.o
                0x08004ac0                fileNewVolume
 .text.fileGetVolumeCount
                0x08004c04        0xc THUMB Debug/pygmy_pfat.o
                0x08004c04                fileGetVolumeCount
 .text.fileGetCurrentVolume
                0x08004c10        0xc THUMB Debug/pygmy_pfat.o
                0x08004c10                fileGetCurrentVolume
 .text.fileGetVolume
                0x08004c1c       0x10 THUMB Debug/pygmy_pfat.o
                0x08004c1c                fileGetVolume
 .text.fileAllocateFoldersFromFullPath
                0x08004c2c      0x148 THUMB Debug/pygmy_pfat.o
                0x08004c2c                fileAllocateFoldersFromFullPath
 .text.fileTestPath
                0x08004d74       0x94 THUMB Debug/pygmy_pfat.o
                0x08004d74                fileTestPath
 .text.fileFindVolume
                0x08004e08       0x2c THUMB Debug/pygmy_pfat.o
                0x08004e08                fileFindVolume
 .text.fileOpen
                0x08004e34      0x154 THUMB Debug/pygmy_pfat.o
                0x08004e34                fileOpen
 .text.fileGetVolumeFromFullPath
                0x08004f88       0x54 THUMB Debug/pygmy_pfat.o
                0x08004f88                fileGetVolumeFromFullPath
 .text.fileChangeCurrentPath
                0x08004fdc      0x110 THUMB Debug/pygmy_pfat.o
                0x08004fdc                fileChangeCurrentPath
 .text.fileDeleteAdvanced
                0x080050ec       0xe0 THUMB Debug/pygmy_pfat.o
                0x080050ec                fileDeleteAdvanced
 .text.fileDelete
                0x080051cc       0x7c THUMB Debug/pygmy_pfat.o
                0x080051cc                fileDelete
 .text.fileGetNameFromPath
                0x08005248       0x36 THUMB Debug/pygmy_pfat.o
                0x08005248                fileGetNameFromPath
 .text.fileFlush
                0x0800527e       0x10 THUMB Debug/pygmy_pfat.o
                0x0800527e                fileFlush
 .text.fileClose
                0x0800528e       0x2e THUMB Debug/pygmy_pfat.o
                0x0800528e                fileClose
 .text.filePrintProperties
                0x080052bc      0x104 THUMB Debug/pygmy_pfat.o
                0x080052bc                filePrintProperties
 .text.fileMakeFullPath
                0x080053c0       0x6c THUMB Debug/pygmy_pfat.o
                0x080053c0                fileMakeFullPath
 .text.fileRename
                0x0800542c       0x90 THUMB Debug/pygmy_pfat.o
                0x0800542c                fileRename
 .text.fileReadBytes
                0x080054bc       0xa6 THUMB Debug/pygmy_pfat.o
                0x080054bc                fileReadBytes
 .text.fileGetString
                0x08005562       0x58 THUMB Debug/pygmy_pfat.o
                0x08005562                fileGetString
 .text.fileGetChar
                0x080055ba       0x12 THUMB Debug/pygmy_pfat.o
                0x080055ba                fileGetChar
 .text.fileWriteBytes
                0x080055cc       0xb6 THUMB Debug/pygmy_pfat.o
                0x080055cc                fileWriteBytes
 .text.fileCopy
                0x08005682       0x68 THUMB Debug/pygmy_pfat.o
                0x08005682                fileCopy
 .text.filePutChar
                0x080056ea       0x2a THUMB Debug/pygmy_pfat.o
                0x080056ea                filePutChar
 .text.filePutBuffer
                0x08005714        0x4 THUMB Debug/pygmy_pfat.o
                0x08005714                filePutBuffer
 .text.fileFind
                0x08005718      0x10c THUMB Debug/pygmy_pfat.o
                0x08005718                fileFind
 .text.fileEOF  0x08005824       0x1e THUMB Debug/pygmy_pfat.o
                0x08005824                fileEOF
 .text.pinAnalog
                0x08005842       0x18 THUMB Debug/pygmy_port.o
                0x08005842                pinAnalog
 *fill*         0x0800585a        0x2 00
 .text.pinEnablePortClock
                0x0800585c       0x5c THUMB Debug/pygmy_port.o
                0x0800585c                pinEnablePortClock
 .text.pinGetPort
                0x080058b8       0x40 THUMB Debug/pygmy_port.o
                0x080058b8                pinGetPort
 .text.pinSet   0x080058f8       0x68 THUMB Debug/pygmy_port.o
                0x080058f8                pinSet
 .text.pinConfig
                0x08005960       0x7e THUMB Debug/pygmy_port.o
                0x08005960                pinConfig
 *fill*         0x080059de        0x2 00
 .text.pinGetTimer
                0x080059e0       0x50 THUMB Debug/pygmy_port.o
                0x080059e0                pinGetTimer
 .text.pinGetChannel
                0x08005a30       0x2c THUMB Debug/pygmy_port.o
                0x08005a30                pinGetChannel
 .text.pinInitSoftPWM
                0x08005a5c       0x74 THUMB Debug/pygmy_port.o
                0x08005a5c                pinInitSoftPWM
 .text.pinAddSoftPWM
                0x08005ad0       0xd0 THUMB Debug/pygmy_port.o
                0x08005ad0                pinAddSoftPWM
 .text.pinPWM   0x08005ba0      0x240 THUMB Debug/pygmy_port.o
                0x08005ba0                pinPWM
 .text.EXTI0_IRQHandler
                0x08005de0       0x34 THUMB Debug/pygmy_port.o
                0x08005de0                EXTI0_IRQHandler
 .text.EXTI1_IRQHandler
                0x08005e14       0x34 THUMB Debug/pygmy_port.o
                0x08005e14                EXTI1_IRQHandler
 .text.EXTI2_IRQHandler
                0x08005e48       0x34 THUMB Debug/pygmy_port.o
                0x08005e48                EXTI2_IRQHandler
 .text.EXTI3_IRQHandler
                0x08005e7c       0x34 THUMB Debug/pygmy_port.o
                0x08005e7c                EXTI3_IRQHandler
 .text.EXTI4_IRQHandler
                0x08005eb0       0x34 THUMB Debug/pygmy_port.o
                0x08005eb0                EXTI4_IRQHandler
 .text.EXTI9_5_IRQHandler
                0x08005ee4       0xd8 THUMB Debug/pygmy_port.o
                0x08005ee4                EXTI9_5_IRQHandler
 .text.EXTI15_10_IRQHandler
                0x08005fbc      0x104 THUMB Debug/pygmy_port.o
                0x08005fbc                EXTI15_10_IRQHandler
 .text.timeInit
                0x080060c0       0xa0 THUMB Debug/pygmy_rtc.o
                0x080060c0                timeInit
 .text.timeSet  0x08006160       0x3c THUMB Debug/pygmy_rtc.o
                0x08006160                timeSet
 .text.timeGet  0x0800619c       0x14 THUMB Debug/pygmy_rtc.o
                0x0800619c                timeGet
 .text.convertSystemTimeToSeconds
                0x080061b0       0x9c THUMB Debug/pygmy_rtc.o
                0x080061b0                convertSystemTimeToSeconds
 .text.convertSecondsToSystemTime
                0x0800624c       0xc8 THUMB Debug/pygmy_rtc.o
                0x0800624c                convertSecondsToSystemTime
 .text.convertStateToString
                0x08006314       0x1c THUMB Debug/pygmy_string.o
                0x08006314                convertStateToString
 .text.convertBufferToU32
                0x08006330       0x2c THUMB Debug/pygmy_string.o
                0x08006330                convertBufferToU32
 .text.countCharInString
                0x0800635c       0x16 THUMB Debug/pygmy_string.o
                0x0800635c                countCharInString
 .text.removeLeadingWhitespace
                0x08006372       0x12 THUMB Debug/pygmy_string.o
                0x08006372                removeLeadingWhitespace
 .text.isPrintable
                0x08006384        0xc THUMB Debug/pygmy_string.o
                0x08006384                isPrintable
 .text.isCharInString
                0x08006390       0x16 THUMB Debug/pygmy_string.o
                0x08006390                isCharInString
 .text.isAlpha  0x080063a6       0x18 THUMB Debug/pygmy_string.o
                0x080063a6                isAlpha
 .text.isNumeric
                0x080063be        0xc THUMB Debug/pygmy_string.o
                0x080063be                isNumeric
 .text.isAlphaOrNumeric
                0x080063ca       0x20 THUMB Debug/pygmy_string.o
                0x080063ca                isAlphaOrNumeric
 .text.isNewline
                0x080063ea       0x16 THUMB Debug/pygmy_string.o
                0x080063ea                isNewline
 .text.isQuote  0x08006400       0x12 THUMB Debug/pygmy_string.o
                0x08006400                isQuote
 *fill*         0x08006412        0x2 00
 .text.isSeparator
                0x08006414       0x14 THUMB Debug/pygmy_string.o
                0x08006414                isSeparator
 .text.isPunctuation
                0x08006428       0x14 THUMB Debug/pygmy_string.o
                0x08006428                isPunctuation
 .text.len      0x0800643c       0x18 THUMB Debug/pygmy_string.o
                0x0800643c                len
 .text.convertCharToUpper
                0x08006454        0xe THUMB Debug/pygmy_string.o
                0x08006454                convertCharToUpper
 .text.isCharSameIgnoreCase
                0x08006462       0x1e THUMB Debug/pygmy_string.o
                0x08006462                isCharSameIgnoreCase
 .text.isStringSameIgnoreCase
                0x08006480       0x32 THUMB Debug/pygmy_string.o
                0x08006480                isStringSameIgnoreCase
 *fill*         0x080064b2        0x2 00
 .text.convertStringToMode
                0x080064b4       0x70 THUMB Debug/pygmy_string.o
                0x080064b4                convertStringToMode
 .text.isStringSame
                0x08006524       0x2e THUMB Debug/pygmy_string.o
                0x08006524                isStringSame
 *fill*         0x08006552        0x2 00
 .text.convertStringToState
                0x08006554       0x90 THUMB Debug/pygmy_string.o
                0x08006554                convertStringToState
 .text.getAllParameters
                0x080065e4      0x1d2 THUMB Debug/pygmy_string.o
                0x080065e4                getAllParameters
 .text.freeParameterList
                0x080067b6        0x2 THUMB Debug/pygmy_string.o
                0x080067b6                freeParameterList
 .text.replaceChars
                0x080067b8       0x2a THUMB Debug/pygmy_string.o
                0x080067b8                replaceChars
 .text.convertCharToInt
                0x080067e2       0x2e THUMB Debug/pygmy_string.o
                0x080067e2                convertCharToInt
 .text.seekStringInStringIgnoreCase
                0x08006810       0x5a THUMB Debug/pygmy_string.o
                0x08006810                seekStringInStringIgnoreCase
 *fill*         0x0800686a        0x2 00
 .text.convertMonthStringToInt
                0x0800686c       0x28 THUMB Debug/pygmy_string.o
                0x0800686c                convertMonthStringToInt
 .text.replaceLastChar
                0x08006894       0x20 THUMB Debug/pygmy_string.o
                0x08006894                replaceLastChar
 .text.appendString
                0x080068b4       0x42 THUMB Debug/pygmy_string.o
                0x080068b4                appendString
 .text.copyString
                0x080068f6       0x12 THUMB Debug/pygmy_string.o
                0x080068f6                copyString
 .text.getNextSubString
                0x08006908      0x16c THUMB Debug/pygmy_string.o
                0x08006908                getNextSubString
 .text.getAllSubStrings
                0x08006a74       0x3e THUMB Debug/pygmy_string.o
                0x08006a74                getAllSubStrings
 *fill*         0x08006ab2        0x2 00
 .text.convertStringToInt
                0x08006ab4       0xb4 THUMB Debug/pygmy_string.o
                0x08006ab4                convertStringToInt
 .text.convertIntToString
                0x08006b68      0x19c THUMB Debug/pygmy_string.o
                0x08006b68                convertIntToString
 *fill*         0x08006d04        0x4 00
 .text.convertFloatToString
                0x08006d08      0x140 THUMB Debug/pygmy_string.o
                0x08006d08                convertFloatToString
 .text.convertDateStringToSeconds
                0x08006e48       0x88 THUMB Debug/pygmy_string.o
                0x08006e48                convertDateStringToSeconds
 .text.convertStringToPin
                0x08006ed0       0x9c THUMB Debug/pygmy_string.o
                0x08006ed0                convertStringToPin
 .text.convertHexCharToInteger
                0x08006f6c       0x1c THUMB Debug/pygmy_string.o
                0x08006f6c                convertHexCharToInteger
 .text.convertHexEncodedStringToBuffer
                0x08006f88       0x2e THUMB Debug/pygmy_string.o
                0x08006f88                convertHexEncodedStringToBuffer
 .text.TaskException_Handler
                0x08006fb6        0x2 THUMB Debug/pygmy_sys.o
                0x08006fb6                TaskException_Handler
 .text.pdiaEncode.part.0
                0x08006fb8       0x5c THUMB Debug/pygmy_sys.o
 .text.sysEnableTimerClock
                0x08007014       0xf8 THUMB Debug/pygmy_sys.o
                0x08007014                sysEnableTimerClock
 .text.sysEnableTimerInterrupt
                0x0800710c       0x12 THUMB Debug/pygmy_sys.o
                0x0800710c                sysEnableTimerInterrupt
 *fill*         0x0800711e        0x2 00
 .text.sysGetDelayTimer
                0x08007120        0xc THUMB Debug/pygmy_sys.o
                0x08007120                sysGetDelayTimer
 .text.sysGetPWMTimer
                0x0800712c        0xc THUMB Debug/pygmy_sys.o
                0x0800712c                sysGetPWMTimer
 .text.sysGetMainClock
                0x08007138        0xc THUMB Debug/pygmy_sys.o
                0x08007138                sysGetMainClock
 .text.sysGenerateBit
                0x08007144       0x1a THUMB Debug/pygmy_sys.o
                0x08007144                sysGenerateBit
 *fill*         0x0800715e        0x2 00
 .text.pdiaEncode
                0x08007160       0x44 THUMB Debug/pygmy_sys.o
                0x08007160                pdiaEncode
 .text.pdiaEncodeString
                0x080071a4       0x3c THUMB Debug/pygmy_sys.o
                0x080071a4                pdiaEncodeString
 .text.taskInit
                0x080071e0       0x24 THUMB Debug/pygmy_sys.o
                0x080071e0                taskInit
 .text.taskIsRunning
                0x08007204       0x3c THUMB Debug/pygmy_sys.o
                0x08007204                taskIsRunning
 .text.taskNew  0x08007240       0x88 THUMB Debug/pygmy_sys.o
                0x08007240                taskNew
 .text.taskNewSimple
                0x080072c8        0xe THUMB Debug/pygmy_sys.o
                0x080072c8                taskNewSimple
 *fill*         0x080072d6        0x2 00
 .text.taskDelete
                0x080072d8       0x54 THUMB Debug/pygmy_sys.o
                0x080072d8                taskDelete
 .text.taskProcess
                0x0800732c       0x68 THUMB Debug/pygmy_sys.o
                0x0800732c                taskProcess
 .text.descriptorGetID
                0x08007394       0x18 THUMB Debug/pygmy_sys.o
                0x08007394                descriptorGetID
 .text.print    0x080073ac      0x22c THUMB Debug/pygmy_sys.o
                0x080073ac                print
 .text.println  0x080075d8       0x20 THUMB Debug/pygmy_sys.o
                0x080075d8                println
 .text.HardFault_Handler
                0x080075f8        0xc THUMB Debug/pygmy_sys.o
                0x080075f8                HardFault_Handler
 .text.sysGetTimer
                0x08007604       0x18 THUMB Debug/pygmy_sys.o
                0x08007604                sysGetTimer
 .text.xmodemInit
                0x0800761c       0x1c THUMB Debug/pygmy_xmodem.o
                0x0800761c                xmodemInit
 .text.xmodemEnable
                0x08007638        0x8 THUMB Debug/pygmy_xmodem.o
                0x08007638                xmodemEnable
 .text.xmodemRecv
                0x08007640       0x2a THUMB Debug/pygmy_xmodem.o
                0x08007640                xmodemRecv
 .text.xmodemSend
                0x0800766a       0x26 THUMB Debug/pygmy_xmodem.o
                0x0800766a                xmodemSend
 .text.xmodemWritePacket
                0x08007690       0x2e THUMB Debug/pygmy_xmodem.o
                0x08007690                xmodemWritePacket
 .text.xmodemSendPacket
                0x080076be       0x44 THUMB Debug/pygmy_xmodem.o
                0x080076be                xmodemSendPacket
 *fill*         0x08007702        0x2 00
 .text.xmodemProcessTimer
                0x08007704       0x94 THUMB Debug/pygmy_xmodem.o
                0x08007704                xmodemProcessTimer
 .text.xmodemProcess
                0x08007798      0x140 THUMB Debug/pygmy_xmodem.o
                0x08007798                xmodemProcess
 .text.sst25vfDesc
                0x080078d8       0x68 THUMB Debug/sst25vf.o
                0x080078d8                sst25vfDesc
 .text.sst25vfStatus
                0x08007940       0x1e THUMB Debug/sst25vf.o
                0x08007940                sst25vfStatus
 .text.sst25vfClose
                0x0800795e        0xc THUMB Debug/sst25vf.o
                0x0800795e                sst25vfClose
 .text.sst25vfVOpen
                0x0800796a       0x5c THUMB Debug/sst25vf.o
                0x0800796a                sst25vfVOpen
 .text.sst25vfOpen
                0x080079c6       0x1c THUMB Debug/sst25vf.o
                0x080079c6                sst25vfOpen
 .text.sst25vfGetBuffer
                0x080079e2       0x30 THUMB Debug/sst25vf.o
                0x080079e2                sst25vfGetBuffer
 .text.sst25vfGetChar
                0x08007a12        0x8 THUMB Debug/sst25vf.o
                0x08007a12                sst25vfGetChar
 .text.sst25vfGetLong
                0x08007a1a       0x3e THUMB Debug/sst25vf.o
                0x08007a1a                sst25vfGetLong
 .text.sst25vfGetWord
                0x08007a58       0x26 THUMB Debug/sst25vf.o
                0x08007a58                sst25vfGetWord
 .text.sst25vfWaitForBusy
                0x08007a7e       0x2e THUMB Debug/sst25vf.o
                0x08007a7e                sst25vfWaitForBusy
 .text.sst25vfPutChar
                0x08007aac       0x24 THUMB Debug/sst25vf.o
                0x08007aac                sst25vfPutChar
 .text.sst25vfPutBuffer
                0x08007ad0       0x36 THUMB Debug/sst25vf.o
                0x08007ad0                sst25vfPutBuffer
 .text.sst25vfPutLong
                0x08007b06       0x56 THUMB Debug/sst25vf.o
                0x08007b06                sst25vfPutLong
 .text.sst25vfPutWord
                0x08007b5c       0x2e THUMB Debug/sst25vf.o
                0x08007b5c                sst25vfPutWord
 .text.sst25vfEraseAll
                0x08007b8a       0x1c THUMB Debug/sst25vf.o
                0x08007b8a                sst25vfEraseAll
 .text.sst25vfEraseSector
                0x08007ba6       0x2c THUMB Debug/sst25vf.o
                0x08007ba6                sst25vfEraseSector
 *fill*         0x08007bd2        0x2 00
 .text.libc.__int32_to_float32
                0x08007bd4       0x30 /Applications/CrossWorks for ARM 2.3/lib/libm_v7m_t_le_eabi_small.a(libm_asm.o)
                0x08007bd4                __aeabi_i2f
                0x08007bd4                __int32_to_float32
                0x08007bd4                __floatsisf
                0x08007be4                __int32_to_float32_common
 .text.libc.__uint32_to_float32
                0x08007c04       0x10 /Applications/CrossWorks for ARM 2.3/lib/libm_v7m_t_le_eabi_small.a(libm_asm.o)
                0x08007c04                __uint32_to_float32
                0x08007c04                __aeabi_ui2f
                0x08007c04                __floatunsisf
 .text.libc.__float64_to_int32
                0x08007c14       0x54 /Applications/CrossWorks for ARM 2.3/lib/libm_v7m_t_le_eabi_small.a(libm_asm.o)
                0x08007c14                __fixdfsi
                0x08007c14                __aeabi_d2iz
                0x08007c14                __float64_to_int32
 .text.libc.__float64_to_uint32
                0x08007c68       0x34 /Applications/CrossWorks for ARM 2.3/lib/libm_v7m_t_le_eabi_small.a(libm_asm.o)
                0x08007c68                __fixunsdfsi
                0x08007c68                __aeabi_d2uiz
                0x08007c68                __float64_to_uint32
 .text.libc.__float32_to_float64
                0x08007c9c       0x38 /Applications/CrossWorks for ARM 2.3/lib/libm_v7m_t_le_eabi_small.a(libm_asm.o)
                0x08007c9c                __extendsfdf2
                0x08007c9c                __float32_to_float64
                0x08007c9c                __aeabi_f2d
 .text.libc.__float64_to_float32
                0x08007cd4       0x78 /Applications/CrossWorks for ARM 2.3/lib/libm_v7m_t_le_eabi_small.a(libm_asm.o)
                0x08007cd4                __aeabi_d2f
                0x08007cd4                __truncdfsf2
                0x08007cd4                __float64_to_float32
 .text.libc.__float64_add
                0x08007d4c      0x2b8 /Applications/CrossWorks for ARM 2.3/lib/libm_v7m_t_le_eabi_small.a(libm_asm.o)
                0x08007d4c                __aeabi_drsub
                0x08007d54                __float64_sub
                0x08007d54                __aeabi_dsub
                0x08007d54                __subdf3
                0x08007d58                __aeabi_dadd
                0x08007d58                __float64_add
                0x08007d58                __adddf3
 .text.libc.__float64_mul
                0x08008004      0x180 /Applications/CrossWorks for ARM 2.3/lib/libm_v7m_t_le_eabi_small.a(libm_asm.o)
                0x08008004                __aeabi_dmul
                0x08008004                __float64_mul
                0x08008004                __muldf3
 .text.libc.__float64_cmp
                0x08008184       0x6c /Applications/CrossWorks for ARM 2.3/lib/libm_v7m_t_le_eabi_small.a(libm_asm.o)
                0x08008184                __ltdf2
                0x08008184                __eqdf2
                0x08008184                __gtdf2
                0x08008184                __cmpdf2
                0x08008184                __ledf2
                0x08008184                __nedf2
                0x08008184                __gedf2
 .text.libc.__aeabi_dcmpeq
                0x080081f0       0x18 /Applications/CrossWorks for ARM 2.3/lib/libm_v7m_t_le_eabi_small.a(libm_asm.o)
                0x080081f0                __aeabi_dcmpeq
 .text.libc.__aeabi_dcmplt
                0x08008208       0x1c /Applications/CrossWorks for ARM 2.3/lib/libm_v7m_t_le_eabi_small.a(libm_asm.o)
                0x08008208                __aeabi_dcmplt
 .text.libc.modf
                0x08008224       0x9c /Applications/CrossWorks for ARM 2.3/lib/libm_v7m_t_le_eabi_small.a(libm2.o)
                0x08008224                modf
 .text.libc.fabs
                0x080082c0        0x8 /Applications/CrossWorks for ARM 2.3/lib/libm_v7m_t_le_eabi_small.a(libm2_asm.o)
                0x080082c0                fabs
 .text.libc.__int64_udivmod
                0x080082c8       0x60 /Applications/CrossWorks for ARM 2.3/lib/libc_v7m_t_le_eabi_small.a(libc_asm.o)
                0x080082c8                __int64_udivmod
                0x080082c8                __aeabi_uldivmod
                0x080082c8                __int64_udiv
                0x080082c8                __udivdi3
 .text.libc.__aeabi_ldivmod
                0x08008328       0x60 /Applications/CrossWorks for ARM 2.3/lib/libc_v7m_t_le_eabi_small.a(libc_asm.o)
                0x08008328                __aeabi_ldivmod
 .text.libc.__digit
                0x08008388       0x32 /Applications/CrossWorks for ARM 2.3/lib/libc_v7m_t_le_eabi_small.a(libc2.o)
                0x08008388                __digit
 .text.libc.__getc
                0x080083ba       0x20 /Applications/CrossWorks for ARM 2.3/lib/libc_v7m_t_le_eabi_small.a(libc2.o)
                0x080083ba                __getc
 .text.libc.__putc
                0x080083da       0x34 /Applications/CrossWorks for ARM 2.3/lib/libc_v7m_t_le_eabi_small.a(libc2.o)
                0x080083da                __putc
 .text.libc.__print_padding
                0x0800840e       0x18 /Applications/CrossWorks for ARM 2.3/lib/libc_v7m_t_le_eabi_small.a(libc2.o)
                0x0800840e                __print_padding
 .text.libc.__pre_padding
                0x08008426       0x14 /Applications/CrossWorks for ARM 2.3/lib/libc_v7m_t_le_eabi_small.a(libc2.o)
                0x08008426                __pre_padding
 .text.libc.isdigit
                0x0800843a        0xc /Applications/CrossWorks for ARM 2.3/lib/libc_v7m_t_le_eabi_small.a(libc2.o)
                0x0800843a                isdigit
 .text.libc.isspace
                0x08008446       0x16 /Applications/CrossWorks for ARM 2.3/lib/libc_v7m_t_le_eabi_small.a(libc2.o)
                0x08008446                isspace
 .text.libc.malloc
                0x0800845c       0x68 /Applications/CrossWorks for ARM 2.3/lib/libc_v7m_t_le_eabi_small.a(libc2.o)
                0x0800845c                malloc
 .text.libc.free
                0x080084c4       0x80 /Applications/CrossWorks for ARM 2.3/lib/libc_v7m_t_le_eabi_small.a(libc2.o)
                0x080084c4                free
 .text.libc.realloc
                0x08008544       0x2c /Applications/CrossWorks for ARM 2.3/lib/libc_v7m_t_le_eabi_small.a(libc2.o)
                0x08008544                realloc
 .text.libc.strcat
                0x08008570       0x1a /Applications/CrossWorks for ARM 2.3/lib/libc_v7m_t_le_eabi_small.a(libc2.o)
                0x08008570                strcat
 .text.libc.strchr
                0x0800858a       0x1a /Applications/CrossWorks for ARM 2.3/lib/libc_v7m_t_le_eabi_small.a(libc2.o)
                0x0800858a                strchr
 .text.libc.strrchr
                0x080085a4       0x30 /Applications/CrossWorks for ARM 2.3/lib/libc_v7m_t_le_eabi_small.a(libc2.o)
                0x080085a4                strrchr
 .text.libc.strtok
                0x080085d4       0x50 /Applications/CrossWorks for ARM 2.3/lib/libc_v7m_t_le_eabi_small.a(libc2.o)
                0x080085d4                strtok
 .text.libc.memcpy
                0x08008624       0x1c /Applications/CrossWorks for ARM 2.3/lib/libc_v7m_t_le_eabi_small.a(libc2_asm.o)
                0x08008624                memcpy
                0x08008624                __aeabi_memcpy
                0x08008624                __aeabi_memcpy4
                0x08008624                __aeabi_memcpy8
 .text.libc.memset
                0x08008640       0x14 /Applications/CrossWorks for ARM 2.3/lib/libc_v7m_t_le_eabi_small.a(libc2_asm.o)
                0x08008640                memset
 .text.libc.strcpy
                0x08008654       0x10 /Applications/CrossWorks for ARM 2.3/lib/libc_v7m_t_le_eabi_small.a(libc2_asm.o)
                0x08008654                strcpy
 .text.libc.strcmp
                0x08008664       0x18 /Applications/CrossWorks for ARM 2.3/lib/libc_v7m_t_le_eabi_small.a(libc2_asm.o)
                0x08008664                strcmp
 .text.libc.strlen
                0x0800867c       0x10 /Applications/CrossWorks for ARM 2.3/lib/libc_v7m_t_le_eabi_small.a(libc2_asm.o)
                0x0800867c                strlen
 .text.libc.__vfprintf_int
                0x0800868c      0x450 /Applications/CrossWorks for ARM 2.3/lib/libc_v7m_t_le_eabi_small.a(__vfprintf_int.o)
                0x0800868c                __vfprintf_int
 .text.libc.__ungetc
                0x08008adc       0x1c /Applications/CrossWorks for ARM 2.3/lib/libc_v7m_t_le_eabi_small.a(__vfscanf_int.o)
 .text.libc.rd_int
                0x08008af8      0x13a /Applications/CrossWorks for ARM 2.3/lib/libc_v7m_t_le_eabi_small.a(__vfscanf_int.o)
 *fill*         0x08008c32        0x2 00
 .text.libc.__vfscanf_int
                0x08008c34      0x2c0 /Applications/CrossWorks for ARM 2.3/lib/libc_v7m_t_le_eabi_small.a(__vfscanf_int.o)
                0x08008c34                __vfscanf_int
 .text.libdebugio.__do_debug_operation_mempoll
                0x08008ef4       0x30 /Applications/CrossWorks for ARM 2.3/lib/libdebugio_v7m_t_le_eabi_small.a(libdebugio.o)
                0x08008ef4                __do_debug_operation_mempoll
 .text.libc.__heap_lock
                0x08008f24        0x2 /Applications/CrossWorks for ARM 2.3/lib/libc_user_libc_v7m_t_le_eabi_small.a(user_libc.o)
                0x08008f24                __heap_lock
 .text.libc.__heap_unlock
                0x08008f26        0x2 /Applications/CrossWorks for ARM 2.3/lib/libc_user_libc_v7m_t_le_eabi_small.a(user_libc.o)
                0x08008f26                __heap_unlock
 .text.libc.__debug_io_lock
                0x08008f28        0x2 /Applications/CrossWorks for ARM 2.3/lib/libc_user_libc_v7m_t_le_eabi_small.a(user_libc.o)
                0x08008f28                __debug_io_lock
 .text.libc.__debug_io_unlock
                0x08008f2a        0x2 /Applications/CrossWorks for ARM 2.3/lib/libc_user_libc_v7m_t_le_eabi_small.a(user_libc.o)
                0x08008f2a                __debug_io_unlock
                0x08008f2c                __text_end__ = (__text_start__ + SIZEOF (.text))
                0x08008f2c                __text_load_end__ = __text_end__

.vfp11_veneer   0x00000000        0x0
 .vfp11_veneer  0x00000000        0x0 linker stubs

.v4_bx          0x00000000        0x0
 .v4_bx         0x00000000        0x0 linker stubs

.iplt           0x00000000        0x0
 .iplt          0x00000000        0x0 THUMB Debug/main.o
                0x00000001                . = ASSERT (((__text_end__ >= __FLASH_segment_start__) && (__text_end__ <= __FLASH_segment_end__)), error: .text is too large to fit in FLASH memory segment)
                0x08008f2c                __dtors_load_start__ = ALIGN (__text_end__, 0x4)

.dtors          0x08008f2c        0x0
                0x08008f2c                __dtors_start__ = .
 *(SORT(.dtors.*))
 *(.dtors)
 *(.fini_array .fini_array.*)
                0x08008f2c                __dtors_end__ = (__dtors_start__ + SIZEOF (.dtors))
                0x08008f2c                __dtors_load_end__ = __dtors_end__
                0x00000001                . = ASSERT (((__dtors_end__ >= __FLASH_segment_start__) && (__dtors_end__ <= __FLASH_segment_end__)), error: .dtors is too large to fit in FLASH memory segment)
                0x08008f2c                __ctors_load_start__ = ALIGN (__dtors_end__, 0x4)

.ctors          0x08008f2c        0x0
                0x08008f2c                __ctors_start__ = .
 *(SORT(.ctors.*))
 *(.ctors)
 *(.init_array .init_array.*)
                0x08008f2c                __ctors_end__ = (__ctors_start__ + SIZEOF (.ctors))
                0x08008f2c                __ctors_load_end__ = __ctors_end__
                0x00000001                . = ASSERT (((__ctors_end__ >= __FLASH_segment_start__) && (__ctors_end__ <= __FLASH_segment_end__)), error: .ctors is too large to fit in FLASH memory segment)
                0x08008f2c                __rodata_load_start__ = ALIGN (__ctors_end__, 0x4)

.rodata         0x08008f2c      0xa77
                0x08008f2c                __rodata_start__ = .
 *(.rodata .rodata.* .gnu.linkonce.r.*)
 .rodata.STRID_L15X
                0x08008f2c        0x5 THUMB Debug/main.o
                0x08008f2c                STRID_L15X
 .rodata.str1.1
                0x08008f31      0x5e2 THUMB Debug/main.o
                                0x61d (size before relaxing)
 *fill*         0x08009513        0x1 00
 .rodata.BOOTCOMMANDS
                0x08009514      0x1c8 THUMB Debug/main.o
                0x08009514                BOOTCOMMANDS
 .rodata.STRID_F100
                0x080096dc        0x5 THUMB Debug/main.o
                0x080096dc                STRID_F100
 .rodata.STRID_F103
                0x080096e1        0x5 THUMB Debug/main.o
                0x080096e1                STRID_F103
 .rodata.str1.1
                0x00000000        0x2 THUMB Debug/pygmy_com.o
 .rodata.PYGMY_ADC_CHANNELS
                0x080096e6       0x12 THUMB Debug/pygmy_adc.o
                0x080096e6                PYGMY_ADC_CHANNELS
 .rodata.PYGMY_TIMERVECTORS_L15X
                0x080096f8       0x12 THUMB Debug/pygmy_nvic.o
                0x080096f8                PYGMY_TIMERVECTORS_L15X
 .rodata.PYGMY_TIMERVECTORS
                0x0800970a       0x12 THUMB Debug/pygmy_nvic.o
                0x0800970a                PYGMY_TIMERVECTORS
 .rodata.str1.1
                0x0800971c       0xb1 THUMB Debug/pygmy_pfat.o
                                 0xc9 (size before relaxing)
 .rodata.PYGMY_TIMERPINS
                0x080097cd       0x10 THUMB Debug/pygmy_port.o
                0x080097cd                PYGMY_TIMERPINS
 .rodata.str1.1
                0x080097dd       0xbf THUMB Debug/pygmy_string.o
                                 0xd9 (size before relaxing)
 .rodata.PYGMYHEXCHARS
                0x0800989c       0x10 THUMB Debug/pygmy_string.o
                0x0800989c                PYGMYHEXCHARS
 .rodata.PYGMY_DAYSINMONTH
                0x080098ac        0xc THUMB Debug/pygmy_sys.o
                0x080098ac                PYGMY_DAYSINMONTH
 .rodata.str1.1
                0x080098b8       0x2d THUMB Debug/pygmy_sys.o
                                 0x2f (size before relaxing)
 *fill*         0x080098e5        0x3 00
 .rodata.CSWTCH.69
                0x080098e8       0x44 THUMB Debug/pygmy_sys.o
 .rodata.str1.1
                0x0800992c       0x11 THUMB Debug/pygmy_xmodem.o
                                 0x14 (size before relaxing)
 *fill*         0x0800993d        0x3 00
 .rodata.SST25VF
                0x08009940       0x3c THUMB Debug/sst25vf.o
                0x08009940                SST25VF
 .rodata.libc.__hex_lc
                0x0800997c       0x10 /Applications/CrossWorks for ARM 2.3/lib/libc_v7m_t_le_eabi_small.a(libc2.o)
                0x0800997c                __hex_lc
 .rodata.libc.__hex_uc
                0x0800998c       0x10 /Applications/CrossWorks for ARM 2.3/lib/libc_v7m_t_le_eabi_small.a(libc2.o)
                0x0800998c                __hex_uc
 .rodata.libc.str1.1
                0x0800999c        0x7 /Applications/CrossWorks for ARM 2.3/lib/libc_v7m_t_le_eabi_small.a(__vfprintf_int.o)
                0x080099a3                __rodata_end__ = (__rodata_start__ + SIZEOF (.rodata))
                0x080099a3                __rodata_load_end__ = __rodata_end__

.rel.dyn        0x08080000        0x0
 .rel.iplt      0x00000000        0x0 THUMB Debug/main.o
                0x00000001                . = ASSERT (((__rodata_end__ >= __FLASH_segment_start__) && (__rodata_end__ <= __FLASH_segment_end__)), error: .rodata is too large to fit in FLASH memory segment)
                0x080099a4                __ARM.exidx_load_start__ = ALIGN (__rodata_end__, 0x4)

.ARM.exidx      0x080099a4        0x0
                0x080099a4                __ARM.exidx_start__ = .
                0x080099a4                __exidx_start = __ARM.exidx_start__
 *(.ARM.exidx .ARM.exidx.*)
                0x080099a4                __ARM.exidx_end__ = (__ARM.exidx_start__ + SIZEOF (.ARM.exidx))
                0x080099a4                __exidx_end = __ARM.exidx_end__
                0x080099a4                __ARM.exidx_load_end__ = __ARM.exidx_end__
                0x00000001                . = ASSERT (((__ARM.exidx_end__ >= __FLASH_segment_start__) && (__ARM.exidx_end__ <= __FLASH_segment_end__)), error: .ARM.exidx is too large to fit in FLASH memory segment)
                0x080099a4                __fast_load_start__ = ALIGN (__ARM.exidx_end__, 0x4)

.fast           0x20000000        0x0 load address 0x080099a4
                0x20000000                __fast_start__ = .
 *(.fast .fast.*)
                0x20000000                __fast_end__ = (__fast_start__ + SIZEOF (.fast))
                0x080099a4                __fast_load_end__ = (__fast_load_start__ + SIZEOF (.fast))
                0x00000001                . = ASSERT (((__fast_load_end__ >= __FLASH_segment_start__) && (__fast_load_end__ <= __FLASH_segment_end__)), error: .fast is too large to fit in FLASH memory segment)

.fast_run       0x20000000        0x0
                0x20000000                __fast_run_start__ = .
                0x20000000                . = MAX ((__fast_run_start__ + SIZEOF (.fast)), .)
                0x20000000                __fast_run_end__ = (__fast_run_start__ + SIZEOF (.fast_run))
                0x20000000                __fast_run_load_end__ = __fast_run_end__
                0x00000001                . = ASSERT (((__fast_run_end__ >= __RAM_segment_start__) && (__fast_run_end__ <= __RAM_segment_end__)), error: .fast_run is too large to fit in RAM memory segment)
                0x080099a4                __data_load_start__ = ALIGN ((__fast_load_start__ + SIZEOF (.fast)), 0x4)

.data           0x20000000       0x4c load address 0x080099a4
                0x20000000                __data_start__ = .
 *(.data .data.* .gnu.linkonce.d.*)
 .data.date     0x20000000        0x4 THUMB Debug/main.o
                0x20000000                date
 .data.time     0x20000004        0x4 THUMB Debug/main.o
                0x20000004                time
 .data.globalPFATVersionTag
                0x20000008        0xd THUMB Debug/pygmy_pfat.o
                0x20000008                globalPFATVersionTag
 *fill*         0x20000015        0x3 00
 .data.PYGMYMONTHABBREVIATIONS
                0x20000018       0x30 THUMB Debug/pygmy_string.o
                0x20000018                PYGMYMONTHABBREVIATIONS
 .data.libc.heap
                0x20000048        0x4 /Applications/CrossWorks for ARM 2.3/lib/libc_v7m_t_le_eabi_small.a(libc2.o)
                0x2000004c                __data_end__ = (__data_start__ + SIZEOF (.data))
                0x080099f0                __data_load_end__ = (__data_load_start__ + SIZEOF (.data))

.igot.plt       0x00000000        0x0
 .igot.plt      0x00000000        0x0 THUMB Debug/main.o
                0x00000001                . = ASSERT (((__data_load_end__ >= __FLASH_segment_start__) && (__data_load_end__ <= __FLASH_segment_end__)), error: .data is too large to fit in FLASH memory segment)

.data_run       0x20000000       0x4c load address 0x080099a4
                0x20000000                __data_run_start__ = .
                0x2000004c                . = MAX ((__data_run_start__ + SIZEOF (.data)), .)
 *fill*         0x20000000       0x4c 00
                0x2000004c                __data_run_end__ = (__data_run_start__ + SIZEOF (.data_run))
                0x2000004c                __data_run_load_end__ = __data_run_end__
                0x00000001                . = ASSERT (((__data_run_end__ >= __RAM_segment_start__) && (__data_run_end__ <= __RAM_segment_end__)), error: .data_run is too large to fit in RAM memory segment)
                0x2000004c                __bss_load_start__ = ALIGN (__data_run_end__, 0x4)

.bss            0x2000004c      0x444
                0x2000004c                __bss_start__ = .
 *(.bss .bss.* .gnu.linkonce.b.*)
 .bss.globalFreq
                0x2000004c        0x4 THUMB Debug/main.o
                0x2000004c                globalFreq
 .bss.globalID  0x20000050        0x4 THUMB Debug/main.o
                0x20000050                globalID
 .bss.globalStrID
                0x20000054        0x4 THUMB Debug/main.o
                0x20000054                globalStrID
 .bss.pygmyFile
                0x20000058       0x34 THUMB Debug/main.o
                0x20000058                pygmyFile
 .bss.globalPLL
                0x2000008c        0x4 THUMB Debug/main.o
                0x2000008c                globalPLL
 .bss.version   0x20000090        0x4 THUMB Debug/main.o
                0x20000090                version
 .bss.ucBuffer.6232
                0x20000094      0x100 THUMB Debug/main.o
 .bss.globalStatus
                0x20000194        0x1 THUMB Debug/main.o
                0x20000194                globalStatus
 *fill*         0x20000195        0x3 00
 .bss.XModem    0x20000198       0x9c THUMB Debug/main.o
                0x20000198                XModem
 .bss.globalXTAL
                0x20000234        0x4 THUMB Debug/main.o
                0x20000234                globalXTAL
 .bss.ucIndex.6233
                0x20000238        0x1 THUMB Debug/main.o
 .bss.globalBootStatus
                0x20000239        0x1 THUMB Debug/main.o
                0x20000239                globalBootStatus
 *fill*         0x2000023a        0x2 00
 .bss.globalStreams
                0x2000023c       0x78 THUMB Debug/pygmy_com.o
                0x2000023c                globalStreams
 .bss.globalSTDIO
                0x200002b4        0x1 THUMB Debug/pygmy_com.o
                0x200002b4                globalSTDIO
 *fill*         0x200002b5        0x1 00
 .bss.globalADCStatus
                0x200002b6        0x2 THUMB Debug/pygmy_adc.o
                0x200002b6                globalADCStatus
 .bss.AddrOffset.5686
                0x200002b8        0x4 THUMB Debug/pygmy_fpec.o
 .bss.Dummy.5687
                0x200002bc        0x1 THUMB Debug/pygmy_fpec.o
 *fill*         0x200002bd        0x3 00
 .bss.Address.5685
                0x200002c0        0x4 THUMB Debug/pygmy_fpec.o
 .bss.globalVolumes
                0x200002c4        0x4 THUMB Debug/pygmy_pfat.o
                0x200002c4                globalVolumes
 .bss.globalVolumeCount
                0x200002c8        0x1 THUMB Debug/pygmy_pfat.o
                0x200002c8                globalVolumeCount
 *fill*         0x200002c9        0x3 00
 .bss.globalVolumeCurrent
                0x200002cc        0x4 THUMB Debug/pygmy_pfat.o
                0x200002cc                globalVolumeCurrent
 .bss.globalIRQHandlers
                0x200002d0       0x40 THUMB Debug/pygmy_port.o
                0x200002d0                globalIRQHandlers
 .bss.globalPygmyPWMFreq
                0x20000310        0x4 THUMB Debug/pygmy_port.o
                0x20000310                globalPygmyPWMFreq
 .bss.globalPygmyPWM
                0x20000314       0x80 THUMB Debug/pygmy_port.o
                0x20000314                globalPygmyPWM
 .bss.globalPygmyPWMCR
                0x20000394        0x4 THUMB Debug/pygmy_port.o
                0x20000394                globalPygmyPWMCR
 .bss.globalIRQPR
                0x20000398        0x2 THUMB Debug/pygmy_port.o
                0x20000398                globalIRQPR
 *fill*         0x2000039a        0x2 00
 .bss.ucIndex.6309
                0x2000039c        0x4 THUMB Debug/pygmy_string.o
 .bss.ucBufferCopy.6310
                0x200003a0        0x4 THUMB Debug/pygmy_string.o
 .bss.pygmyGlobalTasks
                0x200003a4        0x4 THUMB Debug/pygmy_sys.o
                0x200003a4                pygmyGlobalTasks
 .bss.pygmyGlobalData
                0x200003a8       0xc8 THUMB Debug/pygmy_sys.o
                0x200003a8                pygmyGlobalData
 .bss.pygmyGlobalTaskCount
                0x20000470        0x4 THUMB Debug/pygmy_sys.o
                0x20000470                pygmyGlobalTaskCount
 .bss.ulAccumulator.6027
                0x20000474        0x4 THUMB Debug/pygmy_sys.o
 .bss.ulIndex.6029
                0x20000478        0x4 THUMB Debug/pygmy_sys.o
 .bss.ulMask.6028
                0x2000047c        0x4 THUMB Debug/pygmy_sys.o
 .bss.libc.__format_extender
                0x20000480        0x4 /Applications/CrossWorks for ARM 2.3/lib/libc_v7m_t_le_eabi_small.a(libc2.o)
                0x20000480                __format_extender
 .bss.libc.last.5518
                0x20000484        0x4 /Applications/CrossWorks for ARM 2.3/lib/libc_v7m_t_le_eabi_small.a(libc2.o)
 .bss.libdebugio.dbgCommWord
                0x20000488        0x4 /Applications/CrossWorks for ARM 2.3/lib/libdebugio_v7m_t_le_eabi_small.a(libdebugio.o)
                0x20000488                dbgCommWord
 .bss.libdebugio.dbgCntrlWord_mempoll
                0x2000048c        0x4 /Applications/CrossWorks for ARM 2.3/lib/libdebugio_v7m_t_le_eabi_small.a(libdebugio.o)
                0x2000048c                dbgCntrlWord_mempoll
 *(COMMON)
                0x20000490                __bss_end__ = (__bss_start__ + SIZEOF (.bss))
                0x20000490                __bss_load_end__ = __bss_end__
                0x00000001                . = ASSERT (((__bss_end__ >= __RAM_segment_start__) && (__bss_end__ <= __RAM_segment_end__)), error: .bss is too large to fit in RAM memory segment)
                0x20000490                __non_init_load_start__ = ALIGN (__bss_end__, 0x4)

.non_init       0x20000490        0x0
                0x20000490                __non_init_start__ = .
 *(.non_init .non_init.*)
                0x20000490                __non_init_end__ = (__non_init_start__ + SIZEOF (.non_init))
                0x20000490                __non_init_load_end__ = __non_init_end__
                0x00000001                . = ASSERT (((__non_init_end__ >= __RAM_segment_start__) && (__non_init_end__ <= __RAM_segment_end__)), error: .non_init is too large to fit in RAM memory segment)
                0x20000490                __heap_load_start__ = ALIGN (__non_init_end__, 0x4)

.heap           0x20000490    0x10000
                0x20000490                __heap_start__ = .
 *(.heap .heap.*)
                0x20010490                . = ALIGN (MAX ((__heap_start__ + __HEAPSIZE__), .), 0x4)
 *fill*         0x20000490    0x10000 00
                0x20010490                __heap_end__ = (__heap_start__ + SIZEOF (.heap))
                0x20010490                __heap_load_end__ = __heap_end__
                0x00000001                . = ASSERT (((__heap_end__ >= __RAM_segment_start__) && (__heap_end__ <= __RAM_segment_end__)), error: .heap is too large to fit in RAM memory segment)
                0x20010490                __stack_load_start__ = ALIGN (__heap_end__, 0x4)

.stack          0x20010490     0x1000
                0x20010490                __stack_start__ = .
 *(.stack .stack.*)
                0x20011490                . = ALIGN (MAX ((__stack_start__ + __STACKSIZE__), .), 0x4)
 *fill*         0x20010490     0x1000 00
                0x20011490                __stack_end__ = (__stack_start__ + SIZEOF (.stack))
                0x20011490                __stack_load_end__ = __stack_end__
                0x00000001                . = ASSERT (((__stack_end__ >= __RAM_segment_start__) && (__stack_end__ <= __RAM_segment_end__)), error: .stack is too large to fit in RAM memory segment)
                0x20011490                __stack_process_load_start__ = ALIGN (__stack_end__, 0x4)

.stack_process  0x20011490      0x400
                0x20011490                __stack_process_start__ = .
 *(.stack_process .stack_process.*)
                0x20011890                . = ALIGN (MAX ((__stack_process_start__ + __STACKSIZE_PROCESS__), .), 0x4)
 *fill*         0x20011490      0x400 00
                0x20011890                __stack_process_end__ = (__stack_process_start__ + SIZEOF (.stack_process))
                0x20011890                __stack_process_load_end__ = __stack_process_end__
                0x00000001                . = ASSERT (((__stack_process_end__ >= __RAM_segment_start__) && (__stack_process_end__ <= __RAM_segment_end__)), error: .stack_process is too large to fit in RAM memory segment)
                0x20011890                __tbss_load_start__ = ALIGN (__stack_process_end__, 0x4)

.tbss           0x20011890        0x0
                0x20011890                __tbss_start__ = .
 *(.tbss .tbss.*)
                0x20011890                __tbss_end__ = (__tbss_start__ + SIZEOF (.tbss))
                0x20011890                __tbss_load_end__ = __tbss_end__
                0x00000001                . = ASSERT (((__tbss_end__ >= __RAM_segment_start__) && (__tbss_end__ <= __RAM_segment_end__)), error: .tbss is too large to fit in RAM memory segment)
                0x080099f0                __tdata_load_start__ = ALIGN ((__data_load_start__ + SIZEOF (.data)), 0x4)

.tdata          0x20011890        0x0 load address 0x080099f0
                0x20011890                __tdata_start__ = .
 *(.tdata .tdata.*)
                0x20011890                __tdata_end__ = (__tdata_start__ + SIZEOF (.tdata))
                0x080099f0                __tdata_load_end__ = (__tdata_load_start__ + SIZEOF (.tdata))
                0x080099f0                __FLASH_segment_used_end__ = (ALIGN ((__data_load_start__ + SIZEOF (.data)), 0x4) + SIZEOF (.tdata))
                0x00000001                . = ASSERT (((__tdata_load_end__ >= __FLASH_segment_start__) && (__tdata_load_end__ <= __FLASH_segment_end__)), error: .tdata is too large to fit in FLASH memory segment)

.tdata_run      0x20011890        0x0
                0x20011890                __tdata_run_start__ = .
                0x20011890                . = MAX ((__tdata_run_start__ + SIZEOF (.tdata)), .)
                0x20011890                __tdata_run_end__ = (__tdata_run_start__ + SIZEOF (.tdata_run))
                0x20011890                __tdata_run_load_end__ = __tdata_run_end__
                0x20011890                __RAM_segment_used_end__ = (ALIGN (__tbss_end__, 0x4) + SIZEOF (.tdata_run))
                0x00000001                . = ASSERT (((__tdata_run_end__ >= __RAM_segment_start__) && (__tdata_run_end__ <= __RAM_segment_end__)), error: .tdata_run is too large to fit in RAM memory segment)
START GROUP
LOAD THUMB Debug/main.o
LOAD THUMB Debug/pygmy_com.o
LOAD THUMB Debug/pygmy_adc.o
LOAD THUMB Debug/pygmy_cmd.o
LOAD THUMB Debug/pygmy_fpec.o
LOAD THUMB Debug/pygmy_nvic.o
LOAD THUMB Debug/pygmy_pfat.o
LOAD THUMB Debug/pygmy_port.o
LOAD THUMB Debug/pygmy_rtc.o
LOAD THUMB Debug/pygmy_socket.o
LOAD THUMB Debug/pygmy_string.o
LOAD THUMB Debug/pygmy_sys.o
LOAD THUMB Debug/pygmy_xmodem.o
LOAD THUMB Debug/sst25vf.o
LOAD THUMB Debug/pygmy_xml.o
LOAD THUMB Debug/pygmy_xml.h.o
LOAD THUMB Debug/thumb_crt0.o
LOAD THUMB Debug/STM32_Startup.o
LOAD /Applications/CrossWorks for ARM 2.3/lib/libcm_v7m_t_le_eabi_small.a
LOAD /Applications/CrossWorks for ARM 2.3/lib/libm_v7m_t_le_eabi_small.a
LOAD /Applications/CrossWorks for ARM 2.3/lib/libc_v7m_t_le_eabi_small.a
LOAD /Applications/CrossWorks for ARM 2.3/lib/libcpp_v7m_t_le_eabi_small.a
LOAD /Applications/CrossWorks for ARM 2.3/lib/libdebugio_v7m_t_le_eabi_small.a
LOAD /Applications/CrossWorks for ARM 2.3/lib/libc_targetio_impl_v7m_t_le_eabi_small.a
LOAD /Applications/CrossWorks for ARM 2.3/lib/libc_user_libc_v7m_t_le_eabi_small.a
END GROUP
OUTPUT(THUMB Debug/bootv2.elf elf32-littlearm)

.debug_frame    0x00000000     0x6220
 .debug_frame   0x00000000      0x814 THUMB Debug/main.o
 .debug_frame   0x00000814      0x8f8 THUMB Debug/pygmy_com.o
 .debug_frame   0x0000110c      0x134 THUMB Debug/pygmy_adc.o
 .debug_frame   0x00001240      0x19c THUMB Debug/pygmy_fpec.o
 .debug_frame   0x000013dc       0x6c THUMB Debug/pygmy_nvic.o
 .debug_frame   0x00001448      0xcf0 THUMB Debug/pygmy_pfat.o
 .debug_frame   0x00002138      0x330 THUMB Debug/pygmy_port.o
 .debug_frame   0x00002468       0xd0 THUMB Debug/pygmy_rtc.o
 .debug_frame   0x00002538      0x670 THUMB Debug/pygmy_string.o
 .debug_frame   0x00002ba8      0x560 THUMB Debug/pygmy_sys.o
 .debug_frame   0x00003108       0xf4 THUMB Debug/pygmy_xmodem.o
 .debug_frame   0x000031fc      0x258 THUMB Debug/sst25vf.o
 .debug_frame   0x00003454      0x600 /Applications/CrossWorks for ARM 2.3/lib/libm_v7m_t_le_eabi_small.a(libm_asm.o)
 .debug_frame   0x00003a54      0x978 /Applications/CrossWorks for ARM 2.3/lib/libm_v7m_t_le_eabi_small.a(libm2.o)
 .debug_frame   0x000043cc       0xc0 /Applications/CrossWorks for ARM 2.3/lib/libm_v7m_t_le_eabi_small.a(libm2_asm.o)
 .debug_frame   0x0000448c      0x260 /Applications/CrossWorks for ARM 2.3/lib/libc_v7m_t_le_eabi_small.a(libc_asm.o)
 .debug_frame   0x000046ec     0x11e4 /Applications/CrossWorks for ARM 2.3/lib/libc_v7m_t_le_eabi_small.a(libc2.o)
 .debug_frame   0x000058d0      0x120 /Applications/CrossWorks for ARM 2.3/lib/libc_v7m_t_le_eabi_small.a(libc2_asm.o)
 .debug_frame   0x000059f0       0x40 /Applications/CrossWorks for ARM 2.3/lib/libc_v7m_t_le_eabi_small.a(__vfprintf_int.o)
 .debug_frame   0x00005a30       0x8c /Applications/CrossWorks for ARM 2.3/lib/libc_v7m_t_le_eabi_small.a(__vfscanf_int.o)
 .debug_frame   0x00005abc      0x6c4 /Applications/CrossWorks for ARM 2.3/lib/libdebugio_v7m_t_le_eabi_small.a(libdebugio.o)
 .debug_frame   0x00006180       0xa0 /Applications/CrossWorks for ARM 2.3/lib/libc_user_libc_v7m_t_le_eabi_small.a(user_libc.o)

.debug_info     0x00000000    0x1951e
 .debug_info    0x00000000     0x4fff THUMB Debug/main.o
 .debug_info    0x00004fff     0x2fb0 THUMB Debug/pygmy_com.o
 .debug_info    0x00007faf      0x8ce THUMB Debug/pygmy_adc.o
 .debug_info    0x0000887d      0xe3f THUMB Debug/pygmy_fpec.o
 .debug_info    0x000096bc      0x3a1 THUMB Debug/pygmy_nvic.o
 .debug_info    0x00009a5d     0x5db0 THUMB Debug/pygmy_pfat.o
 .debug_info    0x0000f80d     0x1695 THUMB Debug/pygmy_port.o
 .debug_info    0x00010ea2      0x556 THUMB Debug/pygmy_rtc.o
 .debug_info    0x000113f8     0x227d THUMB Debug/pygmy_string.o
 .debug_info    0x00013675     0x2a06 THUMB Debug/pygmy_sys.o
 .debug_info    0x0001607b      0xab9 THUMB Debug/pygmy_xmodem.o
 .debug_info    0x00016b34      0xf24 THUMB Debug/sst25vf.o
 .debug_info    0x00017a58       0x8f THUMB Debug/thumb_crt0.o
 .debug_info    0x00017ae7       0xc8 THUMB Debug/STM32_Startup.o
 .debug_info    0x00017baf      0x5c7 /Applications/CrossWorks for ARM 2.3/lib/libm_v7m_t_le_eabi_small.a(libm2.o)
 .debug_info    0x00018176      0xce6 /Applications/CrossWorks for ARM 2.3/lib/libc_v7m_t_le_eabi_small.a(libc2.o)
 .debug_info    0x00018e5c       0x37 /Applications/CrossWorks for ARM 2.3/lib/libc_v7m_t_le_eabi_small.a(__vfprintf_int.o)
 .debug_info    0x00018e93       0x6e /Applications/CrossWorks for ARM 2.3/lib/libc_v7m_t_le_eabi_small.a(__vfscanf_int.o)
 .debug_info    0x00018f01      0x547 /Applications/CrossWorks for ARM 2.3/lib/libdebugio_v7m_t_le_eabi_small.a(libdebugio.o)
 .debug_info    0x00019448       0xd6 /Applications/CrossWorks for ARM 2.3/lib/libc_user_libc_v7m_t_le_eabi_small.a(user_libc.o)

.debug_abbrev   0x00000000     0x2a17
 .debug_abbrev  0x00000000      0x428 THUMB Debug/main.o
 .debug_abbrev  0x00000428      0x3f3 THUMB Debug/pygmy_com.o
 .debug_abbrev  0x0000081b      0x23e THUMB Debug/pygmy_adc.o
 .debug_abbrev  0x00000a59      0x33e THUMB Debug/pygmy_fpec.o
 .debug_abbrev  0x00000d97      0x121 THUMB Debug/pygmy_nvic.o
 .debug_abbrev  0x00000eb8      0x52d THUMB Debug/pygmy_pfat.o
 .debug_abbrev  0x000013e5      0x415 THUMB Debug/pygmy_port.o
 .debug_abbrev  0x000017fa      0x194 THUMB Debug/pygmy_rtc.o
 .debug_abbrev  0x0000198e      0x3ce THUMB Debug/pygmy_string.o
 .debug_abbrev  0x00001d5c      0x502 THUMB Debug/pygmy_sys.o
 .debug_abbrev  0x0000225e      0x1f4 THUMB Debug/pygmy_xmodem.o
 .debug_abbrev  0x00002452      0x26f THUMB Debug/sst25vf.o
 .debug_abbrev  0x000026c1       0x14 THUMB Debug/thumb_crt0.o
 .debug_abbrev  0x000026d5       0x14 THUMB Debug/STM32_Startup.o
 .debug_abbrev  0x000026e9       0xb2 /Applications/CrossWorks for ARM 2.3/lib/libm_v7m_t_le_eabi_small.a(libm2.o)
 .debug_abbrev  0x0000279b      0x163 /Applications/CrossWorks for ARM 2.3/lib/libc_v7m_t_le_eabi_small.a(libc2.o)
 .debug_abbrev  0x000028fe       0x28 /Applications/CrossWorks for ARM 2.3/lib/libc_v7m_t_le_eabi_small.a(__vfprintf_int.o)
 .debug_abbrev  0x00002926       0x59 /Applications/CrossWorks for ARM 2.3/lib/libc_v7m_t_le_eabi_small.a(__vfscanf_int.o)
 .debug_abbrev  0x0000297f       0x70 /Applications/CrossWorks for ARM 2.3/lib/libdebugio_v7m_t_le_eabi_small.a(libdebugio.o)
 .debug_abbrev  0x000029ef       0x28 /Applications/CrossWorks for ARM 2.3/lib/libc_user_libc_v7m_t_le_eabi_small.a(user_libc.o)

.debug_loc      0x00000000     0xf7bd
 .debug_loc     0x00000000     0x1f5a THUMB Debug/main.o
 .debug_loc     0x00001f5a     0x1ed6 THUMB Debug/pygmy_com.o
 .debug_loc     0x00003e30      0x23e THUMB Debug/pygmy_adc.o
 .debug_loc     0x0000406e      0x695 THUMB Debug/pygmy_fpec.o
 .debug_loc     0x00004703      0x204 THUMB Debug/pygmy_nvic.o
 .debug_loc     0x00004907     0x4571 THUMB Debug/pygmy_pfat.o
 .debug_loc     0x00008e78      0xc8f THUMB Debug/pygmy_port.o
 .debug_loc     0x00009b07      0x2a5 THUMB Debug/pygmy_rtc.o
 .debug_loc     0x00009dac     0x1fb0 THUMB Debug/pygmy_string.o
 .debug_loc     0x0000bd5c     0x11f8 THUMB Debug/pygmy_sys.o
 .debug_loc     0x0000cf54      0x3e0 THUMB Debug/pygmy_xmodem.o
 .debug_loc     0x0000d334      0x77b THUMB Debug/sst25vf.o
 .debug_loc     0x0000daaf      0x83e /Applications/CrossWorks for ARM 2.3/lib/libm_v7m_t_le_eabi_small.a(libm2.o)
 .debug_loc     0x0000e2ed      0xe6a /Applications/CrossWorks for ARM 2.3/lib/libc_v7m_t_le_eabi_small.a(libc2.o)
 .debug_loc     0x0000f157       0x2d /Applications/CrossWorks for ARM 2.3/lib/libc_v7m_t_le_eabi_small.a(__vfprintf_int.o)
 .debug_loc     0x0000f184       0x6d /Applications/CrossWorks for ARM 2.3/lib/libc_v7m_t_le_eabi_small.a(__vfscanf_int.o)
 .debug_loc     0x0000f1f1      0x5cc /Applications/CrossWorks for ARM 2.3/lib/libdebugio_v7m_t_le_eabi_small.a(libdebugio.o)

.debug_aranges  0x00000000     0x1a10
 .debug_aranges
                0x00000000      0x250 THUMB Debug/main.o
 .debug_aranges
                0x00000250      0x2e0 THUMB Debug/pygmy_com.o
 .debug_aranges
                0x00000530       0x90 THUMB Debug/pygmy_adc.o
 .debug_aranges
                0x000005c0       0x98 THUMB Debug/pygmy_fpec.o
 .debug_aranges
                0x00000658       0x38 THUMB Debug/pygmy_nvic.o
 .debug_aranges
                0x00000690      0x2f0 THUMB Debug/pygmy_pfat.o
 .debug_aranges
                0x00000980      0x110 THUMB Debug/pygmy_port.o
 .debug_aranges
                0x00000a90       0x68 THUMB Debug/pygmy_rtc.o
 .debug_aranges
                0x00000af8      0x218 THUMB Debug/pygmy_string.o
 .debug_aranges
                0x00000d10      0x1e8 THUMB Debug/pygmy_sys.o
 .debug_aranges
                0x00000ef8       0x60 THUMB Debug/pygmy_xmodem.o
 .debug_aranges
                0x00000f58       0xa0 THUMB Debug/sst25vf.o
 .debug_aranges
                0x00000ff8       0x20 THUMB Debug/thumb_crt0.o
 .debug_aranges
                0x00001018       0x20 THUMB Debug/STM32_Startup.o
 .debug_aranges
                0x00001038      0x228 /Applications/CrossWorks for ARM 2.3/lib/libm_v7m_t_le_eabi_small.a(libm2.o)
 .debug_aranges
                0x00001260      0x4e8 /Applications/CrossWorks for ARM 2.3/lib/libc_v7m_t_le_eabi_small.a(libc2.o)
 .debug_aranges
                0x00001748       0x20 /Applications/CrossWorks for ARM 2.3/lib/libc_v7m_t_le_eabi_small.a(__vfprintf_int.o)
 .debug_aranges
                0x00001768       0x30 /Applications/CrossWorks for ARM 2.3/lib/libc_v7m_t_le_eabi_small.a(__vfscanf_int.o)
 .debug_aranges
                0x00001798      0x218 /Applications/CrossWorks for ARM 2.3/lib/libdebugio_v7m_t_le_eabi_small.a(libdebugio.o)
 .debug_aranges
                0x000019b0       0x60 /Applications/CrossWorks for ARM 2.3/lib/libc_user_libc_v7m_t_le_eabi_small.a(user_libc.o)

.debug_ranges   0x00000000     0x1a30
 .debug_ranges  0x00000000      0x240 THUMB Debug/main.o
 .debug_ranges  0x00000240      0x300 THUMB Debug/pygmy_com.o
 .debug_ranges  0x00000540       0x80 THUMB Debug/pygmy_adc.o
 .debug_ranges  0x000005c0       0x88 THUMB Debug/pygmy_fpec.o
 .debug_ranges  0x00000648       0x28 THUMB Debug/pygmy_nvic.o
 .debug_ranges  0x00000670      0x3a0 THUMB Debug/pygmy_pfat.o
 .debug_ranges  0x00000a10      0x100 THUMB Debug/pygmy_port.o
 .debug_ranges  0x00000b10       0x58 THUMB Debug/pygmy_rtc.o
 .debug_ranges  0x00000b68      0x220 THUMB Debug/pygmy_string.o
 .debug_ranges  0x00000d88      0x250 THUMB Debug/pygmy_sys.o
 .debug_ranges  0x00000fd8       0x50 THUMB Debug/pygmy_xmodem.o
 .debug_ranges  0x00001028       0x90 THUMB Debug/sst25vf.o
 .debug_ranges  0x000010b8      0x218 /Applications/CrossWorks for ARM 2.3/lib/libm_v7m_t_le_eabi_small.a(libm2.o)
 .debug_ranges  0x000012d0      0x4d8 /Applications/CrossWorks for ARM 2.3/lib/libc_v7m_t_le_eabi_small.a(libc2.o)
 .debug_ranges  0x000017a8       0x10 /Applications/CrossWorks for ARM 2.3/lib/libc_v7m_t_le_eabi_small.a(__vfprintf_int.o)
 .debug_ranges  0x000017b8       0x20 /Applications/CrossWorks for ARM 2.3/lib/libc_v7m_t_le_eabi_small.a(__vfscanf_int.o)
 .debug_ranges  0x000017d8      0x208 /Applications/CrossWorks for ARM 2.3/lib/libdebugio_v7m_t_le_eabi_small.a(libdebugio.o)
 .debug_ranges  0x000019e0       0x50 /Applications/CrossWorks for ARM 2.3/lib/libc_user_libc_v7m_t_le_eabi_small.a(user_libc.o)

.debug_line     0x00000000     0x6115
 .debug_line    0x00000000      0xb42 THUMB Debug/main.o
 .debug_line    0x00000b42      0xac9 THUMB Debug/pygmy_com.o
 .debug_line    0x0000160b      0x22d THUMB Debug/pygmy_adc.o
 .debug_line    0x00001838      0x3a9 THUMB Debug/pygmy_fpec.o
 .debug_line    0x00001be1      0x109 THUMB Debug/pygmy_nvic.o
 .debug_line    0x00001cea     0x1187 THUMB Debug/pygmy_pfat.o
 .debug_line    0x00002e71      0x562 THUMB Debug/pygmy_port.o
 .debug_line    0x000033d3      0x21a THUMB Debug/pygmy_rtc.o