Archive member included because of file (symbol)

/Applications/CrossWorks for ARM 2.3/lib/libm_v7m_t_le_eabi_small.a(libm_asm.o)
                              THUMB Debug/si7020.o (__aeabi_i2f)
/Applications/CrossWorks for ARM 2.3/lib/libm_v7m_t_le_eabi_small.a(libm2.o)
                              THUMB Debug/pygmy_string.o (modf)
/Applications/CrossWorks for ARM 2.3/lib/libm_v7m_t_le_eabi_small.a(libm2_asm.o)
                              /Applications/CrossWorks for ARM 2.3/lib/libm_v7m_t_le_eabi_small.a(libm2.o) (fabs)
/Applications/CrossWorks for ARM 2.3/lib/libc_v7m_t_le_eabi_small.a(libc_asm.o)
                              THUMB Debug/pygmy_string.o (__aeabi_ldivmod)
/Applications/CrossWorks for ARM 2.3/lib/libc_v7m_t_le_eabi_small.a(libc2.o)
                              THUMB Debug/pygmy_string.o (malloc)
/Applications/CrossWorks for ARM 2.3/lib/libc_v7m_t_le_eabi_small.a(libc2_asm.o)
                              /Applications/CrossWorks for ARM 2.3/lib/libc_v7m_t_le_eabi_small.a(libc2.o) (memcpy)
/Applications/CrossWorks for ARM 2.3/lib/libdebugio_v7m_t_le_eabi_small.a(libdebugio.o)
                              (__do_debug_operation_mempoll)
/Applications/CrossWorks for ARM 2.3/lib/libc_user_libc_v7m_t_le_eabi_small.a(user_libc.o)
                              /Applications/CrossWorks for ARM 2.3/lib/libm_v7m_t_le_eabi_small.a(libm2.o) (__errno)

Discarded input sections

 .text          0x00000000        0x0 THUMB Debug/main.o
 .data          0x00000000        0x0 THUMB Debug/main.o
 .bss           0x00000000        0x0 THUMB Debug/main.o
 .text.delayms  0x00000000        0xa THUMB Debug/main.o
 .bss.globalXTAL
                0x00000000        0x4 THUMB Debug/main.o
 .bss.globalPLL
                0x00000000        0x4 THUMB Debug/main.o
 .bss.globalID  0x00000000        0x4 THUMB Debug/main.o
 .bss.globalFreq
                0x00000000        0x4 THUMB Debug/main.o
 .text          0x00000000        0x0 THUMB Debug/pygmy_com.o
 .data          0x00000000        0x0 THUMB Debug/pygmy_com.o
 .bss           0x00000000        0x0 THUMB Debug/pygmy_com.o
 .text.comOpen  0x00000000       0x70 THUMB Debug/pygmy_com.o
 .text.comDisable
                0x00000000       0x40 THUMB Debug/pygmy_com.o
 .text.comEnable
                0x00000000       0x4c THUMB Debug/pygmy_com.o
 .text.comGenerateBaud
                0x00000000       0x20 THUMB Debug/pygmy_com.o
 .text.comConfig
                0x00000000       0x60 THUMB Debug/pygmy_com.o
 .text.parallelConfig
                0x00000000       0xf8 THUMB Debug/pygmy_com.o
 .text.parallelWrite
                0x00000000       0x3a THUMB Debug/pygmy_com.o
 .text.parallelRead
                0x00000000       0x12 THUMB Debug/pygmy_com.o
 .text.spiWriteByte
                0x00000000       0x28 THUMB Debug/pygmy_com.o
 .text.spiWriteLong
                0x00000000       0x2c THUMB Debug/pygmy_com.o
 .text.spiWriteAddress
                0x00000000       0x40 THUMB Debug/pygmy_com.o
 .text.spiPutCommand
                0x00000000       0x16 THUMB Debug/pygmy_com.o
 .text.spiReadByte
                0x00000000       0x2c THUMB Debug/pygmy_com.o
 .text.spiGetBuffer
                0x00000000       0x3c THUMB Debug/pygmy_com.o
 .text.spiGetLong
                0x00000000       0x4e THUMB Debug/pygmy_com.o
 .text.spiGetWord
                0x00000000       0x3a THUMB Debug/pygmy_com.o
 .text.spiGetChar
                0x00000000       0x2c THUMB Debug/pygmy_com.o
 .text.spiPutBuffer
                0x00000000       0x3c THUMB Debug/pygmy_com.o
 .text.spiPutLong
                0x00000000       0x4c THUMB Debug/pygmy_com.o
 .text.spiPutWord
                0x00000000       0x38 THUMB Debug/pygmy_com.o
 .text.spiPutChar
                0x00000000       0x30 THUMB Debug/pygmy_com.o
 .text.spiReadBuffer
                0x00000000       0x2a THUMB Debug/pygmy_com.o
 .text.spiWriteBuffer
                0x00000000       0x2a THUMB Debug/pygmy_com.o
 .text.spiConfig
                0x00000000       0x9e THUMB Debug/pygmy_com.o
 .text.i2cInit  0x00000000        0x2 THUMB Debug/pygmy_com.o
 .text.i2cSetAddress
                0x00000000        0x2 THUMB Debug/pygmy_com.o
 .text.i2cReset
                0x00000000       0x10 THUMB Debug/pygmy_com.o
 .text.I2C2_EV_IRQHandler
                0x00000000        0x2 THUMB Debug/pygmy_com.o
 .text.I2C2_ER_IRQHandler
                0x00000000        0x2 THUMB Debug/pygmy_com.o
 .text.I2C3_EV_IRQHandler
                0x00000000        0x2 THUMB Debug/pygmy_com.o
 .text.I2C3_ER_IRQHandler
                0x00000000        0x2 THUMB Debug/pygmy_com.o
 .text.i2cDelay
                0x00000000        0x2 THUMB Debug/pygmy_com.o
 .text.i2cGetChar
                0x00000000       0x64 THUMB Debug/pygmy_com.o
 .text.i2cGetBuffer
                0x00000000       0x28 THUMB Debug/pygmy_com.o
 .text.i2cPutChar
                0x00000000       0x74 THUMB Debug/pygmy_com.o
 .text.i2cPutBuffer
[...]
Memory Configuration

Name             Origin             Length             Attributes
UNPLACED_SECTIONS 0xffffffff         0x00000000         xw
FLASH            0x08000000         0x00004000         xr
SYSTEM           0x1ffff000         0x00000800         xw
OPTION           0x1ffff800         0x00000010         xw
RAM              0x20000000         0x00001000         xw
APB1             0x40000000         0x00010000         xw
APB2             0x40010000         0x00020000         xw
AHB              0x40020000         0x00003400         xw
PPB              0xe0000000         0x00100000         xw
DBG              0xe0042000         0x00000010         xw
CM3_System_Control_Space 0xe000e000         0x00001000         xw
*default*        0x00000000         0xffffffff

Linker script and memory map

                0x080024dc                __do_debug_operation = __do_debug_operation_mempoll
                0x08000000                __FLASH_segment_start__ = 0x8000000
                0x08004000                __FLASH_segment_end__ = 0x8004000
                0x1ffff000                __SYSTEM_segment_start__ = 0x1ffff000
                0x1ffff800                __SYSTEM_segment_end__ = 0x1ffff800
                0x1ffff800                __OPTION_segment_start__ = 0x1ffff800
                0x1ffff810                __OPTION_segment_end__ = 0x1ffff810
                0x20000000                __RAM_segment_start__ = 0x20000000
                0x20001000                __RAM_segment_end__ = 0x20001000
                0x40000000                __APB1_segment_start__ = 0x40000000
                0x40010000                __APB1_segment_end__ = 0x40010000
                0x40010000                __APB2_segment_start__ = 0x40010000
                0x40030000                __APB2_segment_end__ = 0x40030000
                0x40020000                __AHB_segment_start__ = 0x40020000
                0x40023400                __AHB_segment_end__ = 0x40023400
                0xe0000000                __PPB_segment_start__ = 0xe0000000
                0xe0100000                __PPB_segment_end__ = 0xe0100000
                0xe0042000                __DBG_segment_start__ = 0xe0042000
                0xe0042010                __DBG_segment_end__ = 0xe0042010
                0xe000e000                __CM3_System_Control_Space_segment_start__ = 0xe000e000
                0xe000f000                __CM3_System_Control_Space_segment_end__ = 0xe000f000
                0x00000100                __STACKSIZE__ = 0x100
                0x00000080                __STACKSIZE_PROCESS__ = 0x80
                0x00000000                __STACKSIZE_IRQ__ = 0x0
                0x00000000                __STACKSIZE_FIQ__ = 0x0
                0x00000000                __STACKSIZE_SVC__ = 0x0
                0x00000000                __STACKSIZE_ABT__ = 0x0
                0x00000000                __STACKSIZE_UND__ = 0x0
                0x00000800                __HEAPSIZE__ = 0x800
                0x20000000                __vectors_ram_load_start__ = ALIGN (__RAM_segment_start__, 0x100)

.vectors_ram    0x20000000        0x0
                0x20000000                __vectors_ram_start__ = .
 *(.vectors_ram .vectors_ram.*)
                0x20000000                __vectors_ram_end__ = (__vectors_ram_start__ + SIZEOF (.vectors_ram))
                0x20000000                __vectors_ram_load_end__ = __vectors_ram_end__
                0x00000001                . = ASSERT (((__vectors_ram_end__ >= __RAM_segment_start__) && (__vectors_ram_end__ <= __RAM_segment_end__)), error: .vectors_ram is too large to fit in RAM memory segment)
                0x08000000                __vectors_load_start__ = ALIGN (__FLASH_segment_start__, 0x100)

.vectors        0x08000000      0x120
                0x08000000                __vectors_start__ = .
 *(.vectors .vectors.*)
 .vectors       0x08000000      0x120 THUMB Debug/STM32_Startup.o
                0x08000000                _vectors
                0x08000120                __vectors_end__ = (__vectors_start__ + SIZEOF (.vectors))
                0x08000120                __vectors_load_end__ = __vectors_end__
                0x00000001                . = ASSERT (((__vectors_end__ >= __FLASH_segment_start__) && (__vectors_end__ <= __FLASH_segment_end__)), error: .vectors is too large to fit in FLASH memory segment)
                0x08000120                __init_load_start__ = ALIGN (__vectors_end__, 0x4)

.init           0x08000120      0x1a8
                0x08000120                __init_start__ = .
 *(.init .init.*)
 .init          0x08000120      0x12c THUMB Debug/thumb_crt0.o
                0x08000120                _start
                0x080001b8                exit
                0x080001dc                __putchar
                0x080001dc                __getchar
 .init          0x0800024c       0x7c THUMB Debug/STM32_Startup.o
                0x0800024c                NMI_Handler
                0x08000250                MemManage_Handler
                0x08000252                BusFault_Handler
                0x08000254                UsageFault_Handler
                0x08000256                SVC_Handler
                0x08000258                DebugMon_Handler
                0x0800025a                PendSV_Handler
                0x0800025e                WWDG_IRQHandler
                0x08000260                PVD_IRQHandler
                0x08000262                TAMPER_IRQHandler
                0x08000264                RTC_IRQHandler
                0x08000266                FLASH_IRQHandler
                0x08000268                RCC_IRQHandler
                0x08000274                DMA1_Channel1_IRQHandler
                0x08000276                DMA1_Channel2_IRQHandler
                0x08000278                DMA1_Channel3_IRQHandler
                0x0800027a                DMA1_Channel4_IRQHandler
                0x0800027c                DMA1_Channel5_IRQHandler
                0x0800027e                DMA1_Channel6_IRQHandler
                0x08000280                DMA1_Channel7_IRQHandler
                0x08000282                ADC1_IRQHandler
                0x08000286                TIM1_BRK_TIM15_IRQHandler
                0x08000288                TIM1_UP_TIM16_IRQHandler
                0x0800028a                TIM1_TRG_COM_TIM17_IRQHandler
                0x0800028c                TIM1_CC_IRQHandler
                0x0800028e                TIM2_IRQHandler
                0x08000290                TIM3_IRQHandler
                0x08000292                I2C1_EV_IRQHandler
                0x08000296                SPI1_IRQHandler
                0x08000298                USART1_IRQHandler
                0x0800029a                USART2_IRQHandler
                0x0800029e                RTCAlarm_IRQHandler
                0x080002a0                CEC_IRQHandler
                0x080002a2                TIM6_DAC_IRQHandler
                0x080002a4                TIM7_IRQHandler
                0x080002a6                reset_handler
                0x080002b8                SystemInit
                0x080002c8                __init_end__ = (__init_start__ + SIZEOF (.init))
                0x080002c8                __init_load_end__ = __init_end__
                0x00000001                . = ASSERT (((__init_end__ >= __FLASH_segment_start__) && (__init_end__ <= __FLASH_segment_end__)), error: .init is too large to fit in FLASH memory segment)
                0x080002c8                __text_load_start__ = ALIGN (__init_end__, 0x4)

.text           0x080002c8     0x2248
                0x080002c8                __text_start__ = .
 *(.text .text.* .glue_7t .glue_7 .gnu.linkonce.t.* .gcc_except_table .ARM.extab* .gnu.linkonce.armextab.*)
 .glue_7        0x00000000        0x0 linker stubs
 .glue_7t       0x00000000        0x0 linker stubs
 .text.proximity1Detect
                0x080002c8        0xc THUMB Debug/main.o
                0x080002c8                proximity1Detect
 .text.startup.main
                0x080002d4      0x108 THUMB Debug/main.o
                0x080002d4                main
 .text.delay    0x080003dc       0x64 THUMB Debug/main.o
                0x080003dc                delay
 .text.print    0x08000440      0x1a0 THUMB Debug/main.o
                0x08000440                print
 .text.SysTick_Handler
                0x080005e0       0x90 THUMB Debug/main.o
                0x080005e0                SysTick_Handler
 .text.I2C1_ER_IRQHandler
                0x08000670        0x2 THUMB Debug/pygmy_com.o
                0x08000670                I2C1_ER_IRQHandler
 .text.i2cConfig
                0x08000672       0x98 THUMB Debug/pygmy_com.o
                0x08000672                i2cConfig
 .text.i2cStretch
                0x0800070a       0x18 THUMB Debug/pygmy_com.o
                0x0800070a                i2cStretch
 .text.i2cWriteBit
                0x08000722       0x56 THUMB Debug/pygmy_com.o
                0x08000722                i2cWriteBit
 .text.i2cReadBit
                0x08000778       0x40 THUMB Debug/pygmy_com.o
                0x08000778                i2cReadBit
 .text.i2cWriteByte
                0x080007b8       0x2e THUMB Debug/pygmy_com.o
                0x080007b8                i2cWriteByte
 .text.i2cReadByte
                0x080007e6       0x20 THUMB Debug/pygmy_com.o
                0x080007e6                i2cReadByte
 .text.i2cResetBus
                0x08000806       0x5c THUMB Debug/pygmy_com.o
                0x08000806                i2cResetBus
 .text.i2cStop  0x08000862       0x44 THUMB Debug/pygmy_com.o
                0x08000862                i2cStop
 .text.i2cStart
                0x080008a6       0x56 THUMB Debug/pygmy_com.o
                0x080008a6                i2cStart
 .text.i2cPollAck
                0x080008fc       0x2a THUMB Debug/pygmy_com.o
                0x080008fc                i2cPollAck
 *fill*         0x08000926        0x2 00
 .text.interruptEnable
                0x08000928       0x30 THUMB Debug/pygmy_nvic.o
                0x08000928                interruptEnable
 .text.interruptSetPriority
                0x08000958       0xbc THUMB Debug/pygmy_nvic.o
                0x08000958                interruptSetPriority
 .text.pinInterrupt
                0x08000a14       0xec THUMB Debug/pygmy_port.o
                0x08000a14                pinInterrupt
 .text.pinEnablePortClock
                0x08000b00       0x5c THUMB Debug/pygmy_port.o
                0x08000b00                pinEnablePortClock
 .text.pinGetPort
                0x08000b5c       0x40 THUMB Debug/pygmy_port.o
                0x08000b5c                pinGetPort
 .text.pinSet   0x08000b9c       0x68 THUMB Debug/pygmy_port.o
                0x08000b9c                pinSet
 .text.pinConfig
                0x08000c04       0x7e THUMB Debug/pygmy_port.o
                0x08000c04                pinConfig
 *fill*         0x08000c82        0x2 00
 .text.EXTI0_IRQHandler
                0x08000c84       0x34 THUMB Debug/pygmy_port.o
                0x08000c84                EXTI0_IRQHandler
 .text.EXTI1_IRQHandler
                0x08000cb8       0x34 THUMB Debug/pygmy_port.o
                0x08000cb8                EXTI1_IRQHandler
 .text.EXTI2_IRQHandler
                0x08000cec       0x34 THUMB Debug/pygmy_port.o
                0x08000cec                EXTI2_IRQHandler
 .text.EXTI3_IRQHandler
                0x08000d20       0x34 THUMB Debug/pygmy_port.o
                0x08000d20                EXTI3_IRQHandler
 .text.EXTI4_IRQHandler
                0x08000d54       0x34 THUMB Debug/pygmy_port.o
                0x08000d54                EXTI4_IRQHandler
 .text.EXTI9_5_IRQHandler
                0x08000d88       0xd8 THUMB Debug/pygmy_port.o
                0x08000d88                EXTI9_5_IRQHandler
 .text.EXTI15_10_IRQHandler
                0x08000e60      0x104 THUMB Debug/pygmy_port.o
                0x08000e60                EXTI15_10_IRQHandler
 .text.si7020GetRegister
                0x08000f64       0x5c THUMB Debug/si7020.o
                0x08000f64                si7020GetRegister
 .text.si7020GetTemperature
                0x08000fc0       0xb0 THUMB Debug/si7020.o
                0x08000fc0                si7020GetTemperature
 .text.si7020GetRH
                0x08001070       0x88 THUMB Debug/si7020.o
                0x08001070                si7020GetRH
 .text.si7020Reset
                0x080010f8       0x3c THUMB Debug/si7020.o
                0x080010f8                si7020Reset
 .text.si7020Init
                0x08001134       0x28 THUMB Debug/si7020.o
                0x08001134                si7020Init
 .text.lcdWriteCommand
                0x0800115c       0x56 THUMB Debug/eastrisingERC1602.o
                0x0800115c                lcdWriteCommand
 .text.lcdWriteData
                0x080011b2       0x56 THUMB Debug/eastrisingERC1602.o
                0x080011b2                lcdWriteData
 .text.lcdWriteAddress
                0x08001208       0x1e THUMB Debug/eastrisingERC1602.o
                0x08001208                lcdWriteAddress
 .text.lcdInit  0x08001226       0xd6 THUMB Debug/eastrisingERC1602.o
                0x08001226                lcdInit
 .text.putsLCD  0x080012fc       0x12 THUMB Debug/eastrisingERC1602.o
                0x080012fc                putsLCD
 .text.isCharInString
                0x0800130e       0x1a THUMB Debug/pygmy_string.o
                0x0800130e                isCharInString
 .text.isCharsInString
                0x08001328       0x2c THUMB Debug/pygmy_string.o
                0x08001328                isCharsInString
 .text.isNumeric
                0x08001354        0xc THUMB Debug/pygmy_string.o
                0x08001354                isNumeric
 .text.isAlphaOrNumeric
                0x08001360       0x20 THUMB Debug/pygmy_string.o
                0x08001360                isAlphaOrNumeric
 .text.len      0x08001380       0x18 THUMB Debug/pygmy_string.o
                0x08001380                len
 .text.replaceChars
                0x08001398       0x2a THUMB Debug/pygmy_string.o
                0x08001398                replaceChars
 .text.convertCharToInt
                0x080013c2       0x2e THUMB Debug/pygmy_string.o
                0x080013c2                convertCharToInt
 .text.seekCharInStringIgnoreCase
                0x080013f0       0x50 THUMB Debug/pygmy_string.o
                0x080013f0                seekCharInStringIgnoreCase
 .text.isCharInStringIgnoreCase
                0x08001440        0xe THUMB Debug/pygmy_string.o
                0x08001440                isCharInStringIgnoreCase
 *fill*         0x0800144e        0x2 00
 .text.convertIntToStringWithFormat
                0x08001450      0x10c THUMB Debug/pygmy_string.o
                0x08001450                convertIntToStringWithFormat
 .text.convertStringToInt
                0x0800155c       0xb4 THUMB Debug/pygmy_string.o
                0x0800155c                convertStringToInt
 .text.convertFormatString
                0x08001610      0x224 THUMB Debug/pygmy_string.o
                0x08001610                convertFormatString
 .text.convertIntToString
                0x08001834       0x1e THUMB Debug/pygmy_string.o
                0x08001834                convertIntToString
 .text.convertFloatToString
                0x08001852       0xb0 THUMB Debug/pygmy_string.o
                0x08001852                convertFloatToString
 *fill*         0x08001902        0x2 00
 .text.HardFault_Handler
                0x08001904        0xc THUMB Debug/pygmy_sys.o
                0x08001904                HardFault_Handler
 .text.tsl2671xInit
                0x08001910       0x14 THUMB Debug/tsl2671x.o
                0x08001910                tsl2671xInit
 .text.tsl2671xEnableProximityInterrupt
                0x08001924       0x40 THUMB Debug/tsl2671x.o
                0x08001924                tsl2671xEnableProximityInterrupt
 .text.libc.__int32_to_float32
                0x08001964       0x30 /Applications/CrossWorks for ARM 2.3/lib/libm_v7m_t_le_eabi_small.a(libm_asm.o)
                0x08001964                __aeabi_i2f
                0x08001964                __int32_to_float32
                0x08001964                __floatsisf
                0x08001974                __int32_to_float32_common
 .text.libc.__uint32_to_float32
                0x08001994       0x10 /Applications/CrossWorks for ARM 2.3/lib/libm_v7m_t_le_eabi_small.a(libm_asm.o)
                0x08001994                __uint32_to_float32
                0x08001994                __aeabi_ui2f
                0x08001994                __floatunsisf
 .text.libc.__float64_to_uint32
                0x080019a4       0x34 /Applications/CrossWorks for ARM 2.3/lib/libm_v7m_t_le_eabi_small.a(libm_asm.o)
                0x080019a4                __fixunsdfsi
                0x080019a4                __aeabi_d2uiz
                0x080019a4                __float64_to_uint32
 .text.libc.__float32_to_float64
                0x080019d8       0x38 /Applications/CrossWorks for ARM 2.3/lib/libm_v7m_t_le_eabi_small.a(libm_asm.o)
                0x080019d8                __extendsfdf2
                0x080019d8                __float32_to_float64
                0x080019d8                __aeabi_f2d
 .text.libc.__float64_to_float32
                0x08001a10       0x78 /Applications/CrossWorks for ARM 2.3/lib/libm_v7m_t_le_eabi_small.a(libm_asm.o)
                0x08001a10                __aeabi_d2f
                0x08001a10                __truncdfsf2
                0x08001a10                __float64_to_float32
 .text.libc.__float32_add
                0x08001a88      0x140 /Applications/CrossWorks for ARM 2.3/lib/libm_v7m_t_le_eabi_small.a(libm_asm.o)
                0x08001a88                __aeabi_frsub
                0x08001a90                __subsf3
                0x08001a90                __float32_sub
                0x08001a90                __aeabi_fsub
                0x08001a94                __aeabi_fadd
                0x08001a94                __addsf3
                0x08001a94                __float32_add
 .text.libc.__float32_mul
                0x08001bc8       0xe4 /Applications/CrossWorks for ARM 2.3/lib/libm_v7m_t_le_eabi_small.a(libm_asm.o)
                0x08001bc8                __float32_mul
                0x08001bc8                __mulsf3
                0x08001bc8                __aeabi_fmul
 .text.libc.__float32_div
                0x08001cac      0x1f8 /Applications/CrossWorks for ARM 2.3/lib/libm_v7m_t_le_eabi_small.a(libm_asm.o)
                0x08001cac                __divsf3
                0x08001cac                __aeabi_fdiv
                0x08001cac                __float32_div
 .text.libc.__float64_add
                0x08001ea4      0x2b8 /Applications/CrossWorks for ARM 2.3/lib/libm_v7m_t_le_eabi_small.a(libm_asm.o)
                0x08001ea4                __aeabi_drsub
                0x08001eac                __float64_sub
                0x08001eac                __aeabi_dsub
                0x08001eac                __subdf3
                0x08001eb0                __aeabi_dadd
                0x08001eb0                __float64_add
                0x08001eb0                __adddf3
 .text.libc.__float64_mul
                0x0800215c      0x180 /Applications/CrossWorks for ARM 2.3/lib/libm_v7m_t_le_eabi_small.a(libm_asm.o)
                0x0800215c                __aeabi_dmul
                0x0800215c                __float64_mul
                0x0800215c                __muldf3
 .text.libc.__float64_cmp
                0x080022dc       0x6c /Applications/CrossWorks for ARM 2.3/lib/libm_v7m_t_le_eabi_small.a(libm_asm.o)
                0x080022dc                __ltdf2
                0x080022dc                __eqdf2
                0x080022dc                __gtdf2
                0x080022dc                __cmpdf2
                0x080022dc                __ledf2
                0x080022dc                __nedf2
                0x080022dc                __gedf2
 .text.libc.__aeabi_dcmpeq
                0x08002348       0x18 /Applications/CrossWorks for ARM 2.3/lib/libm_v7m_t_le_eabi_small.a(libm_asm.o)
                0x08002348                __aeabi_dcmpeq
 .text.libc.modf
                0x08002360       0x9c /Applications/CrossWorks for ARM 2.3/lib/libm_v7m_t_le_eabi_small.a(libm2.o)
                0x08002360                modf
 .text.libc.__int64_udivmod
                0x080023fc       0x60 /Applications/CrossWorks for ARM 2.3/lib/libc_v7m_t_le_eabi_small.a(libc_asm.o)
                0x080023fc                __int64_udivmod
                0x080023fc                __aeabi_uldivmod
                0x080023fc                __int64_udiv
                0x080023fc                __udivdi3
 .text.libc.__aeabi_ldivmod
                0x0800245c       0x60 /Applications/CrossWorks for ARM 2.3/lib/libc_v7m_t_le_eabi_small.a(libc_asm.o)
                0x0800245c                __aeabi_ldivmod
 .text.libc.strcpy
                0x080024bc       0x10 /Applications/CrossWorks for ARM 2.3/lib/libc_v7m_t_le_eabi_small.a(libc2_asm.o)
                0x080024bc                strcpy
 .text.libc.strlen
                0x080024cc       0x10 /Applications/CrossWorks for ARM 2.3/lib/libc_v7m_t_le_eabi_small.a(libc2_asm.o)
                0x080024cc                strlen
 .text.libdebugio.__do_debug_operation_mempoll
                0x080024dc       0x30 /Applications/CrossWorks for ARM 2.3/lib/libdebugio_v7m_t_le_eabi_small.a(libdebugio.o)
                0x080024dc                __do_debug_operation_mempoll
 .text.libc.__debug_io_lock
                0x0800250c        0x2 /Applications/CrossWorks for ARM 2.3/lib/libc_user_libc_v7m_t_le_eabi_small.a(user_libc.o)
                0x0800250c                __debug_io_lock
 .text.libc.__debug_io_unlock
                0x0800250e        0x2 /Applications/CrossWorks for ARM 2.3/lib/libc_user_libc_v7m_t_le_eabi_small.a(user_libc.o)
                0x0800250e                __debug_io_unlock
                0x08002510                __text_end__ = (__text_start__ + SIZEOF (.text))
                0x08002510                __text_load_end__ = __text_end__

.vfp11_veneer   0x00000000        0x0
 .vfp11_veneer  0x00000000        0x0 linker stubs

.v4_bx          0x00000000        0x0
 .v4_bx         0x00000000        0x0 linker stubs

.iplt           0x00000000        0x0
 .iplt          0x00000000        0x0 THUMB Debug/main.o
                0x00000001                . = ASSERT (((__text_end__ >= __FLASH_segment_start__) && (__text_end__ <= __FLASH_segment_end__)), error: .text is too large to fit in FLASH memory segment)
                0x08002510                __dtors_load_start__ = ALIGN (__text_end__, 0x4)

.dtors          0x08002510        0x0
                0x08002510                __dtors_start__ = .
 *(SORT(.dtors.*))
 *(.dtors)
 *(.fini_array .fini_array.*)
                0x08002510                __dtors_end__ = (__dtors_start__ + SIZEOF (.dtors))
                0x08002510                __dtors_load_end__ = __dtors_end__
                0x00000001                . = ASSERT (((__dtors_end__ >= __FLASH_segment_start__) && (__dtors_end__ <= __FLASH_segment_end__)), error: .dtors is too large to fit in FLASH memory segment)
                0x08002510                __ctors_load_start__ = ALIGN (__dtors_end__, 0x4)

.ctors          0x08002510        0x0
                0x08002510                __ctors_start__ = .
 *(SORT(.ctors.*))
 *(.ctors)
 *(.init_array .init_array.*)
                0x08002510                __ctors_end__ = (__ctors_start__ + SIZEOF (.ctors))
                0x08002510                __ctors_load_end__ = __ctors_end__
                0x00000001                . = ASSERT (((__ctors_end__ >= __FLASH_segment_start__) && (__ctors_end__ <= __FLASH_segment_end__)), error: .ctors is too large to fit in FLASH memory segment)
                0x08002510                __rodata_load_start__ = ALIGN (__ctors_end__, 0x4)

.rodata         0x08002510      0x120
                0x08002510                __rodata_start__ = .
 *(.rodata .rodata.* .gnu.linkonce.r.*)
 .rodata.str1.1
                0x08002510       0x1b THUMB Debug/main.o
 .rodata.str1.1
                0x0800252b       0xe6 THUMB Debug/pygmy_string.o
                                 0xf6 (size before relaxing)
 .rodata.PYGMYHEXCHARS
                0x08002611       0x10 THUMB Debug/pygmy_string.o
                0x08002611                PYGMYHEXCHARS
 .rodata.str1.1
                0x08002621        0xf THUMB Debug/pygmy_sys.o
                0x08002630                __rodata_end__ = (__rodata_start__ + SIZEOF (.rodata))
                0x08002630                __rodata_load_end__ = __rodata_end__

.rel.dyn        0x08000000        0x0
 .rel.iplt      0x00000000        0x0 THUMB Debug/main.o
                0x00000001                . = ASSERT (((__rodata_end__ >= __FLASH_segment_start__) && (__rodata_end__ <= __FLASH_segment_end__)), error: .rodata is too large to fit in FLASH memory segment)
                0x08002630                __ARM.exidx_load_start__ = ALIGN (__rodata_end__, 0x4)

.ARM.exidx      0x08002630        0x0
                0x08002630                __ARM.exidx_start__ = .
                0x08002630                __exidx_start = __ARM.exidx_start__
 *(.ARM.exidx .ARM.exidx.*)
                0x08002630                __ARM.exidx_end__ = (__ARM.exidx_start__ + SIZEOF (.ARM.exidx))
                0x08002630                __exidx_end = __ARM.exidx_end__
                0x08002630                __ARM.exidx_load_end__ = __ARM.exidx_end__
                0x00000001                . = ASSERT (((__ARM.exidx_end__ >= __FLASH_segment_start__) && (__ARM.exidx_end__ <= __FLASH_segment_end__)), error: .ARM.exidx is too large to fit in FLASH memory segment)
                0x08002630                __fast_load_start__ = ALIGN (__ARM.exidx_end__, 0x4)

.fast           0x20000000        0x0 load address 0x08002630
                0x20000000                __fast_start__ = .
 *(.fast .fast.*)
                0x20000000                __fast_end__ = (__fast_start__ + SIZEOF (.fast))
                0x08002630                __fast_load_end__ = (__fast_load_start__ + SIZEOF (.fast))
                0x00000001                . = ASSERT (((__fast_load_end__ >= __FLASH_segment_start__) && (__fast_load_end__ <= __FLASH_segment_end__)), error: .fast is too large to fit in FLASH memory segment)

.fast_run       0x20000000        0x0
                0x20000000                __fast_run_start__ = .
                0x20000000                . = MAX ((__fast_run_start__ + SIZEOF (.fast)), .)
                0x20000000                __fast_run_end__ = (__fast_run_start__ + SIZEOF (.fast_run))
                0x20000000                __fast_run_load_end__ = __fast_run_end__
                0x00000001                . = ASSERT (((__fast_run_end__ >= __RAM_segment_start__) && (__fast_run_end__ <= __RAM_segment_end__)), error: .fast_run is too large to fit in RAM memory segment)
                0x08002630                __data_load_start__ = ALIGN ((__fast_load_start__ + SIZEOF (.fast)), 0x4)

.data           0x20000000        0x0 load address 0x08002630
                0x20000000                __data_start__ = .
 *(.data .data.* .gnu.linkonce.d.*)
                0x20000000                __data_end__ = (__data_start__ + SIZEOF (.data))
                0x08002630                __data_load_end__ = (__data_load_start__ + SIZEOF (.data))

.igot.plt       0x00000000        0x0
 .igot.plt      0x00000000        0x0 THUMB Debug/main.o
                0x00000001                . = ASSERT (((__data_load_end__ >= __FLASH_segment_start__) && (__data_load_end__ <= __FLASH_segment_end__)), error: .data is too large to fit in FLASH memory segment)

.data_run       0x20000000        0x0
                0x20000000                __data_run_start__ = .
                0x20000000                . = MAX ((__data_run_start__ + SIZEOF (.data)), .)
                0x20000000                __data_run_end__ = (__data_run_start__ + SIZEOF (.data_run))
                0x20000000                __data_run_load_end__ = __data_run_end__
                0x00000001                . = ASSERT (((__data_run_end__ >= __RAM_segment_start__) && (__data_run_end__ <= __RAM_segment_end__)), error: .data_run is too large to fit in RAM memory segment)
                0x20000000                __bss_load_start__ = ALIGN (__data_run_end__, 0x4)

.bss            0x20000000       0x90
                0x20000000                __bss_start__ = .
 *(.bss .bss.* .gnu.linkonce.b.*)
 .bss.proximity1Port
                0x20000000       0x14 THUMB Debug/main.o
                0x20000000                proximity1Port
 .bss.proximity1
                0x20000014        0x4 THUMB Debug/main.o
                0x20000014                proximity1
 .bss.proximity2
                0x20000018        0x4 THUMB Debug/main.o
                0x20000018                proximity2
 .bss.proximity3
                0x2000001c        0x4 THUMB Debug/main.o
                0x2000001c                proximity3
 .bss.globalIRQHandlers
                0x20000020       0x40 THUMB Debug/pygmy_port.o
                0x20000020                globalIRQHandlers
 .bss.globalIRQPins
                0x20000060       0x10 THUMB Debug/pygmy_port.o
                0x20000060                globalIRQPins
 .bss.globalIRQPR
                0x20000070        0x2 THUMB Debug/pygmy_port.o
                0x20000070                globalIRQPR
 *fill*         0x20000072        0x2 00
 .bss.pygmySI7020Port
                0x20000074       0x14 THUMB Debug/si7020.o
                0x20000074                pygmySI7020Port
 .bss.libdebugio.dbgCommWord
                0x20000088        0x4 /Applications/CrossWorks for ARM 2.3/lib/libdebugio_v7m_t_le_eabi_small.a(libdebugio.o)
                0x20000088                dbgCommWord
 .bss.libdebugio.dbgCntrlWord_mempoll
                0x2000008c        0x4 /Applications/CrossWorks for ARM 2.3/lib/libdebugio_v7m_t_le_eabi_small.a(libdebugio.o)
                0x2000008c                dbgCntrlWord_mempoll
 *(COMMON)
                0x20000090                __bss_end__ = (__bss_start__ + SIZEOF (.bss))
                0x20000090                __bss_load_end__ = __bss_end__
                0x00000001                . = ASSERT (((__bss_end__ >= __RAM_segment_start__) && (__bss_end__ <= __RAM_segment_end__)), error: .bss is too large to fit in RAM memory segment)
                0x20000090                __non_init_load_start__ = ALIGN (__bss_end__, 0x4)

.non_init       0x20000090        0x0
                0x20000090                __non_init_start__ = .
 *(.non_init .non_init.*)
                0x20000090                __non_init_end__ = (__non_init_start__ + SIZEOF (.non_init))
                0x20000090                __non_init_load_end__ = __non_init_end__
                0x00000001                . = ASSERT (((__non_init_end__ >= __RAM_segment_start__) && (__non_init_end__ <= __RAM_segment_end__)), error: .non_init is too large to fit in RAM memory segment)
                0x20000090                __heap_load_start__ = ALIGN (__non_init_end__, 0x4)

.heap           0x20000090      0x800
                0x20000090                __heap_start__ = .
 *(.heap .heap.*)
                0x20000890                . = ALIGN (MAX ((__heap_start__ + __HEAPSIZE__), .), 0x4)
 *fill*         0x20000090      0x800 00
                0x20000890                __heap_end__ = (__heap_start__ + SIZEOF (.heap))
                0x20000890                __heap_load_end__ = __heap_end__
                0x00000001                . = ASSERT (((__heap_end__ >= __RAM_segment_start__) && (__heap_end__ <= __RAM_segment_end__)), error: .heap is too large to fit in RAM memory segment)
                0x20000890                __stack_load_start__ = ALIGN (__heap_end__, 0x4)

.stack          0x20000890      0x100
                0x20000890                __stack_start__ = .
 *(.stack .stack.*)
                0x20000990                . = ALIGN (MAX ((__stack_start__ + __STACKSIZE__), .), 0x4)
 *fill*         0x20000890      0x100 00
                0x20000990                __stack_end__ = (__stack_start__ + SIZEOF (.stack))
                0x20000990                __stack_load_end__ = __stack_end__
                0x00000001                . = ASSERT (((__stack_end__ >= __RAM_segment_start__) && (__stack_end__ <= __RAM_segment_end__)), error: .stack is too large to fit in RAM memory segment)
                0x20000990                __stack_process_load_start__ = ALIGN (__stack_end__, 0x4)

.stack_process  0x20000990       0x80
                0x20000990                __stack_process_start__ = .
 *(.stack_process .stack_process.*)
                0x20000a10                . = ALIGN (MAX ((__stack_process_start__ + __STACKSIZE_PROCESS__), .), 0x4)
 *fill*         0x20000990       0x80 00
                0x20000a10                __stack_process_end__ = (__stack_process_start__ + SIZEOF (.stack_process))
                0x20000a10                __stack_process_load_end__ = __stack_process_end__
                0x00000001                . = ASSERT (((__stack_process_end__ >= __RAM_segment_start__) && (__stack_process_end__ <= __RAM_segment_end__)), error: .stack_process is too large to fit in RAM memory segment)
                0x20000a10                __tbss_load_start__ = ALIGN (__stack_process_end__, 0x4)

.tbss           0x20000a10        0x0
                0x20000a10                __tbss_start__ = .
 *(.tbss .tbss.*)
                0x20000a10                __tbss_end__ = (__tbss_start__ + SIZEOF (.tbss))
                0x20000a10                __tbss_load_end__ = __tbss_end__
                0x00000001                . = ASSERT (((__tbss_end__ >= __RAM_segment_start__) && (__tbss_end__ <= __RAM_segment_end__)), error: .tbss is too large to fit in RAM memory segment)
                0x08002630                __tdata_load_start__ = ALIGN ((__data_load_start__ + SIZEOF (.data)), 0x4)

.tdata          0x20000a10        0x0 load address 0x08002630
                0x20000a10                __tdata_start__ = .
 *(.tdata .tdata.*)
                0x20000a10                __tdata_end__ = (__tdata_start__ + SIZEOF (.tdata))
                0x08002630                __tdata_load_end__ = (__tdata_load_start__ + SIZEOF (.tdata))
                0x08002630                __FLASH_segment_used_end__ = (ALIGN ((__data_load_start__ + SIZEOF (.data)), 0x4) + SIZEOF (.tdata))
                0x00000001                . = ASSERT (((__tdata_load_end__ >= __FLASH_segment_start__) && (__tdata_load_end__ <= __FLASH_segment_end__)), error: .tdata is too large to fit in FLASH memory segment)

.tdata_run      0x20000a10        0x0
                0x20000a10                __tdata_run_start__ = .
                0x20000a10                . = MAX ((__tdata_run_start__ + SIZEOF (.tdata)), .)
                0x20000a10                __tdata_run_end__ = (__tdata_run_start__ + SIZEOF (.tdata_run))
                0x20000a10                __tdata_run_load_end__ = __tdata_run_end__
                0x20000a10                __RAM_segment_used_end__ = (ALIGN (__tbss_end__, 0x4) + SIZEOF (.tdata_run))
                0x00000001                . = ASSERT (((__tdata_run_end__ >= __RAM_segment_start__) && (__tdata_run_end__ <= __RAM_segment_end__)), error: .tdata_run is too large to fit in RAM memory segment)
START GROUP
LOAD THUMB Debug/main.o
LOAD THUMB Debug/pygmy_com.o
LOAD THUMB Debug/pygmy_nvic.o
LOAD THUMB Debug/pygmy_port.o
LOAD THUMB Debug/si7020.o
LOAD THUMB Debug/eastrisingERC1602.o
LOAD THUMB Debug/pygmy_rtc.o
LOAD THUMB Debug/pygmy_string.o
LOAD THUMB Debug/pygmy_sys.o
LOAD THUMB Debug/tsl2671x.o
LOAD THUMB Debug/thumb_crt0.o
LOAD THUMB Debug/STM32_Startup.o
LOAD /Applications/CrossWorks for ARM 2.3/lib/libcm_v7m_t_le_eabi_small.a
LOAD /Applications/CrossWorks for ARM 2.3/lib/libm_v7m_t_le_eabi_small.a
LOAD /Applications/CrossWorks for ARM 2.3/lib/libc_v7m_t_le_eabi_small.a
LOAD /Applications/CrossWorks for ARM 2.3/lib/libcpp_v7m_t_le_eabi_small.a
LOAD /Applications/CrossWorks for ARM 2.3/lib/libdebugio_v7m_t_le_eabi_small.a
LOAD /Applications/CrossWorks for ARM 2.3/lib/libc_targetio_impl_v7m_t_le_eabi_small.a
LOAD /Applications/CrossWorks for ARM 2.3/lib/libc_user_libc_v7m_t_le_eabi_small.a
END GROUP
OUTPUT(THUMB Debug/Incubator.elf elf32-littlearm)

.debug_frame    0x00000000     0x3050
 .debug_frame   0x00000000       0xb8 THUMB Debug/main.o
 .debug_frame   0x000000b8      0x558 THUMB Debug/pygmy_com.o
 .debug_frame   0x00000610       0x6c THUMB Debug/pygmy_nvic.o
 .debug_frame   0x0000067c      0x330 THUMB Debug/pygmy_port.o
 .debug_frame   0x000009ac       0xa8 THUMB Debug/si7020.o
 .debug_frame   0x00000a54       0xb4 THUMB Debug/eastrisingERC1602.o
 .debug_frame   0x00000b08      0x6f4 THUMB Debug/pygmy_string.o
 .debug_frame   0x000011fc      0x33c THUMB Debug/pygmy_sys.o
 .debug_frame   0x00001538       0xbc THUMB Debug/tsl2671x.o
 .debug_frame   0x000015f4      0x600 /Applications/CrossWorks for ARM 2.3/lib/libm_v7m_t_le_eabi_small.a(libm_asm.o)
 .debug_frame   0x00001bf4      0x978 /Applications/CrossWorks for ARM 2.3/lib/libm_v7m_t_le_eabi_small.a(libm2.o)
 .debug_frame   0x0000256c      0x260 /Applications/CrossWorks for ARM 2.3/lib/libc_v7m_t_le_eabi_small.a(libc_asm.o)
 .debug_frame   0x000027cc      0x120 /Applications/CrossWorks for ARM 2.3/lib/libc_v7m_t_le_eabi_small.a(libc2_asm.o)
 .debug_frame   0x000028ec      0x6c4 /Applications/CrossWorks for ARM 2.3/lib/libdebugio_v7m_t_le_eabi_small.a(libdebugio.o)
 .debug_frame   0x00002fb0       0xa0 /Applications/CrossWorks for ARM 2.3/lib/libc_user_libc_v7m_t_le_eabi_small.a(user_libc.o)

.debug_info     0x00000000     0xb341
 .debug_info    0x00000000     0x10df THUMB Debug/main.o
 .debug_info    0x000010df     0x1f32 THUMB Debug/pygmy_com.o
 .debug_info    0x00003011      0x3a1 THUMB Debug/pygmy_nvic.o
 .debug_info    0x000033b2     0x16ea THUMB Debug/pygmy_port.o
 .debug_info    0x00004a9c      0x9a6 THUMB Debug/si7020.o
 .debug_info    0x00005442      0x84b THUMB Debug/eastrisingERC1602.o
 .debug_info    0x00005c8d     0x253c THUMB Debug/pygmy_string.o
 .debug_info    0x000081c9     0x1dab THUMB Debug/pygmy_sys.o
 .debug_info    0x00009f74      0x68c THUMB Debug/tsl2671x.o
 .debug_info    0x0000a600       0x92 THUMB Debug/thumb_crt0.o
 .debug_info    0x0000a692       0xcb THUMB Debug/STM32_Startup.o
 .debug_info    0x0000a75d      0x5c7 /Applications/CrossWorks for ARM 2.3/lib/libm_v7m_t_le_eabi_small.a(libm2.o)
 .debug_info    0x0000ad24      0x547 /Applications/CrossWorks for ARM 2.3/lib/libdebugio_v7m_t_le_eabi_small.a(libdebugio.o)
 .debug_info    0x0000b26b       0xd6 /Applications/CrossWorks for ARM 2.3/lib/libc_user_libc_v7m_t_le_eabi_small.a(user_libc.o)

.debug_abbrev   0x00000000     0x1890
 .debug_abbrev  0x00000000      0x2ec THUMB Debug/main.o
 .debug_abbrev  0x000002ec      0x30e THUMB Debug/pygmy_com.o
 .debug_abbrev  0x000005fa      0x121 THUMB Debug/pygmy_nvic.o
 .debug_abbrev  0x0000071b      0x3ff THUMB Debug/pygmy_port.o
 .debug_abbrev  0x00000b1a      0x19e THUMB Debug/si7020.o
 .debug_abbrev  0x00000cb8      0x140 THUMB Debug/eastrisingERC1602.o
 .debug_abbrev  0x00000df8      0x3f6 THUMB Debug/pygmy_string.o
 .debug_abbrev  0x000011ee      0x41c THUMB Debug/pygmy_sys.o
 .debug_abbrev  0x0000160a      0x114 THUMB Debug/tsl2671x.o
 .debug_abbrev  0x0000171e       0x14 THUMB Debug/thumb_crt0.o
 .debug_abbrev  0x00001732       0x14 THUMB Debug/STM32_Startup.o
 .debug_abbrev  0x00001746       0xb2 /Applications/CrossWorks for ARM 2.3/lib/libm_v7m_t_le_eabi_small.a(libm2.o)
 .debug_abbrev  0x000017f8       0x70 /Applications/CrossWorks for ARM 2.3/lib/libdebugio_v7m_t_le_eabi_small.a(libdebugio.o)
 .debug_abbrev  0x00001868       0x28 /Applications/CrossWorks for ARM 2.3/lib/libc_user_libc_v7m_t_le_eabi_small.a(user_libc.o)

.debug_loc      0x00000000     0x632c
 .debug_loc     0x00000000      0x261 THUMB Debug/main.o
 .debug_loc     0x00000261     0x1441 THUMB Debug/pygmy_com.o
 .debug_loc     0x000016a2      0x204 THUMB Debug/pygmy_nvic.o
 .debug_loc     0x000018a6      0xc8f THUMB Debug/pygmy_port.o
 .debug_loc     0x00002535      0x11e THUMB Debug/si7020.o
 .debug_loc     0x00002653      0x1e9 THUMB Debug/eastrisingERC1602.o
 .debug_loc     0x0000283c     0x215e THUMB Debug/pygmy_string.o
 .debug_loc     0x0000499a      0x9ae THUMB Debug/pygmy_sys.o
 .debug_loc     0x00005348      0x1da THUMB Debug/tsl2671x.o
 .debug_loc     0x00005522      0x83e /Applications/CrossWorks for ARM 2.3/lib/libm_v7m_t_le_eabi_small.a(libm2.o)
 .debug_loc     0x00005d60      0x5cc /Applications/CrossWorks for ARM 2.3/lib/libdebugio_v7m_t_le_eabi_small.a(libdebugio.o)

.debug_aranges  0x00000000      0xc68
 .debug_aranges
                0x00000000       0x48 THUMB Debug/main.o
 .debug_aranges
                0x00000048      0x198 THUMB Debug/pygmy_com.o
 .debug_aranges
                0x000001e0       0x38 THUMB Debug/pygmy_nvic.o
 .debug_aranges
                0x00000218      0x110 THUMB Debug/pygmy_port.o
 .debug_aranges
                0x00000328       0x40 THUMB Debug/si7020.o
 .debug_aranges
                0x00000368       0x48 THUMB Debug/eastrisingERC1602.o
 .debug_aranges
                0x000003b0      0x238 THUMB Debug/pygmy_string.o
 .debug_aranges
                0x000005e8      0x158 THUMB Debug/pygmy_sys.o
 .debug_aranges
                0x00000740       0x48 THUMB Debug/tsl2671x.o
 .debug_aranges
                0x00000788       0x20 THUMB Debug/thumb_crt0.o
 .debug_aranges
                0x000007a8       0x20 THUMB Debug/STM32_Startup.o
 .debug_aranges
                0x000007c8      0x228 /Applications/CrossWorks for ARM 2.3/lib/libm_v7m_t_le_eabi_small.a(libm2.o)
 .debug_aranges
                0x000009f0      0x218 /Applications/CrossWorks for ARM 2.3/lib/libdebugio_v7m_t_le_eabi_small.a(libdebugio.o)
 .debug_aranges
                0x00000c08       0x60 /Applications/CrossWorks for ARM 2.3/lib/libc_user_libc_v7m_t_le_eabi_small.a(user_libc.o)

.debug_ranges   0x00000000      0xbe0
 .debug_ranges  0x00000000       0x38 THUMB Debug/main.o
 .debug_ranges  0x00000038      0x1b8 THUMB Debug/pygmy_com.o
 .debug_ranges  0x000001f0       0x28 THUMB Debug/pygmy_nvic.o
 .debug_ranges  0x00000218      0x100 THUMB Debug/pygmy_port.o
 .debug_ranges  0x00000318       0x30 THUMB Debug/si7020.o
 .debug_ranges  0x00000348       0x38 THUMB Debug/eastrisingERC1602.o
 .debug_ranges  0x00000380      0x240 THUMB Debug/pygmy_string.o
 .debug_ranges  0x000005c0      0x178 THUMB Debug/pygmy_sys.o
 .debug_ranges  0x00000738       0x38 THUMB Debug/tsl2671x.o
 .debug_ranges  0x00000770      0x218 /Applications/CrossWorks for ARM 2.3/lib/libm_v7m_t_le_eabi_small.a(libm2.o)
 .debug_ranges  0x00000988      0x208 /Applications/CrossWorks for ARM 2.3/lib/libdebugio_v7m_t_le_eabi_small.a(libdebugio.o)
 .debug_ranges  0x00000b90       0x50 /Applications/CrossWorks for ARM 2.3/lib/libc_user_libc_v7m_t_le_eabi_small.a(user_libc.o)

.debug_line     0x00000000     0x3111
 .debug_line    0x00000000      0x302 THUMB Debug/main.o
 .debug_line    0x00000302      0x690 THUMB Debug/pygmy_com.o
 .debug_line    0x00000992      0x10c THUMB Debug/pygmy_nvic.o
 .debug_line    0x00000a9e      0x59c THUMB Debug/pygmy_port.o
 .debug_line    0x0000103a      0x173 THUMB Debug/si7020.o
 .debug_line    0x000011ad      0x164 THUMB Debug/eastrisingERC1602.o
 .debug_line    0x00001311      0xba6 THUMB Debug/pygmy_string.o
 .debug_line    0x00001eb7      0x60b THUMB Debug/pygmy_sys.o
 .debug_line    0x000024c2      0x158 THUMB Debug/tsl2671x.o
 .debug_line    0x0000261a       0xf3 THUMB Debug/thumb_crt0.o
 .debug_line    0x0000270d      0x104 THUMB Debug/STM32_Startup.o
 .debug_line    0x00002811      0x330 /Applications/CrossWorks for ARM 2.3/lib/libm_v7m_t_le_eabi_small.a(libm2.o)
 .debug_line    0x00002b41      0x558 /Applications/CrossWorks for ARM 2.3/lib/libdebugio_v7m_t_le_eabi_small.a(libdebugio.o)
 .debug_line    0x00003099       0x78 /Applications/CrossWorks for ARM 2.3/lib/libc_user_libc_v7m_t_le_eabi_small.a(user_libc.o)

.debug_str      0x00000000     0x2687
 .debug_str     0x00000000      0x62f THUMB Debug/main.o
                                0x67d (size before relaxing)
 .debug_str     0x0000062f      0x4b0 THUMB Debug/pygmy_com.o
                                0x6f6 (size before relaxing)
 .debug_str     0x00000adf      0x13c THUMB Debug/pygmy_nvic.o
                                0x294 (size before relaxing)
 .debug_str     0x00000c1b      0x50f THUMB Debug/pygmy_port.o
                                0x8d3 (size before relaxing)
 .debug_str     0x0000112a       0x79 THUMB Debug/si7020.o
                                0x32c (size before relaxing)
 .debug_str     0x000011a3       0x71 THUMB Debug/eastrisingERC1602.o
                                0x272 (size before relaxing)
 .debug_str     0x00001214      0x80a THUMB Debug/pygmy_string.o
                                0xa64 (size before relaxing)
 .debug_str     0x00001a1e      0x5ae THUMB Debug/pygmy_sys.o
                                0xbfc (size before relaxing)
 .debug_str     0x00001fcc       0xa1 THUMB Debug/tsl2671x.o
                                0x25d (size before relaxing)
 .debug_str     0x0000206d      0x18d /Applications/CrossWorks for ARM 2.3/lib/libm_v7m_t_le_eabi_small.a(libm2.o)
                                0x216 (size before relaxing)
 .debug_str     0x000021fa      0x3b7 /Applications/CrossWorks for ARM 2.3/lib/libdebugio_v7m_t_le_eabi_small.a(libdebugio.o)
                                0x400 (size before relaxing)
 .debug_str     0x000025b1       0xd6 /Applications/CrossWorks for ARM 2.3/lib/libc_user_libc_v7m_t_le_eabi_small.a(user_libc.o)
                                0x11f (size before relaxing)

.comment        0x00000000       0x4e
 .comment       0x00000000       0x4e THUMB Debug/main.o
                                 0x4f (size before relaxing)
 .comment       0x00000000       0x4f THUMB Debug/pygmy_com.o
 .comment       0x00000000       0x4f THUMB Debug/pygmy_nvic.o
 .comment       0x00000000       0x4f THUMB Debug/pygmy_port.o
 .comment       0x00000000       0x4f THUMB Debug/si7020.o
 .comment       0x00000000       0x4f THUMB Debug/eastrisingERC1602.o
 .comment       0x00000000       0x4f THUMB Debug/pygmy_string.o
 .comment       0x00000000       0x4f THUMB Debug/pygmy_sys.o
 .comment       0x00000000       0x4f THUMB Debug/tsl2671x.o
 .comment       0x00000000       0x4f /Applications/CrossWorks for ARM 2.3/lib/libm_v7m_t_le_eabi_small.a(libm2.o)
 .comment       0x00000000       0x4f /Applications/CrossWorks for ARM 2.3/lib/libdebugio_v7m_t_le_eabi_small.a(libdebugio.o)
 .comment       0x00000000       0x4f /Applications/CrossWorks for ARM 2.3/lib/libc_user_libc_v7m_t_le_eabi_small.a(user_libc.o)

.ARM.attributes
                0x00000000       0x33
 .ARM.attributes
                0x00000000       0x33 THUMB Debug/main.o
 .ARM.attributes
                0x00000033       0x33 THUMB Debug/pygmy_com.o
 .ARM.attributes
                0x00000066       0x33 THUMB Debug/pygmy_nvic.o
 .ARM.attributes
                0x00000099       0x33 THUMB Debug/pygmy_port.o
 .ARM.attributes
                0x000000cc       0x33 THUMB Debug/si7020.o
 .ARM.attributes
                0x000000ff       0x33 THUMB Debug/eastrisingERC1602.o
 .ARM.attributes
                0x00000132       0x33 THUMB Debug/pygmy_string.o
 .ARM.attributes
                0x00000165       0x33 THUMB Debug/pygmy_sys.o
 .ARM.attributes
                0x00000198       0x33 THUMB Debug/tsl2671x.o
 .ARM.attributes
                0x000001cb       0x23 THUMB Debug/thumb_crt0.o
 .ARM.attributes
                0x000001ee       0x23 THUMB Debug/STM32_Startup.o
 .ARM.attributes
                0x00000211       0x1d /Applications/CrossWorks for ARM 2.3/lib/libm_v7m_t_le_eabi_small.a(libm_asm.o)
 .ARM.attributes
                0x0000022e       0x2d /Applications/CrossWorks for ARM 2.3/lib/libm_v7m_t_le_eabi_small.a(libm2.o)
 .ARM.attributes
                0x0000025b       0x1d /Applications/CrossWorks for ARM 2.3/lib/libc_v7m_t_le_eabi_small.a(libc_asm.o)
 .ARM.attributes
                0x00000278       0x1d /Applications/CrossWorks for ARM 2.3/lib/libc_v7m_t_le_eabi_small.a(libc2_asm.o)
 .ARM.attributes
                0x00000295       0x2d /Applications/CrossWorks for ARM 2.3/lib/libdebugio_v7m_t_le_eabi_small.a(libdebugio.o)
 .ARM.attributes
                0x000002c2       0x2d /Applications/CrossWorks for ARM 2.3/lib/libc_user_libc_v7m_t_le_eabi_small.a(user_libc.o)
